05-30 01:42:52.124   623   623 D lowmemorykiller: thrashing: 3% thrashing_limit: 30%
05-30 01:42:52.124   623   623 E lowmemorykiller: calc_zone_watermarks pgskip_deltas_val: 0 pgskip_deltas[PGSKIP_IDX(i++)]: 0
05-30 01:42:52.125   623   623 D lowmemorykiller: Not killing for medium pressure event polling check
05-30 01:42:52.129 29689 32442 D ConnectivityService: requestNetwork for uid/pid:10181/1454 activeRequest: null callbackRequest: 1750 [NetworkRequest [ REQUEST id=1751, [ Capabilities: INTERNET&NOT_RESTRICTED&TRUSTED&NOT_VCN_MANAGED Uid: 10181 RequestorUid: 10181 RequestorPkg: com.google.android.apps.walletnfcrel UnderlyingNetworks: Null] ]] callback flags: 0 order: 2147483647
05-30 01:42:52.131 29689 29937 D WifiNetworkFactory: got request NetworkRequest [ REQUEST id=1751, [ Capabilities: INTERNET&NOT_RESTRICTED&TRUSTED&NOT_VCN_MANAGED Uid: 10181 RequestorUid: 10181 RequestorPkg: com.google.android.apps.walletnfcrel UnderlyingNetworks: Null] ]
05-30 01:42:52.131 29689 29937 D UntrustedWifiNetworkFactory: got request NetworkRequest [ REQUEST id=1751, [ Capabilities: INTERNET&NOT_RESTRICTED&TRUSTED&NOT_VCN_MANAGED Uid: 10181 RequestorUid: 10181 RequestorPkg: com.google.android.apps.walletnfcrel UnderlyingNetworks: Null] ]
05-30 01:42:52.131 29689 29937 D OemPaidWifiNetworkFactory: got request NetworkRequest [ REQUEST id=1751, [ Capabilities: INTERNET&NOT_RESTRICTED&TRUSTED&NOT_VCN_MANAGED Uid: 10181 RequestorUid: 10181 RequestorPkg: com.google.android.apps.walletnfcrel UnderlyingNetworks: Null] ]
05-30 01:42:52.131 29689 29937 D MultiInternetWifiNetworkFactory: got request NetworkRequest [ REQUEST id=1751, [ Capabilities: INTERNET&NOT_RESTRICTED&TRUSTED&NOT_VCN_MANAGED Uid: 10181 RequestorUid: 10181 RequestorPkg: com.google.android.apps.walletnfcrel UnderlyingNetworks: Null] ]
05-30 01:42:52.132 29689 29947 D ConnectivityService: NetReassign [1751 : null → 102] [c 1] [a 0] [i 2]
05-30 01:42:52.137  1454  1800 D CompatibilityChangeReporter: Compat change id reported: 263076149; UID 10181; state: ENABLED
05-30 01:42:52.141 31259 31288 I MdiSyncModule: (REDACTED) Receiving API connection from package '%s'...
05-30 01:42:52.154 29689 29790 W SearchableInfo: Invalid searchable metadata for com.instagram.android/com.instagram.direct.appwidget.DirectRecipientSearchActivity: Search label must be a resource reference.
05-30 01:42:52.170 31259 31288 I MdiSyncModule: API connection successful!
05-30 01:42:52.172 31259 17315 I MdiSyncModule: (REDACTED) Receiving API connection from package '%s'...
05-30 01:42:52.173 31259 17315 I MdiSyncModule: API connection successful!
05-30 01:42:52.176 29689 32442 D NtAmDebugConfig: checkNtSkipFreezing app=com.google.android.apps.kids.familylink focused=com.dracul.notes
05-30 01:42:52.180  1454  1717 I PhenotypeRegistrationTa: Phenotype registration completed
05-30 01:42:52.182 29689 29791 D NtAmDebugConfig: checkNtSkipFreezing app=com.xiaomi.smarthome focused=com.dracul.notes
05-30 01:42:52.182 29689 29791 D NtAmDebugConfig: checkNtSkipFreezing app=com.xiaomi.smarthome focused=com.dracul.notes
05-30 01:42:52.184 31520  4052 W SQLiteLog: (28) double-quoted string literal: "com.dracul.notes"
05-30 01:42:52.186 29689 32442 D NtAmDebugConfig: checkNtSkipFreezing app=com.xiaomi.smarthome focused=com.dracul.notes
05-30 01:42:52.189 29689 29793 I libprocessgroup: Successfully killed process cgroup uid 10103 pid 29476 in 11ms
05-30 01:42:52.205 29568 29568 D Zygote  : Forked child process 1945
05-30 01:42:52.206 30471 30578 I NTWidget-: Ensure service valid cost time = 0, checkResult = true
05-30 01:42:52.206  1454  1935 I FirebaseApp: Device unlocked: initializing all Firebase APIs for app CHIME_ANDROID_SDK
05-30 01:42:52.206 31716  1600 I NTWidget-CardWidgetService: getInstalledCardWithLevel, pkgName = com.dracul.notes, apiLevel = 7
05-30 01:42:52.207 31716  1600 I NTWidget-CardWidgetService: Scan work is over,allow query data.
05-30 01:42:52.217  1521  1521 D FirebaseSessions: Registering Sessions SDK subscriber with name: PERFORMANCE, data collection enabled: false
05-30 01:42:52.218  1521  1521 I FirebaseInitProvider: FirebaseApp initialization successful
05-30 01:42:52.219  1521  1919 D FirebaseSessions: Data Collection is enabled for at least one Subscriber
05-30 01:42:52.219  1521  1919 D FirebaseSessions: Sessions SDK disabled. Events will not be sent.
05-30 01:42:52.222  2408  2409 I android.hardware.thermal@2.0-service.qti: uevent triggered for sensor: quiet-therm-usr
05-30 01:42:52.222  2408  2409 I android.hardware.thermal@2.0-service.qti: uevent triggered for sensor: quiet-therm-usr
05-30 01:42:52.225   623   623 D lowmemorykiller: medium pressure event polling check
05-30 01:42:52.226   623   623 D lowmemorykiller: nr_free_pages: 19697 nr_inactive_file: 536662 nr_active_file: 214797 workingset_refault: 1463348541 pgrefill: 833859552 pgscan_kswapd: 2463437451 pgscan_direct: 11793505 pgscan_direct_throttle: 0 init_pgscan_direct: 11793505 init_pgscan_kswapd: 2463437451 base_file_lru: 735261 init_ws_refault: 1463320566 free_swap: 664985 total_swap: 1048575 swap_free_percentage: 63%
05-30 01:42:52.226   623   623 E lowmemorykiller: calc_zone_watermarks pgskip_deltas_val: 0 pgskip_deltas[PGSKIP_IDX(i++)]: 0
05-30 01:42:52.226   623   623 D lowmemorykiller: Not killing for medium pressure event polling check
05-30 01:42:52.228  1521  1926 D libcrashlytics: Initializing libcrashlytics version 3.2.0
05-30 01:42:52.237  1945  1945 I ex.iot:passport: Using CollectorTypeCC GC.
05-30 01:42:52.244 29568 29568 I Zygote  : Process 29476 exited due to signal 9 (Killed)
05-30 01:42:52.247 31259 31288 I MdiSyncModule: (REDACTED) Receiving API connection from package '%s'...
05-30 01:42:52.248  1521  1942 E twitter.android: No package ID 79 found for resource ID 0x790b0007.
05-30 01:42:52.249 31259 31288 I MdiSyncModule: API connection successful!
05-30 01:42:52.249  1521  1942 E twitter.android: No package ID 79 found for resource ID 0x790b0007.
05-30 01:42:52.249  1521  1963 W ziparchive: Unable to open '/system/framework/QXPerformance.dm': No such file or directory
05-30 01:42:52.249  1521  1963 W ziparchive: Unable to open '/system/framework/QXPerformance.dm': No such file or directory
05-30 01:42:52.253  1945  1945 E ex.iot:passport: Not starting debugger since process cannot load the jdwp agent.
05-30 01:42:52.259  1521  1942 I FA      : App measurement initialized, version: 94007
05-30 01:42:52.259  1521  1942 I FA      : To enable debug logging run: adb shell setprop log.tag.FA VERBOSE
05-30 01:42:52.261  1521  1942 I FA      : To enable faster debug mode event logging run:
05-30 01:42:52.261  1521  1942 I FA      :   adb shell setprop debug.firebase.analytics.app com.twitter.android
05-30 01:42:52.266 29689 29715 D CompatibilityInfo: mCompatibilityFlags - 0
05-30 01:42:52.266 29689 29715 D CompatibilityInfo: applicationDensity - 420
05-30 01:42:52.266 29689 29715 D CompatibilityInfo: applicationScale - 1.0
05-30 01:42:52.277  1454  1927 E ps.walletnfcrel: No package ID 79 found for resource ID 0x790b0007.
05-30 01:42:52.278  1454  1745 I BackgroundTaskManagerIm: Executing task PHENOTYPE_COMMIT.refresh with SEQUENTIAL execution policy.
05-30 01:42:52.279  1454  1927 E ps.walletnfcrel: No package ID 79 found for resource ID 0x790b0007.
05-30 01:42:52.279 31259 17315 I MdiSyncModule: (REDACTED) Receiving API connection from package '%s'...
05-30 01:42:52.282  1945  1945 D CompatibilityChangeReporter: Compat change id reported: 171979766; UID 10247; state: ENABLED
05-30 01:42:52.283  1945  1945 D CompatibilityChangeReporter: Compat change id reported: 242716250; UID 10247; state: ENABLED
05-30 01:42:52.285  1454  1927 I FA      : App measurement initialized, version: 94007
05-30 01:42:52.285  1454  1927 I FA      : To enable debug logging run: adb shell setprop log.tag.FA VERBOSE
05-30 01:42:52.285  1454  1927 I FA      : To enable faster debug mode event logging run:
05-30 01:42:52.285  1454  1927 I FA      :   adb shell setprop debug.firebase.analytics.app com.google.android.apps.walletnfcrel
05-30 01:42:52.288 31259 17315 I MdiSyncModule: API connection successful!
05-30 01:42:52.295 30471 30578 I NTWidget-: Ensure service valid cost time = 0, checkResult = true
05-30 01:42:52.295 31716  1600 I NTWidget-CardWidgetService: getInstalledCardWithLevel, pkgName = com.nothing.cardservice, apiLevel = 7
05-30 01:42:52.295 31716  1600 I NTWidget-CardWidgetService: Scan work is over,allow query data.
05-30 01:42:52.301  1521  1926 D libcrashlytics: Initializing native crash handling successful.
05-30 01:42:52.303  1454  1898 I WM-WorkerWrapper: Worker result SUCCESS for Work [ id=2ff08514-9c18-47f0-8abe-bf9668984c2b, tags={ com.google.android.apps.wallet.infrastructure.chime.registration.ChimeRegistrationWorker,ChimeRegImmediate } ]
05-30 01:42:52.305  1521  1955 D nativeloader: Configuring clns-7 for other apk /system/framework/com.android.media.remotedisplay.jar. target_sdk_version=34, uses_libraries=ALL, library_path=/data/app/~~IP5W9D4ed-szvQPFRcC0nQ==/com.google.android.gms-yV8n72sT6SmfBriAQal-WA==/lib/arm64:/data/app/~~IP5W9D4ed-szvQPFRcC0nQ==/com.google.android.gms-yV8n72sT6SmfBriAQal-WA==/base.apk!/lib/arm64-v8a, permitted_path=/data:/mnt/expand:/data/user/0/com.google.android.gms
05-30 01:42:52.305  1521  1955 D nativeloader: Extending system_exposed_libraries: libbinauralrenderer_wrapper.qti.so:libhoaeffects.qti.so:libQOC.qti.so:libupdateprof.qti.so:libthermalclient.qti.so:libQOC.qti.so:libdiag_system.qti.so:libqape.qti.so:libqesdk_ndk_platform.qti.so:liblistenjni.qti.so
05-30 01:42:52.311 31699  1984 D ProfileInstaller: Installing profile for com.dracul.baselineprofile
05-30 01:42:52.314  1521  1955 D nativeloader: Configuring clns-8 for other apk /system/framework/com.android.location.provider.jar. target_sdk_version=34, uses_libraries=ALL, library_path=/data/app/~~IP5W9D4ed-szvQPFRcC0nQ==/com.google.android.gms-yV8n72sT6SmfBriAQal-WA==/lib/arm64:/data/app/~~IP5W9D4ed-szvQPFRcC0nQ==/com.google.android.gms-yV8n72sT6SmfBriAQal-WA==/base.apk!/lib/arm64-v8a, permitted_path=/data:/mnt/expand:/data/user/0/com.google.android.gms
05-30 01:42:52.314  1521  1955 D nativeloader: Extending system_exposed_libraries: libbinauralrenderer_wrapper.qti.so:libhoaeffects.qti.so:libQOC.qti.so:libupdateprof.qti.so:libthermalclient.qti.so:libQOC.qti.so:libdiag_system.qti.so:libqape.qti.so:libqesdk_ndk_platform.qti.so:liblistenjni.qti.so
05-30 01:42:52.320  1521  1955 D nativeloader: Configuring clns-9 for other apk /data/app/~~IP5W9D4ed-szvQPFRcC0nQ==/com.google.android.gms-yV8n72sT6SmfBriAQal-WA==/base.apk. target_sdk_version=34, uses_libraries=, library_path=/data/app/~~IP5W9D4ed-szvQPFRcC0nQ==/com.google.android.gms-yV8n72sT6SmfBriAQal-WA==/lib/arm64:/data/app/~~IP5W9D4ed-szvQPFRcC0nQ==/com.google.android.gms-yV8n72sT6SmfBriAQal-WA==/base.apk!/lib/arm64-v8a, permitted_path=/data:/mnt/expand:/data/user/0/com.google.android.gms
05-30 01:42:52.323  8092  8092 D GassService: onBind: Intent { act=app.revanced.android.gms.gass.START pkg=app.revanced.android.gms }
05-30 01:42:52.324   623   623 D lowmemorykiller: medium pressure event polling check
05-30 01:42:52.325   623   623 D lowmemorykiller: nr_free_pages: 21705 nr_inactive_file: 535632 nr_active_file: 215967 workingset_refault: 1463350296 pgrefill: 833861195 pgscan_kswapd: 2463441316 pgscan_direct: 11793505 pgscan_direct_throttle: 0 init_pgscan_direct: 11793505 init_pgscan_kswapd: 2463437451 base_file_lru: 751459 init_ws_refault: 1463348541 free_swap: 665022 total_swap: 1048575 swap_free_percentage: 63%
05-30 01:42:52.325   623   623 D lowmemorykiller: thrashing: 0% thrashing_limit: 30%
05-30 01:42:52.325   623   623 E lowmemorykiller: calc_zone_watermarks pgskip_deltas_val: 0 pgskip_deltas[PGSKIP_IDX(i++)]: 0
05-30 01:42:52.325   623   623 D lowmemorykiller: Not killing for medium pressure event polling check
05-30 01:42:52.327  1945  1945 D nativeloader: Configuring clns-4 for other apk /system/framework/org.apache.http.legacy.jar. target_sdk_version=34, uses_libraries=ALL, library_path=/data/app/~~WGnv1Dj7SUTawtRurp-A0g==/com.yandex.iot-xisVGDJwicsNJ5Vr4E-zWA==/lib/arm64:/data/app/~~WGnv1Dj7SUTawtRurp-A0g==/com.yandex.iot-xisVGDJwicsNJ5Vr4E-zWA==/base.apk!/lib/arm64-v8a:/data/app/~~WGnv1Dj7SUTawtRurp-A0g==/com.yandex.iot-xisVGDJwicsNJ5Vr4E-zWA==/split_config.arm64_v8a.apk!/lib/arm64-v8a:/data/app/~~WGnv1Dj7SUTawtRurp-A0g==/com.yandex.iot-xisVGDJwicsNJ5Vr4E-zWA==/split_config.en.apk!/lib/arm64-v8a:/data/app/~~WGnv1Dj7SUTawtRurp-A0g==/com.yandex.iot-xisVGDJwicsNJ5Vr4E-zWA==/split_config.xxhdpi.apk!/lib/arm64-v8a, permitted_path=/data:/mnt/expand:/data/user/0/com.yandex.iot
05-30 01:42:52.328  1945  1945 D nativeloader: Extending system_exposed_libraries: libbinauralrenderer_wrapper.qti.so:libhoaeffects.qti.so:libQOC.qti.so:libupdateprof.qti.so:libthermalclient.qti.so:libQOC.qti.so:libdiag_system.qti.so:libqape.qti.so:libqesdk_ndk_platform.qti.so:liblistenjni.qti.so
05-30 01:42:52.328  8092  8106 D GassService: bound by: GetServiceRequest{serviceId=GASS, gmsVersion=241002000, packageName='app.revanced.android.youtube', extras=Bundle[{}]}
05-30 01:42:52.330  8092  8106 D GassService: GassServiceImpl getGassResponse is Called
05-30 01:42:52.331  1454  1914 I GnpSdk  : Finished Broadcast execution [1].
05-30 01:42:52.332 29689 32442 D NtAmDebugConfig: checkNtSkipFreezing app=com.google.android.apps.walletnfcrel focused=com.dracul.notes
05-30 01:42:52.333 31259 17315 I MdiSyncModule: (REDACTED) Receiving API connection from package '%s'...
05-30 01:42:52.335 31259 17315 I MdiSyncModule: API connection successful!
05-30 01:42:52.342  1521  1926 I FirebaseCrashlytics: No version control information found
05-30 01:42:52.349  1521  1955 I DynamiteModule: Considering local module com.google.android.gms.ads.dynamite:0 and remote module com.google.android.gms.ads.dynamite:241199801
05-30 01:42:52.349  1521  1955 I DynamiteModule: Selected remote version of com.google.android.gms.ads.dynamite, version >= 241199801
05-30 01:42:52.349  1521  1955 V DynamiteModule: Dynamite loader version >= 2, using loadModule2NoCrashUtils
05-30 01:42:52.355 29568 29568 D Zygote  : Forked child process 2042
05-30 01:42:52.360 29689 29793 I libprocessgroup: Successfully killed process cgroup uid 10137 pid 28832 in 19ms
05-30 01:42:52.365 29689 29711 I system_server: Background concurrent copying GC freed 2208795(78MB) AllocSpace objects, 37(1552KB) LOS objects, 58% free, 68MB/164MB, paused 1.375ms,187us total 281.474ms
05-30 01:42:52.374 30471 30578 D ModelWriter: removing items from db . Reason: [removed because the corresponding component is hidden]
05-30 01:42:52.382  2042  2042 I ndroid:passport: Using CollectorTypeCC GC.
05-30 01:42:52.387  2042  2042 E ndroid:passport: Not starting debugger since process cannot load the jdwp agent.
05-30 01:42:52.395 29689 32443 D CompatibilityInfo: mCompatibilityFlags - 0
05-30 01:42:52.395 29689 32443 D CompatibilityInfo: applicationDensity - 420
05-30 01:42:52.395 29689 32443 D CompatibilityInfo: applicationScale - 1.0
05-30 01:42:52.399 29689 29713 W System  : A resource failed to call HardwareBuffer.close.
05-30 01:42:52.400  1521  1926 D CompatibilityChangeReporter: Compat change id reported: 247079863; UID 10283; state: DISABLED
05-30 01:42:52.401 29689 29713 W System  : A resource failed to call release.
05-30 01:42:52.406 29689  2704 D NtAmDebugConfig: checkNtSkipFreezing app=com.google.process.gservices focused=com.dracul.notes
05-30 01:42:52.406 29237 29531 I NTWidget-Client: Receive method call: actionRefresh, widgetId = 8
05-30 01:42:52.406 29689  2704 D NtAmDebugConfig: checkNtSkipFreezing app=com.google.android.apps.subscriptions.red focused=com.dracul.notes
05-30 01:42:52.406 29237 29237 I NTWidget-Client: Call handleCardRefresh, target method = onHostViewStopped
05-30 01:42:52.411 29238 29265 I NTWidget-Client: Receive method call: actionRefresh, widgetId = 6
05-30 01:42:52.411 29238 29238 I NTWidget-Client: Call handleCardRefresh, target method = onHostViewStopped
05-30 01:42:52.417 29689 29947 D ConnectivityService: releasing NetworkRequest [ REQUEST id=1689, [ Capabilities: INTERNET&NOT_RESTRICTED&TRUSTED&NOT_VCN_MANAGED Uid: 10137 RequestorUid: 10137 RequestorPkg: com.google.android.apps.photos UnderlyingNetworks: Null] ] (release request)
05-30 01:42:52.420 30204 30863 W HeadsetService: LE Audio not enabled
05-30 01:42:52.423 29689 29793 I libprocessgroup: Successfully killed process cgroup uid 10312 pid 28323 in 0ms
05-30 01:42:52.424  2042  2042 D CompatibilityChangeReporter: Compat change id reported: 171979766; UID 10336; state: ENABLED
05-30 01:42:52.425  2042  2042 D CompatibilityChangeReporter: Compat change id reported: 242716250; UID 10336; state: ENABLED
05-30 01:42:52.432 29568 29568 D Zygote  : Forked child process 2079
05-30 01:42:52.433 29568 29568 I Zygote  : Process 28832 exited due to signal 9 (Killed)
05-30 01:42:52.440 29689 29790 W SearchableInfo: Invalid searchable metadata for com.instagram.android/com.instagram.direct.appwidget.DirectRecipientSearchActivity: Search label must be a resource reference.
05-30 01:42:52.445  2079  2079 I client:passport: Using CollectorTypeCC GC.
05-30 01:42:52.448  2079  2079 E client:passport: Not starting debugger since process cannot load the jdwp agent.
05-30 01:42:52.455 29689 31979 D CompatibilityInfo: mCompatibilityFlags - 0
05-30 01:42:52.455 29689 31979 D CompatibilityInfo: applicationDensity - 420
05-30 01:42:52.455 29689 31979 D CompatibilityInfo: applicationScale - 1.0
05-30 01:42:52.457  1521  2067 W twitter.android: Accessing hidden method Landroid/telephony/SignalStrength;->getLteRssnr()I (max-target-p, reflection, denied)
05-30 01:42:52.462 29568 29568 I Zygote  : Process 28323 exited due to signal 9 (Killed)
05-30 01:42:52.466 29689 29793 I libprocessgroup: Successfully killed process cgroup uid 10136 pid 31294 in 0ms
05-30 01:42:52.472   623   623 D lowmemorykiller: medium pressure event triggered
05-30 01:42:52.472  2042  2042 D nativeloader: Configuring clns-4 for other apk /system/framework/org.apache.http.legacy.jar. target_sdk_version=34, uses_libraries=ALL, library_path=/data/app/~~-XhXlBrDavEolWm4tKk6Lg==/ru.beru.android-cYjjwFwrky7ue8Htojvxig==/lib/arm64:/data/app/~~-XhXlBrDavEolWm4tKk6Lg==/ru.beru.android-cYjjwFwrky7ue8Htojvxig==/base.apk!/lib/arm64-v8a:/data/app/~~-XhXlBrDavEolWm4tKk6Lg==/ru.beru.android-cYjjwFwrky7ue8Htojvxig==/split_config.arm64_v8a.apk!/lib/arm64-v8a:/data/app/~~-XhXlBrDavEolWm4tKk6Lg==/ru.beru.android-cYjjwFwrky7ue8Htojvxig==/split_config.en.apk!/lib/arm64-v8a:/data/app/~~-XhXlBrDavEolWm4tKk6Lg==/ru.beru.android-cYjjwFwrky7ue8Htojvxig==/split_config.xxhdpi.apk!/lib/arm64-v8a, permitted_path=/data:/mnt/expand:/data/user/0/ru.beru.android
05-30 01:42:52.472  2042  2042 D nativeloader: Extending system_exposed_libraries: libbinauralrenderer_wrapper.qti.so:libhoaeffects.qti.so:libQOC.qti.so:libupdateprof.qti.so:libthermalclient.qti.so:libQOC.qti.so:libdiag_system.qti.so:libqape.qti.so:libqesdk_ndk_platform.qti.so:liblistenjni.qti.so
05-30 01:42:52.472   623   623 D lowmemorykiller: nr_free_pages: 40550 nr_inactive_file: 541750 nr_active_file: 217793 workingset_refault: 1463358969 pgrefill: 833861583 pgscan_kswapd: 2463442719 pgscan_direct: 11793505 pgscan_direct_throttle: 0 init_pgscan_direct: 11793505 init_pgscan_kswapd: 2463441316 base_file_lru: 751459 init_ws_refault: 1463348541 free_swap: 665022 total_swap: 1048575 swap_free_percentage: 63%
05-30 01:42:52.472   623   623 D lowmemorykiller: thrashing: 1% thrashing_limit: 30%
05-30 01:42:52.472   623   623 E lowmemorykiller: calc_zone_watermarks pgskip_deltas_val: 0 pgskip_deltas[PGSKIP_IDX(i++)]: 0
05-30 01:42:52.472   623   623 D lowmemorykiller: Not killing for medium pressure event trigger
05-30 01:42:52.491  2079  2079 D CompatibilityChangeReporter: Compat change id reported: 171979766; UID 10305; state: ENABLED
05-30 01:42:52.491  2079  2079 D CompatibilityChangeReporter: Compat change id reported: 242716250; UID 10305; state: DISABLED
05-30 01:42:52.494  1945  1945 W ziparchive: Unable to open '/data/app/~~WGnv1Dj7SUTawtRurp-A0g==/com.yandex.iot-xisVGDJwicsNJ5Vr4E-zWA==/split_config.arm64_v8a.dm': No such file or directory
05-30 01:42:52.495  1945  1945 W ziparchive: Unable to open '/data/app/~~WGnv1Dj7SUTawtRurp-A0g==/com.yandex.iot-xisVGDJwicsNJ5Vr4E-zWA==/split_config.arm64_v8a.dm': No such file or directory
05-30 01:42:52.496  1945  1945 W ex.iot:passport: Entry not found
05-30 01:42:52.496   623   623 D lowmemorykiller: medium pressure event polling check
05-30 01:42:52.496   623   623 D lowmemorykiller: nr_free_pages: 38337 nr_inactive_file: 543728 nr_active_file: 217873 workingset_refault: 1463360910 pgrefill: 833861583 pgscan_kswapd: 2463442719 pgscan_direct: 11793505 pgscan_direct_throttle: 0 init_pgscan_direct: 11793505 init_pgscan_kswapd: 2463442719 base_file_lru: 751459 init_ws_refault: 1463348541 free_swap: 665022 total_swap: 1048575 swap_free_percentage: 63%
05-30 01:42:52.496   623   623 D lowmemorykiller: thrashing: 1% thrashing_limit: 30%
05-30 01:42:52.497   623   623 E lowmemorykiller: calc_zone_watermarks pgskip_deltas_val: 0 pgskip_deltas[PGSKIP_IDX(i++)]: 0
05-30 01:42:52.497   623   623 D lowmemorykiller: Not killing for medium pressure event polling check
05-30 01:42:52.498  1945  1945 W ziparchive: Unable to open '/data/app/~~WGnv1Dj7SUTawtRurp-A0g==/com.yandex.iot-xisVGDJwicsNJ5Vr4E-zWA==/split_config.en.dm': No such file or directory
05-30 01:42:52.499  1945  1945 W ziparchive: Unable to open '/data/app/~~WGnv1Dj7SUTawtRurp-A0g==/com.yandex.iot-xisVGDJwicsNJ5Vr4E-zWA==/split_config.en.dm': No such file or directory
05-30 01:42:52.500  1945  1945 W ex.iot:passport: Entry not found
05-30 01:42:52.502  1945  1945 W ziparchive: Unable to open '/data/app/~~WGnv1Dj7SUTawtRurp-A0g==/com.yandex.iot-xisVGDJwicsNJ5Vr4E-zWA==/split_config.xxhdpi.dm': No such file or directory
05-30 01:42:52.502  1945  1945 W ziparchive: Unable to open '/data/app/~~WGnv1Dj7SUTawtRurp-A0g==/com.yandex.iot-xisVGDJwicsNJ5Vr4E-zWA==/split_config.xxhdpi.dm': No such file or directory
05-30 01:42:52.504  1945  1945 W ex.iot:passport: Entry not found
05-30 01:42:52.508  1521  2076 D WM-PackageManagerHelper: Skipping component enablement for androidx.work.impl.background.systemjob.SystemJobService
05-30 01:42:52.509  1521  2076 D WM-Schedulers: Created SystemJobScheduler and enabled SystemJobService
05-30 01:42:52.509  1945  1945 D nativeloader: Configuring clns-5 for other apk /data/app/~~WGnv1Dj7SUTawtRurp-A0g==/com.yandex.iot-xisVGDJwicsNJ5Vr4E-zWA==/base.apk:/data/app/~~WGnv1Dj7SUTawtRurp-A0g==/com.yandex.iot-xisVGDJwicsNJ5Vr4E-zWA==/split_config.arm64_v8a.apk:/data/app/~~WGnv1Dj7SUTawtRurp-A0g==/com.yandex.iot-xisVGDJwicsNJ5Vr4E-zWA==/split_config.en.apk:/data/app/~~WGnv1Dj7SUTawtRurp-A0g==/com.yandex.iot-xisVGDJwicsNJ5Vr4E-zWA==/split_config.xxhdpi.apk. target_sdk_version=34, uses_libraries=, library_path=/data/app/~~WGnv1Dj7SUTawtRurp-A0g==/com.yandex.iot-xisVGDJwicsNJ5Vr4E-zWA==/lib/arm64:/data/app/~~WGnv1Dj7SUTawtRurp-A0g==/com.yandex.iot-xisVGDJwicsNJ5Vr4E-zWA==/base.apk!/lib/arm64-v8a:/data/app/~~WGnv1Dj7SUTawtRurp-A0g==/com.yandex.iot-xisVGDJwicsNJ5Vr4E-zWA==/split_config.arm64_v8a.apk!/lib/arm64-v8a:/data/app/~~WGnv1Dj7SUTawtRurp-A0g==/com.yandex.iot-xisVGDJwicsNJ5Vr4E-zWA==/split_config.en.apk!/lib/arm64-v8a:/data/app/~~WGnv1Dj7SUTawtRurp-A0g==/com.yandex.iot-xisVGDJwicsNJ5Vr4E-zWA==/split_config.xxhdpi.apk!/lib/arm64-v8a, permitted_pa
05-30 01:42:52.509  2079  2079 D nativeloader: Configuring clns-4 for other apk /system/framework/org.apache.http.legacy.jar. target_sdk_version=33, uses_libraries=ALL, library_path=/data/app/~~OTHK6HKLc-Td13rhlQXN1Q==/ru.foodfox.client-grtZluKgT9A6Q_7JdYpIgA==/lib/arm64:/data/app/~~OTHK6HKLc-Td13rhlQXN1Q==/ru.foodfox.client-grtZluKgT9A6Q_7JdYpIgA==/base.apk!/lib/arm64-v8a:/data/app/~~OTHK6HKLc-Td13rhlQXN1Q==/ru.foodfox.client-grtZluKgT9A6Q_7JdYpIgA==/split_config.arm64_v8a.apk!/lib/arm64-v8a:/data/app/~~OTHK6HKLc-Td13rhlQXN1Q==/ru.foodfox.client-grtZluKgT9A6Q_7JdYpIgA==/split_config.en.apk!/lib/arm64-v8a:/data/app/~~OTHK6HKLc-Td13rhlQXN1Q==/ru.foodfox.client-grtZluKgT9A6Q_7JdYpIgA==/split_config.xxhdpi.apk!/lib/arm64-v8a, permitted_path=/data:/mnt/expand:/data/user/0/ru.foodfox.client
05-30 01:42:52.509  2079  2079 D nativeloader: Extending system_exposed_libraries: libbinauralrenderer_wrapper.qti.so:libhoaeffects.qti.so:libQOC.qti.so:libupdateprof.qti.so:libthermalclient.qti.so:libQOC.qti.so:libdiag_system.qti.so:libqape.qti.so:libqesdk_ndk_platform.qti.so:liblistenjni.qti.so
05-30 01:42:52.515 29568 29568 D Zygote  : Forked child process 2148
05-30 01:42:52.527  2148  2148 I libc    : SetHeapTaggingLevel: tag level set to 0
05-30 01:42:52.532  2148  2148 I ome:pushservice: Using CollectorTypeCC GC.
05-30 01:42:52.537 29689 30479 D NtAmDebugConfig: checkNtSkipFreezing app=com.twitter.android focused=com.dracul.notes
05-30 01:42:52.537  1521  1521 I Choreographer: Skipped 34 frames!  The application may be doing too much work on its main thread.
05-30 01:42:52.537  2148  2148 E ome:pushservice: Not starting debugger since process cannot load the jdwp agent.
05-30 01:42:52.545 29689 30479 D CompatibilityInfo: mCompatibilityFlags - 0
05-30 01:42:52.545 29689 30479 D CompatibilityInfo: applicationDensity - 420
05-30 01:42:52.545 29689 30479 D CompatibilityInfo: applicationScale - 1.0
05-30 01:42:52.552 29568 29568 D Zygote  : Forked child process 2181
05-30 01:42:52.553  1945  1945 I Perf    : Connecting to perf service.
05-30 01:42:52.558  2148  2148 D CompatibilityChangeReporter: Compat change id reported: 171979766; UID 10246; state: ENABLED
05-30 01:42:52.558  2148  2148 D CompatibilityChangeReporter: Compat change id reported: 242716250; UID 10246; state: DISABLED
05-30 01:42:52.562  2181  2181 I opoisk:passport: Using CollectorTypeCC GC.
05-30 01:42:52.564  2181  2181 E opoisk:passport: Not starting debugger since process cannot load the jdwp agent.
05-30 01:42:52.569  1945  1945 V GraphicsEnvironment: Currently set values for:
05-30 01:42:52.569  1945  1945 V GraphicsEnvironment:   angle_gl_driver_selection_pkgs=[]
05-30 01:42:52.569  1945  1945 V GraphicsEnvironment:   angle_gl_driver_selection_values=[]
05-30 01:42:52.570  1945  1945 V GraphicsEnvironment: ANGLE GameManagerService for com.yandex.iot: false
05-30 01:42:52.570  1945  1945 V GraphicsEnvironment: com.yandex.iot is not listed in per-application setting
05-30 01:42:52.570  1945  1945 V GraphicsEnvironment: Updatable production driver is not supported on the device.
05-30 01:42:52.571 29689 30479 D CompatibilityInfo: mCompatibilityFlags - 0
05-30 01:42:52.571 29689 30479 D CompatibilityInfo: applicationDensity - 420
05-30 01:42:52.571 29689 30479 D CompatibilityInfo: applicationScale - 1.0
05-30 01:42:52.573  1521  2146 D CompatibilityChangeReporter: Compat change id reported: 160794467; UID 10283; state: ENABLED
05-30 01:42:52.576 29689 29947 D ConnectivityService: releasing NetworkRequest [ REQUEST id=1732, [ Capabilities: INTERNET&NOT_RESTRICTED&TRUSTED&NOT_VCN_MANAGED Uid: 10136 RequestorUid: 10136 RequestorPkg: com.google.android.apps.maps UnderlyingNetworks: Null] ] (release request)
05-30 01:42:52.579 30651 30651 D BoundBrokerSvc: onUnbind: Intent { act=com.google.android.gms.clearcut.bootcount.service.START pkg=com.google.android.gms }
05-30 01:42:52.579 32181 32181 I GH.CAR  : onDestroy
05-30 01:42:52.580 32181 32181 I GH.CAR  : tearDown()
05-30 01:42:52.580 32181 32181 I GH.CarService: tearDown()
05-30 01:42:52.580 32181 32181 I GH.DelegateMngCarSvc: tearDown()
05-30 01:42:52.583 29568 29568 I Zygote  : Process 31294 exited due to signal 9 (Killed)
05-30 01:42:52.583 29689   911 D NtAmDebugConfig: checkNtSkipFreezing app=com.google.android.projection.gearhead:car focused=com.dracul.notes
05-30 01:42:52.583 29689   911 D NtAmDebugConfig: checkNtSkipFreezing app=com.google.process.gservices focused=com.dracul.notes
05-30 01:42:52.585 29689 29793 I libprocessgroup: Successfully killed process cgroup uid 10100 pid 31656 in 0ms
05-30 01:42:52.596   623   623 D lowmemorykiller: medium pressure event polling check
05-30 01:42:52.596   623   623 D lowmemorykiller: nr_free_pages: 38050 nr_inactive_file: 547864 nr_active_file: 218734 workingset_refault: 1463365826 pgrefill: 833861583 pgscan_kswapd: 2463442719 pgscan_direct: 11793505 pgscan_direct_throttle: 0 init_pgscan_direct: 11793505 init_pgscan_kswapd: 2463442719 base_file_lru: 751459 init_ws_refault: 1463348541 free_swap: 665022 total_swap: 1048575 swap_free_percentage: 63%
05-30 01:42:52.596   623   623 D lowmemorykiller: thrashing: 2% thrashing_limit: 30%
05-30 01:42:52.596   623   623 E lowmemorykiller: calc_zone_watermarks pgskip_deltas_val: 0 pgskip_deltas[PGSKIP_IDX(i++)]: 0
05-30 01:42:52.596   623   623 D lowmemorykiller: Not killing for medium pressure event polling check
05-30 01:42:52.598  1521  1521 I PlayCore: UID: [10283]  PID: [1521] StandardIntegrity : warmUpIntegrityToken(49625052041)
05-30 01:42:52.599  2181  2181 D CompatibilityChangeReporter: Compat change id reported: 171979766; UID 10165; state: ENABLED
05-30 01:42:52.600  2181  2181 D CompatibilityChangeReporter: Compat change id reported: 242716250; UID 10165; state: DISABLED
05-30 01:42:52.601  1521  1521 D CompatibilityChangeReporter: Compat change id reported: 147600208; UID 10283; state: ENABLED
05-30 01:42:52.605  1521  2265 I PlayCore: UID: [10283]  PID: [1521] StandardIntegrity : Initiate binding to the service.
05-30 01:42:52.621  1521  1521 I PlayCore: UID: [10283]  PID: [1521] StandardIntegrity : ServiceConnectionImpl.onServiceConnected(ComponentInfo{com.android.vending/com.google.android.finsky.expressintegrityservice.ExpressIntegrityService})
05-30 01:42:52.632  1521  2265 I PlayCore: UID: [10283]  PID: [1521] StandardIntegrity : linkToDeath
05-30 01:42:52.646  1945  1945 D CompatibilityChangeReporter: Compat change id reported: 263076149; UID 10247; state: ENABLED
05-30 01:42:52.646  1945  1945 D CompatibilityChangeReporter: Compat change id reported: 183155436; UID 10247; state: ENABLED
05-30 01:42:52.656  2148  2148 D nativeloader: Configuring clns-4 for other apk /system/framework/org.apache.http.legacy.jar. target_sdk_version=33, uses_libraries=ALL, library_path=/data/app/~~8x6sUl86cGlIMUZmcJwHvg==/com.xiaomi.smarthome-HMQfaWZmcoasVK7udEuDoA==/lib/arm64:/data/app/~~8x6sUl86cGlIMUZmcJwHvg==/com.xiaomi.smarthome-HMQfaWZmcoasVK7udEuDoA==/base.apk!/lib/arm64-v8a:/data/app/~~8x6sUl86cGlIMUZmcJwHvg==/com.xiaomi.smarthome-HMQfaWZmcoasVK7udEuDoA==/split_config.arm64_v8a.apk!/lib/arm64-v8a, permitted_path=/data:/mnt/expand:/data/user/0/com.xiaomi.smarthome
05-30 01:42:52.656  2148  2148 D nativeloader: Extending system_exposed_libraries: libbinauralrenderer_wrapper.qti.so:libhoaeffects.qti.so:libQOC.qti.so:libupdateprof.qti.so:libthermalclient.qti.so:libQOC.qti.so:libdiag_system.qti.so:libqape.qti.so:libqesdk_ndk_platform.qti.so:liblistenjni.qti.so
05-30 01:42:52.661  1945  2280 I AppMetrica: Initializing of AppMetrica, Release type, Version 6.3.0, API Level 113, Dated 18.03.2024.
05-30 01:42:52.663  2181  2181 D nativeloader: Configuring clns-4 for other apk /system/framework/org.apache.http.legacy.jar. target_sdk_version=33, uses_libraries=ALL, library_path=/data/app/~~OvO2ARFf1MZMeXXbVUwXCw==/ru.kinopoisk-nbL990NeNrpjBnEZRCEmyQ==/lib/arm64:/data/app/~~OvO2ARFf1MZMeXXbVUwXCw==/ru.kinopoisk-nbL990NeNrpjBnEZRCEmyQ==/base.apk!/lib/arm64-v8a, permitted_path=/data:/mnt/expand:/data/user/0/ru.kinopoisk
05-30 01:42:52.663  2181  2181 D nativeloader: Extending system_exposed_libraries: libbinauralrenderer_wrapper.qti.so:libhoaeffects.qti.so:libQOC.qti.so:libupdateprof.qti.so:libthermalclient.qti.so:libQOC.qti.so:libdiag_system.qti.so:libqape.qti.so:libqesdk_ndk_platform.qti.so:liblistenjni.qti.so
05-30 01:42:52.696   623   623 D lowmemorykiller: medium pressure event polling check
05-30 01:42:52.697   623   623 D lowmemorykiller: nr_free_pages: 26032 nr_inactive_file: 556236 nr_active_file: 219809 workingset_refault: 1463375075 pgrefill: 833861583 pgscan_kswapd: 2463442719 pgscan_direct: 11793505 pgscan_direct_throttle: 0 init_pgscan_direct: 11793505 init_pgscan_kswapd: 2463442719 base_file_lru: 751459 init_ws_refault: 1463348541 free_swap: 665022 total_swap: 1048575 swap_free_percentage: 63%
05-30 01:42:52.697   623   623 D lowmemorykiller: thrashing: 3% thrashing_limit: 30%
05-30 01:42:52.697   623   623 E lowmemorykiller: calc_zone_watermarks pgskip_deltas_val: 0 pgskip_deltas[PGSKIP_IDX(i++)]: 0
05-30 01:42:52.697   623   623 D lowmemorykiller: Not killing for medium pressure event polling check
05-30 01:42:52.728 30471 30471 D Launcher.Model: package added received com.dracul.baselineprofile
05-30 01:42:52.731 30471 30471 I NT-TouchInteractionService: onInputEvent: start receive down action, value is MotionEvent { action=ACTION_DOWN, actionButton=0, id[0]=0, x[0]=843.2197, y[0]=991.5869, toolType[0]=TOOL_TYPE_FINGER, buttonState=0, classification=NONE, metaState=0, flags=0x0, edgeFlags=0x0, pointerCount=1, historySize=0, eventTime=603307228, downTime=603307228, deviceId=4, source=0x1002, displayId=0, eventId=688709495 }
05-30 01:42:52.732 30471 30471 I NT-TouchInteractionService: onInputEvent: inputConsumer is NO_OP, value is com.android.quickstep.k2@bdfd4d9
05-30 01:42:52.732 30471 30471 I NT-TouchInteractionService: onInputEvent: run completed, event = MotionEvent { action=ACTION_DOWN, actionButton=0, id[0]=0, x[0]=843.2197, y[0]=991.5869, toolType[0]=TOOL_TYPE_FINGER, buttonState=0, classification=NONE, metaState=0, flags=0x0, edgeFlags=0x0, pointerCount=1, historySize=0, eventTime=603307228, downTime=603307228, deviceId=4, source=0x1002, displayId=0, eventId=688709495 }, inputConsumer = com.android.quickstep.k2@bdfd4d9
05-30 01:42:52.731  1265  1315 W ANDR-PERF-LM: FeatureState: readState() 151: warning: appName is NULL, returning default State
05-30 01:42:52.732  1265  1315 W ANDR-PERF-LM: FeatureState: readState() 151: warning: appName is NULL, returning default State
05-30 01:42:52.735 30471 30578 I NTWidget-: Ensure service valid cost time = 0, checkResult = true
05-30 01:42:52.735  1521  2145 W DynamiteModule: Local module descriptor class for com.google.android.gms.providerinstaller.dynamite not found.
05-30 01:42:52.735 31716  1600 I NTWidget-CardWidgetService: getInstalledCardWithLevel, pkgName = com.dracul.baselineprofile, apiLevel = 7
05-30 01:42:52.735 31716  1600 I NTWidget-CardWidgetService: Scan work is over,allow query data.
05-30 01:42:52.746  1265  4172 E ANDR-PERF-LM: DependentServices: getServices() 97: Service Tracker HAL could not find Client Connections
05-30 01:42:52.759 30471 30578 D ItemInstallQueue: Adding PendingInstallShortcutInfo to queue. Attached info: WorkspaceItemInfo(id=-1 type=APP container=(-1, # com.android.launcher3.logger.LauncherAtom$ContainerInfo@7ba6f) targetComponent=ComponentInfo{com.dracul.baselineprofile/} screen=-1 cell(-1,-1) span(1,1) minSpan(1,1) rank=0 user=UserHandle{0} title=com.dracul.baselineprofile)
05-30 01:42:52.759 30471 30578 D ItemInstallQueue: java.lang.Exception
05-30 01:42:52.759 30471 30578 D ItemInstallQueue: 	at com.android.launcher3.model.ItemInstallQueue.queuePendingShortcutInfo(Unknown Source:2)
05-30 01:42:52.759 30471 30578 D ItemInstallQueue: 	at com.android.launcher3.model.ItemInstallQueue.queueItem(Unknown Source:5)
05-30 01:42:52.759 30471 30578 D ItemInstallQueue: 	at com.android.launcher3.model.PackageUpdatedTask.addNewAppIconToHome(Unknown Source:15)
05-30 01:42:52.759 30471 30578 D ItemInstallQueue: 	at com.android.launcher3.model.PackageUpdatedTask.execute(Unknown Source:526)
05-30 01:42:52.759 30471 30578 D ItemInstallQueue: 	at com.android.launcher3.model.BaseModelUpdateTask.run(Unknown Source:51)
05-30 01:42:52.759 30471 30578 D ItemInstallQueue: 	at android.os.Handler.handleCallback(Handler.java:958)
05-30 01:42:52.759 30471 30578 D ItemInstallQueue: 	at android.os.Handler.dispatchMessage(Handler.java:99)
05-30 01:42:52.759 30471 30578 D ItemInstallQueue: 	at android.os.Looper.loopOnce(Looper.java:232)
05-30 01:42:52.759 30471 30578 D ItemInstallQueue: 	at android.os.Looper.loop(Looper.java:334)
05-30 01:42:52.759 30471 30578 D ItemInstallQueue: 	at android.os.HandlerThread.run(HandlerThread.java:76)
05-30 01:42:52.773 30651  2794 W ProviderHelper: Unknown dynamite feature providerinstaller.dynamite
05-30 01:42:52.776 30471 30471 I NT-TouchInteractionService: onInputEvent: start receive down action, value is MotionEvent { action=ACTION_UP, actionButton=0, id[0]=0, x[0]=870.19434, y[0]=796.66797, toolType[0]=TOOL_TYPE_FINGER, buttonState=0, classification=NONE, metaState=0, flags=0x0, edgeFlags=0x0, pointerCount=1, historySize=0, eventTime=603307275, downTime=603307228, deviceId=4, source=0x1002, displayId=0, eventId=140309267 }
05-30 01:42:52.776 30471 30471 I NT-TouchInteractionService: onInputEvent: run completed, event = MotionEvent { action=ACTION_UP, actionButton=0, id[0]=0, x[0]=870.19434, y[0]=796.66797, toolType[0]=TOOL_TYPE_FINGER, buttonState=0, classification=NONE, metaState=0, flags=0x0, edgeFlags=0x0, pointerCount=1, historySize=0, eventTime=603307275, downTime=603307228, deviceId=4, source=0x1002, displayId=0, eventId=140309267 }, inputConsumer = com.android.quickstep.inputconsumers.ResetGestureInputConsumer@3513b4e
05-30 01:42:52.799   623   623 D lowmemorykiller: medium pressure event polling check
05-30 01:42:52.799   623   623 D lowmemorykiller: nr_free_pages: 17369 nr_inactive_file: 557543 nr_active_file: 221389 workingset_refault: 1463388508 pgrefill: 833865822 pgscan_kswapd: 2463457604 pgscan_direct: 11793505 pgscan_direct_throttle: 0 init_pgscan_direct: 11793505 init_pgscan_kswapd: 2463442719 base_file_lru: 751459 init_ws_refault: 1463348541 free_swap: 664755 total_swap: 1048575 swap_free_percentage: 63%
05-30 01:42:52.799   623   623 D lowmemorykiller: thrashing: 5% thrashing_limit: 30%
05-30 01:42:52.800   623   623 E lowmemorykiller: calc_zone_watermarks pgskip_deltas_val: 0 pgskip_deltas[PGSKIP_IDX(i++)]: 0
05-30 01:42:52.800   623   623 D lowmemorykiller: Not killing for medium pressure event polling check
05-30 01:42:52.806  1521  2145 I DynamiteModule: Considering local module com.google.android.gms.providerinstaller.dynamite:0 and remote module com.google.android.gms.providerinstaller.dynamite:0
05-30 01:42:52.806  1514  1514 D CompatibilityChangeReporter: Compat change id reported: 171228096; UID 10339; state: ENABLED
05-30 01:42:52.807  1521  2145 W ProviderInstaller: Failed to load providerinstaller module: No acceptable module com.google.android.gms.providerinstaller.dynamite found. Local version is 0 and remote version is 0.
05-30 01:42:52.828  1945  2280 I AppMetrica: Activate reporter with APIKey 67bb016b-xxxx-xxxx-xxxx-xxxxxxxx03d3
05-30 01:42:52.829  1945  2280 I AppMetrica: Activate reporter with APIKey 20799a27-xxxx-xxxx-xxxx-xxxxxxxx4180
05-30 01:42:52.844  1521  2066 V SoLoader: libtwittermedia.so not found on /data/app/~~TamxCVkvbS6NG_Qsub-AJA==/com.twitter.android-W2oc-narV98TZ24UShlzsQ==/lib/arm64
05-30 01:42:52.844  1521  2066 V SoLoader: libtwittermedia.so not found on /data/app/~~TamxCVkvbS6NG_Qsub-AJA==/com.twitter.android-W2oc-narV98TZ24UShlzsQ==/base.apk!/lib/arm64-v8a
05-30 01:42:52.844  1521  2066 V SoLoader: libtwittermedia.so not found on /data/app/~~TamxCVkvbS6NG_Qsub-AJA==/com.twitter.android-W2oc-narV98TZ24UShlzsQ==/split_config.xxhdpi.apk!/lib/arm64-v8a
05-30 01:42:52.844  1521  2066 V SoLoader: libtwittermedia.so not found on /data/app/~~TamxCVkvbS6NG_Qsub-AJA==/com.twitter.android-W2oc-narV98TZ24UShlzsQ==/split_config.arm64_v8a.apk!/lib/arm64-v8a
05-30 01:42:52.844  1521  2066 V SoLoader: libtwittermedia.so not found on /data/app/~~TamxCVkvbS6NG_Qsub-AJA==/com.twitter.android-W2oc-narV98TZ24UShlzsQ==/split_config.en.apk!/lib/arm64-v8a
05-30 01:42:52.844  1521  2066 V SoLoader: libtwittermedia.so not found on /data/app/~~TamxCVkvbS6NG_Qsub-AJA==/com.twitter.android-W2oc-narV98TZ24UShlzsQ==/split_config.xxhdpi.apk!/lib/arm64-v8a
05-30 01:42:52.844  1521  2066 V SoLoader: libtwittermedia.so not found on /data/app/~~TamxCVkvbS6NG_Qsub-AJA==/com.twitter.android-W2oc-narV98TZ24UShlzsQ==/split_config.en.apk!/lib/arm64-v8a
05-30 01:42:52.846  1521  2066 V SoLoader: liblog.so not found on /data/app/~~TamxCVkvbS6NG_Qsub-AJA==/com.twitter.android-W2oc-narV98TZ24UShlzsQ==/lib/arm64
05-30 01:42:52.846  1521  2066 V SoLoader: liblog.so not found on /data/app/~~TamxCVkvbS6NG_Qsub-AJA==/com.twitter.android-W2oc-narV98TZ24UShlzsQ==/base.apk!/lib/arm64-v8a
05-30 01:42:52.846  1521  2066 V SoLoader: liblog.so not found on /data/app/~~TamxCVkvbS6NG_Qsub-AJA==/com.twitter.android-W2oc-narV98TZ24UShlzsQ==/split_config.xxhdpi.apk!/lib/arm64-v8a
05-30 01:42:52.846  1521  2066 V SoLoader: liblog.so not found on /data/app/~~TamxCVkvbS6NG_Qsub-AJA==/com.twitter.android-W2oc-narV98TZ24UShlzsQ==/split_config.arm64_v8a.apk!/lib/arm64-v8a
05-30 01:42:52.846  1521  2066 V SoLoader: liblog.so not found on /data/app/~~TamxCVkvbS6NG_Qsub-AJA==/com.twitter.android-W2oc-narV98TZ24UShlzsQ==/split_config.en.apk!/lib/arm64-v8a
05-30 01:42:52.846  1521  2066 V SoLoader: liblog.so not found on /data/app/~~TamxCVkvbS6NG_Qsub-AJA==/com.twitter.android-W2oc-narV98TZ24UShlzsQ==/split_config.xxhdpi.apk!/lib/arm64-v8a
05-30 01:42:52.846  1521  2066 V SoLoader: liblog.so not found on /data/app/~~TamxCVkvbS6NG_Qsub-AJA==/com.twitter.android-W2oc-narV98TZ24UShlzsQ==/split_config.en.apk!/lib/arm64-v8a
05-30 01:42:52.847  1521  2066 V SoLoader: liblog.so not found on /data/app/~~TamxCVkvbS6NG_Qsub-AJA==/com.twitter.android-W2oc-narV98TZ24UShlzsQ==/split_config.arm64_v8a.apk!/lib/arm64-v8a
05-30 01:42:52.847  1521  2066 D SoLoader: liblog.so found on /system/lib64
05-30 01:42:52.847  1521  2066 D SoLoader: liblog.so loaded implicitly
05-30 01:42:52.847  1521  2066 V SoLoader: libGLESv2.so not found on /data/app/~~TamxCVkvbS6NG_Qsub-AJA==/com.twitter.android-W2oc-narV98TZ24UShlzsQ==/lib/arm64
05-30 01:42:52.847  1521  2066 V SoLoader: libGLESv2.so not found on /data/app/~~TamxCVkvbS6NG_Qsub-AJA==/com.twitter.android-W2oc-narV98TZ24UShlzsQ==/base.apk!/lib/arm64-v8a
05-30 01:42:52.847  1521  2066 V SoLoader: libGLESv2.so not found on /data/app/~~TamxCVkvbS6NG_Qsub-AJA==/com.twitter.android-W2oc-narV98TZ24UShlzsQ==/split_config.xxhdpi.apk!/lib/arm64-v8a
05-30 01:42:52.847  1521  2066 V SoLoader: libGLESv2.so not found on /data/app/~~TamxCVkvbS6NG_Qsub-AJA==/com.twitter.android-W2oc-narV98TZ24UShlzsQ==/split_config.arm64_v8a.apk!/lib/arm64-v8a
05-30 01:42:52.847  1521  2066 V SoLoader: libGLESv2.so not found on /data/app/~~TamxCVkvbS6NG_Qsub-AJA==/com.twitter.android-W2oc-narV98TZ24UShlzsQ==/split_config.en.apk!/lib/arm64-v8a
05-30 01:42:52.847  1521  2066 V SoLoader: libGLESv2.so not found on /data/app/~~TamxCVkvbS6NG_Qsub-AJA==/com.twitter.android-W2oc-narV98TZ24UShlzsQ==/split_config.xxhdpi.apk!/lib/arm64-v8a
05-30 01:42:52.847  1521  2066 V SoLoader: libGLESv2.so not found on /data/app/~~TamxCVkvbS6NG_Qsub-AJA==/com.twitter.android-W2oc-narV98TZ24UShlzsQ==/split_config.en.apk!/lib/arm64-v8a
05-30 01:42:52.847  1521  2066 V SoLoader: libGLESv2.so not found on /data/app/~~TamxCVkvbS6NG_Qsub-AJA==/com.twitter.android-W2oc-narV98TZ24UShlzsQ==/split_config.arm64_v8a.apk!/lib/arm64-v8a
05-30 01:42:52.848  1521  2066 D SoLoader: libGLESv2.so found on /system/lib64
05-30 01:42:52.860  1521  2066 D SoLoader: libGLESv2.so loaded implicitly
05-30 01:42:52.861  1521  2066 V SoLoader: libjnigraphics.so not found on /data/app/~~TamxCVkvbS6NG_Qsub-AJA==/com.twitter.android-W2oc-narV98TZ24UShlzsQ==/lib/arm64
05-30 01:42:52.861  1521  2066 V SoLoader: libjnigraphics.so not found on /data/app/~~TamxCVkvbS6NG_Qsub-AJA==/com.twitter.android-W2oc-narV98TZ24UShlzsQ==/base.apk!/lib/arm64-v8a
05-30 01:42:52.861  1521  2066 V SoLoader: libjnigraphics.so not found on /data/app/~~TamxCVkvbS6NG_Qsub-AJA==/com.twitter.android-W2oc-narV98TZ24UShlzsQ==/split_config.xxhdpi.apk!/lib/arm64-v8a
05-30 01:42:52.861  1521  2066 V SoLoader: libjnigraphics.so not found on /data/app/~~TamxCVkvbS6NG_Qsub-AJA==/com.twitter.android-W2oc-narV98TZ24UShlzsQ==/split_config.arm64_v8a.apk!/lib/arm64-v8a
05-30 01:42:52.861  1521  2066 V SoLoader: libjnigraphics.so not found on /data/app/~~TamxCVkvbS6NG_Qsub-AJA==/com.twitter.android-W2oc-narV98TZ24UShlzsQ==/split_config.en.apk!/lib/arm64-v8a
05-30 01:42:52.861  1521  2066 V SoLoader: libjnigraphics.so not found on /data/app/~~TamxCVkvbS6NG_Qsub-AJA==/com.twitter.android-W2oc-narV98TZ24UShlzsQ==/split_config.xxhdpi.apk!/lib/arm64-v8a
05-30 01:42:52.861  1521  2066 V SoLoader: libjnigraphics.so not found on /data/app/~~TamxCVkvbS6NG_Qsub-AJA==/com.twitter.android-W2oc-narV98TZ24UShlzsQ==/split_config.en.apk!/lib/arm64-v8a
05-30 01:42:52.861  1521  2066 V SoLoader: libjnigraphics.so not found on /data/app/~~TamxCVkvbS6NG_Qsub-AJA==/com.twitter.android-W2oc-narV98TZ24UShlzsQ==/split_config.arm64_v8a.apk!/lib/arm64-v8a
05-30 01:42:52.861  1521  2066 D SoLoader: libjnigraphics.so found on /system/lib64
05-30 01:42:52.861  1521  2066 D SoLoader: libjnigraphics.so loaded implicitly
05-30 01:42:52.862  1521  2066 V SoLoader: libz.so not found on /data/app/~~TamxCVkvbS6NG_Qsub-AJA==/com.twitter.android-W2oc-narV98TZ24UShlzsQ==/lib/arm64
05-30 01:42:52.862  1521  2066 V SoLoader: libz.so not found on /data/app/~~TamxCVkvbS6NG_Qsub-AJA==/com.twitter.android-W2oc-narV98TZ24UShlzsQ==/base.apk!/lib/arm64-v8a
05-30 01:42:52.862  1521  2066 V SoLoader: libz.so not found on /data/app/~~TamxCVkvbS6NG_Qsub-AJA==/com.twitter.android-W2oc-narV98TZ24UShlzsQ==/split_config.xxhdpi.apk!/lib/arm64-v8a
05-30 01:42:52.862  1521  2066 V SoLoader: libz.so not found on /data/app/~~TamxCVkvbS6NG_Qsub-AJA==/com.twitter.android-W2oc-narV98TZ24UShlzsQ==/split_config.arm64_v8a.apk!/lib/arm64-v8a
05-30 01:42:52.862  1521  2066 V SoLoader: libz.so not found on /data/app/~~TamxCVkvbS6NG_Qsub-AJA==/com.twitter.android-W2oc-narV98TZ24UShlzsQ==/split_config.en.apk!/lib/arm64-v8a
05-30 01:42:52.862  1521  2066 V SoLoader: libz.so not found on /data/app/~~TamxCVkvbS6NG_Qsub-AJA==/com.twitter.android-W2oc-narV98TZ24UShlzsQ==/split_config.xxhdpi.apk!/lib/arm64-v8a
05-30 01:42:52.862  1521  2066 V SoLoader: libz.so not found on /data/app/~~TamxCVkvbS6NG_Qsub-AJA==/com.twitter.android-W2oc-narV98TZ24UShlzsQ==/split_config.en.apk!/lib/arm64-v8a
05-30 01:42:52.862  1521  2066 V SoLoader: libz.so not found on /data/app/~~TamxCVkvbS6NG_Qsub-AJA==/com.twitter.android-W2oc-narV98TZ24UShlzsQ==/split_config.arm64_v8a.apk!/lib/arm64-v8a
05-30 01:42:52.862  1521  2066 D SoLoader: libz.so found on /system/lib64
05-30 01:42:52.862  1521  2066 D SoLoader: libz.so loaded implicitly
05-30 01:42:52.862  1521  2066 V SoLoader: libm.so not found on /data/app/~~TamxCVkvbS6NG_Qsub-AJA==/com.twitter.android-W2oc-narV98TZ24UShlzsQ==/lib/arm64
05-30 01:42:52.862  1521  2066 V SoLoader: libm.so not found on /data/app/~~TamxCVkvbS6NG_Qsub-AJA==/com.twitter.android-W2oc-narV98TZ24UShlzsQ==/base.apk!/lib/arm64-v8a
05-30 01:42:52.862  1521  2066 V SoLoader: libm.so not found on /data/app/~~TamxCVkvbS6NG_Qsub-AJA==/com.twitter.android-W2oc-narV98TZ24UShlzsQ==/split_config.xxhdpi.apk!/lib/arm64-v8a
05-30 01:42:52.862  1521  2066 V SoLoader: libm.so not found on /data/app/~~TamxCVkvbS6NG_Qsub-AJA==/com.twitter.android-W2oc-narV98TZ24UShlzsQ==/split_config.arm64_v8a.apk!/lib/arm64-v8a
05-30 01:42:52.862  1521  2066 V SoLoader: libm.so not found on /data/app/~~TamxCVkvbS6NG_Qsub-AJA==/com.twitter.android-W2oc-narV98TZ24UShlzsQ==/split_config.en.apk!/lib/arm64-v8a
05-30 01:42:52.862  1521  2066 V SoLoader: libm.so not found on /data/app/~~TamxCVkvbS6NG_Qsub-AJA==/com.twitter.android-W2oc-narV98TZ24UShlzsQ==/split_config.xxhdpi.apk!/lib/arm64-v8a
05-30 01:42:52.862  1521  2066 V SoLoader: libm.so not found on /data/app/~~TamxCVkvbS6NG_Qsub-AJA==/com.twitter.android-W2oc-narV98TZ24UShlzsQ==/split_config.en.apk!/lib/arm64-v8a
05-30 01:42:52.862  1521  2066 V SoLoader: libm.so not found on /data/app/~~TamxCVkvbS6NG_Qsub-AJA==/com.twitter.android-W2oc-narV98TZ24UShlzsQ==/split_config.arm64_v8a.apk!/lib/arm64-v8a
05-30 01:42:52.862  1521  2066 D SoLoader: libm.so found on /system/lib64
05-30 01:42:52.862  1521  2066 D SoLoader: libm.so loaded implicitly
05-30 01:42:52.863  1521  2066 V SoLoader: libdl.so not found on /data/app/~~TamxCVkvbS6NG_Qsub-AJA==/com.twitter.android-W2oc-narV98TZ24UShlzsQ==/lib/arm64
05-30 01:42:52.863  1521  2066 V SoLoader: libdl.so not found on /data/app/~~TamxCVkvbS6NG_Qsub-AJA==/com.twitter.android-W2oc-narV98TZ24UShlzsQ==/base.apk!/lib/arm64-v8a
05-30 01:42:52.863  1521  2066 V SoLoader: libdl.so not found on /data/app/~~TamxCVkvbS6NG_Qsub-AJA==/com.twitter.android-W2oc-narV98TZ24UShlzsQ==/split_config.xxhdpi.apk!/lib/arm64-v8a
05-30 01:42:52.863  1521  2066 V SoLoader: libdl.so not found on /data/app/~~TamxCVkvbS6NG_Qsub-AJA==/com.twitter.android-W2oc-narV98TZ24UShlzsQ==/split_config.arm64_v8a.apk!/lib/arm64-v8a
05-30 01:42:52.863  1521  2066 V SoLoader: libdl.so not found on /data/app/~~TamxCVkvbS6NG_Qsub-AJA==/com.twitter.android-W2oc-narV98TZ24UShlzsQ==/split_config.en.apk!/lib/arm64-v8a
05-30 01:42:52.863  1521  2066 V SoLoader: libdl.so not found on /data/app/~~TamxCVkvbS6NG_Qsub-AJA==/com.twitter.android-W2oc-narV98TZ24UShlzsQ==/split_config.xxhdpi.apk!/lib/arm64-v8a
05-30 01:42:52.863  1521  2066 V SoLoader: libdl.so not found on /data/app/~~TamxCVkvbS6NG_Qsub-AJA==/com.twitter.android-W2oc-narV98TZ24UShlzsQ==/split_config.en.apk!/lib/arm64-v8a
05-30 01:42:52.863  1521  2066 V SoLoader: libdl.so not found on /data/app/~~TamxCVkvbS6NG_Qsub-AJA==/com.twitter.android-W2oc-narV98TZ24UShlzsQ==/split_config.arm64_v8a.apk!/lib/arm64-v8a
05-30 01:42:52.863  1521  2066 D SoLoader: libdl.so found on /system/lib64
05-30 01:42:52.863  1521  2066 D SoLoader: libdl.so loaded implicitly
