05-30 01:42:54.547 29689 32435 D NtAmDebugConfig: checkNtSkipFreezing app=ru.yandex.music:AppMetrica focused=com.dracul.notes
05-30 01:42:54.555 29689 32435 D NtAmDebugConfig: checkNtSkipFreezing app=ru.kinopoisk:passport focused=com.dracul.notes
05-30 01:42:54.564   623   623 D lowmemorykiller: medium pressure event triggered
05-30 01:42:54.564   623   623 D lowmemorykiller: nr_free_pages: 18967 nr_inactive_file: 535722 nr_active_file: 211662 workingset_refault: 1463488261 pgrefill: 833922358 pgscan_kswapd: 2463625435 pgscan_direct: 11793505 pgscan_direct_throttle: 0 init_pgscan_direct: 11793505 init_pgscan_kswapd: 2463620072 base_file_lru: 753777 init_ws_refault: 1463482018 free_swap: 662227 total_swap: 1048575 swap_free_percentage: 63%
05-30 01:42:54.564   623   623 D lowmemorykiller: thrashing: 0% thrashing_limit: 30%
05-30 01:42:54.564   623   623 E lowmemorykiller: calc_zone_watermarks pgskip_deltas_val: 0 pgskip_deltas[PGSKIP_IDX(i++)]: 0
05-30 01:42:54.564   623   623 D lowmemorykiller: Not killing for medium pressure event trigger
05-30 01:42:54.567  2496  2697 D TrafficStats: tagSocket(119) with statsTag=0xffffffff, statsUid=-1
05-30 01:42:54.569 30471 30471 I NT-TouchInteractionService: onInputEvent: start receive down action, value is MotionEvent { action=ACTION_DOWN, actionButton=0, id[0]=0, x[0]=903.16406, y[0]=1186.5059, toolType[0]=TOOL_TYPE_FINGER, buttonState=0, classification=NONE, metaState=0, flags=0x0, edgeFlags=0x0, pointerCount=1, historySize=0, eventTime=603309069, downTime=603309069, deviceId=4, source=0x1002, displayId=0, eventId=441922966 }
05-30 01:42:54.569 30471 30471 I NT-TouchInteractionService: onInputEvent: inputConsumer is NO_OP, value is com.android.quickstep.k2@bdfd4d9
05-30 01:42:54.569 30471 30471 I NT-TouchInteractionService: onInputEvent: run completed, event = MotionEvent { action=ACTION_DOWN, actionButton=0, id[0]=0, x[0]=903.16406, y[0]=1186.5059, toolType[0]=TOOL_TYPE_FINGER, buttonState=0, classification=NONE, metaState=0, flags=0x0, edgeFlags=0x0, pointerCount=1, historySize=0, eventTime=603309069, downTime=603309069, deviceId=4, source=0x1002, displayId=0, eventId=441922966 }, inputConsumer = com.android.quickstep.k2@bdfd4d9
05-30 01:42:54.570 29568 29568 D Zygote  : Forked child process 2875
05-30 01:42:54.576 29689 29947 D ConnectivityService: releasing NetworkRequest [ REQUEST id=1741, [ Capabilities: INTERNET&NOT_RESTRICTED&TRUSTED&NOT_VCN_MANAGED Uid: 10111 RequestorUid: 10111 RequestorPkg: com.google.android.calendar UnderlyingNetworks: Null] ] (release request)
05-30 01:42:54.582  2870  2870 I oisk:AppMetrica: Using CollectorTypeCC GC.
05-30 01:42:54.583  2875  2875 I exmaps:passport: Using CollectorTypeCC GC.
05-30 01:42:54.586  2870  2870 E oisk:AppMetrica: Not starting debugger since process cannot load the jdwp agent.
05-30 01:42:54.587  2875  2875 E exmaps:passport: Not starting debugger since process cannot load the jdwp agent.
05-30 01:42:54.592 29689   804 D CompatibilityInfo: mCompatibilityFlags - 0
05-30 01:42:54.592 29689   804 D CompatibilityInfo: applicationDensity - 420
05-30 01:42:54.592 29689   804 D CompatibilityInfo: applicationScale - 1.0
05-30 01:42:54.595 29689   908 D CompatibilityInfo: mCompatibilityFlags - 0
05-30 01:42:54.595 29689   908 D CompatibilityInfo: applicationDensity - 420
05-30 01:42:54.595 29689   908 D CompatibilityInfo: applicationScale - 1.0
05-30 01:42:54.596  2870  2870 D CompatibilityChangeReporter: Compat change id reported: 171979766; UID 10165; state: ENABLED
05-30 01:42:54.596  2870  2870 D CompatibilityChangeReporter: Compat change id reported: 242716250; UID 10165; state: DISABLED
05-30 01:42:54.601  2870  2870 D nativeloader: Configuring clns-4 for other apk /system/framework/org.apache.http.legacy.jar. target_sdk_version=33, uses_libraries=ALL, library_path=/data/app/~~OvO2ARFf1MZMeXXbVUwXCw==/ru.kinopoisk-nbL990NeNrpjBnEZRCEmyQ==/lib/arm64:/data/app/~~OvO2ARFf1MZMeXXbVUwXCw==/ru.kinopoisk-nbL990NeNrpjBnEZRCEmyQ==/base.apk!/lib/arm64-v8a, permitted_path=/data:/mnt/expand:/data/user/0/ru.kinopoisk
05-30 01:42:54.601  2870  2870 D nativeloader: Extending system_exposed_libraries: libbinauralrenderer_wrapper.qti.so:libhoaeffects.qti.so:libQOC.qti.so:libupdateprof.qti.so:libthermalclient.qti.so:libQOC.qti.so:libdiag_system.qti.so:libqape.qti.so:libqesdk_ndk_platform.qti.so:liblistenjni.qti.so
05-30 01:42:54.605 29568 29568 I Zygote  : Process 32398 exited due to signal 9 (Killed)
05-30 01:42:54.605  2875  2875 D CompatibilityChangeReporter: Compat change id reported: 171979766; UID 10189; state: ENABLED
05-30 01:42:54.606  2875  2875 D CompatibilityChangeReporter: Compat change id reported: 242716250; UID 10189; state: DISABLED
05-30 01:42:54.609 29568 29568 I Zygote  : Process 32756 exited due to signal 9 (Killed)
05-30 01:42:54.615 31259 31259 D BoundBrokerSvc: onUnbind: Intent { act=com.google.android.gms.people.contactssync.service.START pkg=com.google.android.gms }
05-30 01:42:54.616 29568 29568 I Zygote  : Process 32440 exited due to signal 9 (Killed)
05-30 01:42:54.627   623   623 D lowmemorykiller: medium pressure event polling check
05-30 01:42:54.628   623   623 D lowmemorykiller: nr_free_pages: 22923 nr_inactive_file: 535927 nr_active_file: 213308 workingset_refault: 1463489972 pgrefill: 833922358 pgscan_kswapd: 2463625435 pgscan_direct: 11793505 pgscan_direct_throttle: 0 init_pgscan_direct: 11793505 init_pgscan_kswapd: 2463625435 base_file_lru: 753777 init_ws_refault: 1463482018 free_swap: 662227 total_swap: 1048575 swap_free_percentage: 63%
05-30 01:42:54.628   623   623 D lowmemorykiller: thrashing: 1% thrashing_limit: 30%
05-30 01:42:54.628   623   623 E lowmemorykiller: calc_zone_watermarks pgskip_deltas_val: 0 pgskip_deltas[PGSKIP_IDX(i++)]: 0
05-30 01:42:54.628   623   623 D lowmemorykiller: Not killing for medium pressure event polling check
05-30 01:42:54.633  2713  2713 W ziparchive: Unable to open '/data/app/~~-XhXlBrDavEolWm4tKk6Lg==/ru.beru.android-cYjjwFwrky7ue8Htojvxig==/split_config.arm64_v8a.dm': No such file or directory
05-30 01:42:54.633  2713  2713 W ziparchive: Unable to open '/data/app/~~-XhXlBrDavEolWm4tKk6Lg==/ru.beru.android-cYjjwFwrky7ue8Htojvxig==/split_config.arm64_v8a.dm': No such file or directory
05-30 01:42:54.634  2713  2713 W roid:AppMetrica: Entry not found
05-30 01:42:54.635  2713  2713 W ziparchive: Unable to open '/data/app/~~-XhXlBrDavEolWm4tKk6Lg==/ru.beru.android-cYjjwFwrky7ue8Htojvxig==/split_config.en.dm': No such file or directory
05-30 01:42:54.635  2713  2713 W ziparchive: Unable to open '/data/app/~~-XhXlBrDavEolWm4tKk6Lg==/ru.beru.android-cYjjwFwrky7ue8Htojvxig==/split_config.en.dm': No such file or directory
05-30 01:42:54.638 30471 30471 I NT-TouchInteractionService: onInputEvent: start receive down action, value is MotionEvent { action=ACTION_UP, actionButton=0, id[0]=0, x[0]=903.16406, y[0]=1186.5059, toolType[0]=TOOL_TYPE_FINGER, buttonState=0, classification=NONE, metaState=0, flags=0x0, edgeFlags=0x0, pointerCount=1, historySize=0, eventTime=603309136, downTime=603309069, deviceId=4, source=0x1002, displayId=0, eventId=895895 }
05-30 01:42:54.639 30471 30471 I NT-TouchInteractionService: onInputEvent: run completed, event = MotionEvent { action=ACTION_UP, actionButton=0, id[0]=0, x[0]=903.16406, y[0]=1186.5059, toolType[0]=TOOL_TYPE_FINGER, buttonState=0, classification=NONE, metaState=0, flags=0x0, edgeFlags=0x0, pointerCount=1, historySize=0, eventTime=603309136, downTime=603309069, deviceId=4, source=0x1002, displayId=0, eventId=895895 }, inputConsumer = com.android.quickstep.inputconsumers.ResetGestureInputConsumer@3513b4e
05-30 01:42:54.646  2496  2879 D TrafficStats: tagSocket(122) with statsTag=0xffffffff, statsUid=-1
05-30 01:42:54.646  2713  2713 W roid:AppMetrica: Entry not found
05-30 01:42:54.647  2713  2713 W ziparchive: Unable to open '/data/app/~~-XhXlBrDavEolWm4tKk6Lg==/ru.beru.android-cYjjwFwrky7ue8Htojvxig==/split_config.xxhdpi.dm': No such file or directory
05-30 01:42:54.647  2713  2713 W ziparchive: Unable to open '/data/app/~~-XhXlBrDavEolWm4tKk6Lg==/ru.beru.android-cYjjwFwrky7ue8Htojvxig==/split_config.xxhdpi.dm': No such file or directory
05-30 01:42:54.648  2496  2879 D TrafficStats: tagSocket(122) with statsTag=0xffffffff, statsUid=-1
05-30 01:42:54.649  2713  2713 W roid:AppMetrica: Entry not found
05-30 01:42:54.654  2870  2870 D nativeloader: Configuring clns-5 for other apk /data/app/~~OvO2ARFf1MZMeXXbVUwXCw==/ru.kinopoisk-nbL990NeNrpjBnEZRCEmyQ==/base.apk. target_sdk_version=33, uses_libraries=, library_path=/data/app/~~OvO2ARFf1MZMeXXbVUwXCw==/ru.kinopoisk-nbL990NeNrpjBnEZRCEmyQ==/lib/arm64:/data/app/~~OvO2ARFf1MZMeXXbVUwXCw==/ru.kinopoisk-nbL990NeNrpjBnEZRCEmyQ==/base.apk!/lib/arm64-v8a, permitted_path=/data:/mnt/expand:/data/user/0/ru.kinopoisk
05-30 01:42:54.660  2870  2870 I Perf    : Connecting to perf service.
05-30 01:42:54.663  2875  2875 D nativeloader: Configuring clns-4 for other apk /system/framework/org.apache.http.legacy.jar. target_sdk_version=33, uses_libraries=ALL, library_path=/data/app/~~ygEqWwAgvDQeIDBFfj2xnQ==/ru.yandex.yandexmaps-Uuy36b8ol_m23Uhq7eN1gw==/lib/arm64:/data/app/~~ygEqWwAgvDQeIDBFfj2xnQ==/ru.yandex.yandexmaps-Uuy36b8ol_m23Uhq7eN1gw==/base.apk!/lib/arm64-v8a:/data/app/~~ygEqWwAgvDQeIDBFfj2xnQ==/ru.yandex.yandexmaps-Uuy36b8ol_m23Uhq7eN1gw==/split_config.arm64_v8a.apk!/lib/arm64-v8a:/data/app/~~ygEqWwAgvDQeIDBFfj2xnQ==/ru.yandex.yandexmaps-Uuy36b8ol_m23Uhq7eN1gw==/split_config.xxhdpi.apk!/lib/arm64-v8a, permitted_path=/data:/mnt/expand:/data/user/0/ru.yandex.yandexmaps
05-30 01:42:54.663  2875  2875 D nativeloader: Extending system_exposed_libraries: libbinauralrenderer_wrapper.qti.so:libhoaeffects.qti.so:libQOC.qti.so:libupdateprof.qti.so:libthermalclient.qti.so:libQOC.qti.so:libdiag_system.qti.so:libqape.qti.so:libqesdk_ndk_platform.qti.so:liblistenjni.qti.so
05-30 01:42:54.663  2870  2870 V GraphicsEnvironment: Currently set values for:
05-30 01:42:54.663  2870  2870 V GraphicsEnvironment:   angle_gl_driver_selection_pkgs=[]
05-30 01:42:54.663  2870  2870 V GraphicsEnvironment:   angle_gl_driver_selection_values=[]
05-30 01:42:54.663  2870  2870 V GraphicsEnvironment: ANGLE GameManagerService for ru.kinopoisk: false
05-30 01:42:54.663  2870  2870 V GraphicsEnvironment: ru.kinopoisk is not listed in per-application setting
05-30 01:42:54.663  2870  2870 V GraphicsEnvironment: Updatable production driver is not supported on the device.
05-30 01:42:54.667  2870  2870 I MultiDex: VM with version 2.1.0 has multidex support
05-30 01:42:54.667  2870  2870 I MultiDex: Installing application
05-30 01:42:54.667  2870  2870 I MultiDex: VM has multidex support, MultiDex support library is disabled.
05-30 01:42:54.668  1521  2407 D TrafficStats: tagSocket(157) with statsTag=0xffffffff, statsUid=-1
05-30 01:42:54.673  2713  2713 D nativeloader: Configuring clns-5 for other apk /data/app/~~-XhXlBrDavEolWm4tKk6Lg==/ru.beru.android-cYjjwFwrky7ue8Htojvxig==/base.apk:/data/app/~~-XhXlBrDavEolWm4tKk6Lg==/ru.beru.android-cYjjwFwrky7ue8Htojvxig==/split_config.arm64_v8a.apk:/data/app/~~-XhXlBrDavEolWm4tKk6Lg==/ru.beru.android-cYjjwFwrky7ue8Htojvxig==/split_config.en.apk:/data/app/~~-XhXlBrDavEolWm4tKk6Lg==/ru.beru.android-cYjjwFwrky7ue8Htojvxig==/split_config.xxhdpi.apk. target_sdk_version=34, uses_libraries=, library_path=/data/app/~~-XhXlBrDavEolWm4tKk6Lg==/ru.beru.android-cYjjwFwrky7ue8Htojvxig==/lib/arm64:/data/app/~~-XhXlBrDavEolWm4tKk6Lg==/ru.beru.android-cYjjwFwrky7ue8Htojvxig==/base.apk!/lib/arm64-v8a:/data/app/~~-XhXlBrDavEolWm4tKk6Lg==/ru.beru.android-cYjjwFwrky7ue8Htojvxig==/split_config.arm64_v8a.apk!/lib/arm64-v8a:/data/app/~~-XhXlBrDavEolWm4tKk6Lg==/ru.beru.android-cYjjwFwrky7ue8Htojvxig==/split_config.en.apk!/lib/arm64-v8a:/data/app/~~-XhXlBrDavEolWm4tKk6Lg==/ru.beru.android-cYjjwFwrky7ue8Htojvxig==/split_config.xxhdpi.apk!/lib/arm64-v8a, per
05-30 01:42:54.676 29689   908 D NtAmDebugConfig: checkNtSkipFreezing app=ru.kinopoisk:AppMetrica focused=com.dracul.notes
05-30 01:42:54.677  1521  2145 D TrafficStats: tagSocket(163) with statsTag=0xffffffff, statsUid=-1
05-30 01:42:54.679  2870  2925 D CompatibilityChangeReporter: Compat change id reported: 160794467; UID 10165; state: ENABLED
05-30 01:42:54.726 29689 29947 D ConnectivityService: releasing NetworkRequest [ REQUEST id=1743, [ Capabilities: INTERNET&NOT_RESTRICTED&TRUSTED&NOT_VCN_MANAGED Uid: 10113 RequestorUid: 10113 RequestorPkg: com.google.android.videos UnderlyingNetworks: Null] ] (release request)
05-30 01:42:54.726 29689 29947 D ConnectivityService: releasing NetworkRequest [ REQUEST id=1745, [ Capabilities: INTERNET&NOT_RESTRICTED&TRUSTED&NOT_VCN_MANAGED Uid: 10113 RequestorUid: 10113 RequestorPkg: com.google.android.videos UnderlyingNetworks: Null] ] (release request)
05-30 01:42:54.727 29568 29568 I Zygote  : Process 32651 exited due to signal 9 (Killed)
05-30 01:42:54.728 30204 30884 V Avrcp_ext: updateCurrentMediaState: mMediaController: null
05-30 01:42:54.728 30204 30884 W Avrcp_ext: isMusicActive: false getBluetoothPlayState: 2 A2dp State: 11 mAudioPlaybackIsActive: false
05-30 01:42:54.728 30204 30884 W Avrcp_ext: updateCurrentMediaState: isPlaying = false
05-30 01:42:54.728 30204 30884 V Avrcp_ext: Media update: id -1➡-1? [MediaAttributes: none] : [MediaAttributes: none]
05-30 01:42:54.728 30204 30884 D Avrcp_ext: isPackageNameValid: browsedPackage = isValid = false
05-30 01:42:54.728 30204 30884 W Avrcp_ext: updateCurrentMediaState: isInactivePlayer = true
05-30 01:42:54.728 30204 30884 V Avrcp_ext: updatePlaybackState, state: PlaybackState {state=PAUSED(2), position=-1, buffered position=0, speed=0.0, updated=842910518, actions=0, custom actions=[], active item id=-1, error=null} device: null
05-30 01:42:54.728 30204 30884 V Avrcp_ext: Device: no name:
05-30 01:42:54.728 30204 30884 V Avrcp_ext: Device: no name:
05-30 01:42:54.728 30204 30884 V Avrcp_ext: Device: no name:
05-30 01:42:54.728 30204 30884 V Avrcp_ext: Device: no name:
05-30 01:42:54.728 30204 30884 V Avrcp_ext: Device: no name:
05-30 01:42:54.728 30204 30884 V Avrcp_ext: updatePlayerStateAndPosition, old=PlaybackState {state=PAUSED(2), position=-1, buffered position=0, speed=0.0, updated=842905334, actions=0, custom actions=[], active item id=-1, error=null}, state=PlaybackState {state=PAUSED(2), position=-1, buffered position=0, speed=0.0, updated=842910518, actions=0, custom actions=[], active item id=-1, error=null}
05-30 01:42:54.728 30204 30884 V Avrcp_ext: old state = PlaybackState {state=PAUSED(2), position=-1, buffered position=0, speed=0.0, updated=842905334, actions=0, custom actions=[], active item id=-1, error=null}, new state= PlaybackState {state=PAUSED(2), position=-1, buffered position=0, speed=0.0, updated=842910518, actions=0, custom actions=[], active item id=-1, error=null}
05-30 01:42:54.728 30204 30884 D HeadsetService: getHeadsetService(): returning com.android.bluetooth.hfp.HeadsetService@bcbe844
05-30 01:42:54.728 30204 30884 D HeadsetService:  isAudioOn: The number of audio connected devices 0
05-30 01:42:54.728 30204 30884 D HeadsetService: isScoOrCallActive(): Call Active:falseCall is Ringing:falseSCO is Active:false
05-30 01:42:54.728 30204 30884 D HeadsetService:  isAudioOn: The number of audio connected devices 0
05-30 01:42:54.728 30204 30884 I Avrcp_ext: updatePlayStatusForDevice: device: null
05-30 01:42:54.729 30204 30884 V Avrcp_ext: updatePlaybackState (1): old=PlaybackState {state=PAUSED(2), position=-1, buffered position=0, speed=0.0, updated=842905334, actions=0, custom actions=[], active item id=-1, error=null}(2), new=PlaybackState {state=PAUSED(2), position=-1, buffered position=0, speed=0.0, updated=842910518, actions=0, custom actions=[], active item id=-1, error=null}(2)
05-30 01:42:54.729 30204 30884 I Avrcp_ext: Exit updatePlayStatusForDevice
05-30 01:42:54.729 30204 30884 D HeadsetService:  isAudioOn: The number of audio connected devices 0
05-30 01:42:54.729 30204 30884 D HeadsetService: isScoOrCallActive(): Call Active:falseCall is Ringing:falseSCO is Active:false
05-30 01:42:54.729 30204 30884 D HeadsetService:  isAudioOn: The number of audio connected devices 0
05-30 01:42:54.729 30204 30884 I Avrcp_ext: updatePlayStatusForDevice: device: null
05-30 01:42:54.729 30204 30884 V Avrcp_ext: updatePlaybackState (1): old=PlaybackState {state=PAUSED(2), position=-1, buffered position=0, speed=0.0, updated=842905334, actions=0, custom actions=[], active item id=-1, error=null}(2), new=PlaybackState {state=PAUSED(2), position=-1, buffered position=0, speed=0.0, updated=842910518, actions=0, custom actions=[], active item id=-1, error=null}(2)
05-30 01:42:54.729 30204 30884 I Avrcp_ext: Exit updatePlayStatusForDevice
05-30 01:42:54.729 30204 30884 D HeadsetService:  isAudioOn: The number of audio connected devices 0
05-30 01:42:54.729 30204 30884 D HeadsetService: isScoOrCallActive(): Call Active:falseCall is Ringing:falseSCO is Active:false
05-30 01:42:54.729 30204 30884 D HeadsetService:  isAudioOn: The number of audio connected devices 0
05-30 01:42:54.729 30204 30884 I Avrcp_ext: updatePlayStatusForDevice: device: null
05-30 01:42:54.729 30204 30884 V Avrcp_ext: updatePlaybackState (1): old=PlaybackState {state=PAUSED(2), position=-1, buffered position=0, speed=0.0, updated=842905334, actions=0, custom actions=[], active item id=-1, error=null}(2), new=PlaybackState {state=PAUSED(2), position=-1, buffered position=0, speed=0.0, updated=842910518, actions=0, custom actions=[], active item id=-1, error=null}(2)
05-30 01:42:54.729 30204 30884 I Avrcp_ext: Exit updatePlayStatusForDevice
05-30 01:42:54.729 30204 30884 D HeadsetService:  isAudioOn: The number of audio connected devices 0
05-30 01:42:54.729 30204 30884 D HeadsetService: isScoOrCallActive(): Call Active:falseCall is Ringing:falseSCO is Active:false
05-30 01:42:54.729 30204 30884 D HeadsetService:  isAudioOn: The number of audio connected devices 0
05-30 01:42:54.729 30204 30884 I Avrcp_ext: updatePlayStatusForDevice: device: null
05-30 01:42:54.729 30204 30884 V Avrcp_ext: updatePlaybackState (1): old=PlaybackState {state=PAUSED(2), position=-1, buffered position=0, speed=0.0, updated=842905334, actions=0, custom actions=[], active item id=-1, error=null}(2), new=PlaybackState {state=PAUSED(2), position=-1, buffered position=0, speed=0.0, updated=842910518, actions=0, custom actions=[], active item id=-1, error=null}(2)
05-30 01:42:54.729 30204 30884 I Avrcp_ext: Exit updatePlayStatusForDevice
05-30 01:42:54.729 30204 30884 D HeadsetService:  isAudioOn: The number of audio connected devices 0
05-30 01:42:54.729 30204 30884 D HeadsetService: isScoOrCallActive(): Call Active:falseCall is Ringing:falseSCO is Active:false
05-30 01:42:54.729 30204 30884 D HeadsetService:  isAudioOn: The number of audio connected devices 0
05-30 01:42:54.729 30204 30884 I Avrcp_ext: updatePlayStatusForDevice: device: null
05-30 01:42:54.729 30204 30884 V Avrcp_ext: updatePlaybackState (1): old=PlaybackState {state=PAUSED(2), position=-1, buffered position=0, speed=0.0, updated=842905334, actions=0, custom actions=[], active item id=-1, error=null}(2), new=PlaybackState {state=PAUSED(2), position=-1, buffered position=0, speed=0.0, updated=842910518, actions=0, custom actions=[], active item id=-1, error=null}(2)
05-30 01:42:54.729 30204 30884 I Avrcp_ext: Exit updatePlayStatusForDevice
05-30 01:42:54.729 30204 30884 D Avrcp_ext: Enter sendPlayPosNotificationRsp
05-30 01:42:54.729 30204 30884 D Avrcp_ext: sendPlayPosNotificationRsp: Not registered or requesting.
05-30 01:42:54.729 30204 30884 D Avrcp_ext: Enter sendPlayPosNotificationRsp
05-30 01:42:54.729 30204 30884 D Avrcp_ext: sendPlayPosNotificationRsp: Not registered or requesting.
05-30 01:42:54.729 30204 30884 D Avrcp_ext: Enter sendPlayPosNotificationRsp
05-30 01:42:54.729 30204 30884 D Avrcp_ext: sendPlayPosNotificationRsp: Not registered or requesting.
05-30 01:42:54.729 30204 30884 D Avrcp_ext: Enter sendPlayPosNotificationRsp
05-30 01:42:54.729 30204 30884 D Avrcp_ext: sendPlayPosNotificationRsp: Not registered or requesting.
05-30 01:42:54.729 30204 30884 D Avrcp_ext: Enter sendPlayPosNotificationRsp
05-30 01:42:54.729 30204 30884 D Avrcp_ext: sendPlayPosNotificationRsp: Not registered or requesting.
05-30 01:42:54.729   623   623 D lowmemorykiller: medium pressure event polling check
05-30 01:42:54.729 30204 30884 V Avrcp_ext: Exit updatePlayerStateAndPosition
05-30 01:42:54.729 30204 30884 D Avrcp_ext: isAdmStable = false activeAbsAddr = null device = null
05-30 01:42:54.729   623   623 D lowmemorykiller: nr_free_pages: 20164 nr_inactive_file: 537892 nr_active_file: 213953 workingset_refault: 1463492516 pgrefill: 833922358 pgscan_kswapd: 2463625435 pgscan_direct: 11793505 pgscan_direct_throttle: 0 init_pgscan_direct: 11793505 init_pgscan_kswapd: 2463625435 base_file_lru: 753777 init_ws_refault: 1463482018 free_swap: 662227 total_swap: 1048575 swap_free_percentage: 63%
05-30 01:42:54.729   623   623 D lowmemorykiller: thrashing: 1% thrashing_limit: 30%
05-30 01:42:54.729   623   623 E lowmemorykiller: calc_zone_watermarks pgskip_deltas_val: 0 pgskip_deltas[PGSKIP_IDX(i++)]: 0
05-30 01:42:54.729   623   623 D lowmemorykiller: Not killing for medium pressure event polling check
05-30 01:42:54.746  2496  2877 D TrafficStats: tagSocket(123) with statsTag=0xffffffff, statsUid=-1
05-30 01:42:54.752  1521  2446 D TrafficStats: tagSocket(164) with statsTag=0xffffffff, statsUid=-1
05-30 01:42:54.766 29569 31016 V AudioFlinger: 32264 died, releasing its sessions
05-30 01:42:54.766 29569 31016 V AudioFlinger:  pid 30050 @ 0
05-30 01:42:54.766 29569 31016 V AudioFlinger:  pid 31742 @ 1
05-30 01:42:54.766 29569 31016 V AudioFlinger:  pid 29689 @ 2
05-30 01:42:54.766 29569 31016 V AudioFlinger:  pid 29689 @ 3
05-30 01:42:54.766 29569 31016 V AudioFlinger:  pid 26645 @ 4
05-30 01:42:54.766 29569 31016 V AudioFlinger:  pid 29689 @ 5
05-30 01:42:54.766 29569 31016 V AudioFlinger:  pid 29689 @ 6
05-30 01:42:54.766 29569 31016 V AudioFlinger:  pid 29689 @ 7
05-30 01:42:54.766 29689 29947 D ConnectivityService: releasing NetworkRequest [ REQUEST id=1734, [ Capabilities: INTERNET&NOT_RESTRICTED&TRUSTED&NOT_VCN_MANAGED Uid: 10126 RequestorUid: 10126 RequestorPkg: com.google.android.apps.youtube.music UnderlyingNetworks: Null] ] (release request)
05-30 01:42:54.766 29689 29947 D ConnectivityService: releasing NetworkRequest [ REQUEST id=1736, [ Capabilities: INTERNET&NOT_RESTRICTED&TRUSTED&NOT_VCN_MANAGED Uid: 10126 RequestorUid: 10126 RequestorPkg: com.google.android.apps.youtube.music UnderlyingNetworks: Null] ] (release request)
05-30 01:42:54.766 29689 29947 D ConnectivityService: releasing NetworkRequest [ REQUEST id=1739, [ Capabilities: INTERNET&NOT_RESTRICTED&TRUSTED&NOT_VCN_MANAGED Uid: 10126 RequestorUid: 10126 RequestorPkg: com.google.android.apps.youtube.music UnderlyingNetworks: Null] ] (release request)
05-30 01:42:54.768 29568 29568 I Zygote  : Process 32264 exited due to signal 9 (Killed)
05-30 01:42:54.769  2713  2713 I Perf    : Connecting to perf service.
05-30 01:42:54.773 29689 29793 I libprocessgroup: Successfully killed process cgroup uid 10111 pid 32398 in 0ms
05-30 01:42:54.773 29689 29793 I libprocessgroup: Successfully killed process cgroup uid 10123 pid 32440 in 0ms
05-30 01:42:54.774 29689 29793 I libprocessgroup: Successfully killed process cgroup uid 10052 pid 32756 in 0ms
05-30 01:42:54.774 29689 29793 I libprocessgroup: Successfully killed process cgroup uid 10113 pid 32651 in 0ms
05-30 01:42:54.774 29689 29793 I libprocessgroup: Successfully killed process cgroup uid 10095 pid 31519 in 0ms
05-30 01:42:54.793  2713  2713 V GraphicsEnvironment: Currently set values for:
05-30 01:42:54.793  2713  2713 V GraphicsEnvironment:   angle_gl_driver_selection_pkgs=[]
05-30 01:42:54.793  2713  2713 V GraphicsEnvironment:   angle_gl_driver_selection_values=[]
05-30 01:42:54.794  2713  2713 V GraphicsEnvironment: ANGLE GameManagerService for ru.beru.android: false
05-30 01:42:54.794  2713  2713 V GraphicsEnvironment: ru.beru.android is not listed in per-application setting
05-30 01:42:54.795  2713  2713 V GraphicsEnvironment: Updatable production driver is not supported on the device.
05-30 01:42:54.821 29568 29568 I Zygote  : Process 31519 exited due to signal 9 (Killed)
05-30 01:42:54.825  2652  2842 D CompatibilityChangeReporter: Compat change id reported: 263076149; UID 10187; state: ENABLED
05-30 01:42:54.831   623   623 D lowmemorykiller: medium pressure event polling check
05-30 01:42:54.831   623   623 D lowmemorykiller: nr_free_pages: 22012 nr_inactive_file: 544163 nr_active_file: 215388 workingset_refault: 1463500273 pgrefill: 833922358 pgscan_kswapd: 2463625435 pgscan_direct: 11793505 pgscan_direct_throttle: 0 init_pgscan_direct: 11793505 init_pgscan_kswapd: 2463625435 base_file_lru: 753777 init_ws_refault: 1463482018 free_swap: 662227 total_swap: 1048575 swap_free_percentage: 63%
05-30 01:42:54.831   623   623 D lowmemorykiller: thrashing: 2% thrashing_limit: 30%
05-30 01:42:54.832   623   623 E lowmemorykiller: calc_zone_watermarks pgskip_deltas_val: 0 pgskip_deltas[PGSKIP_IDX(i++)]: 0
05-30 01:42:54.832   623   623 D lowmemorykiller: Not killing for medium pressure event polling check
05-30 01:42:54.835  2739  2739 W ziparchive: Unable to open '/data/app/~~7Jv3C-XD364p48iEfkE-Lw==/ru.yandex.translate-F_u6OigxRKqcUqGka7aIXw==/split_config.arm64_v8a.dm': No such file or directory
05-30 01:42:54.835  2739  2739 W ziparchive: Unable to open '/data/app/~~7Jv3C-XD364p48iEfkE-Lw==/ru.yandex.translate-F_u6OigxRKqcUqGka7aIXw==/split_config.arm64_v8a.dm': No such file or directory
05-30 01:42:54.836  2739  2739 W nslate:passport: Entry not found
05-30 01:42:54.837  2739  2739 W ziparchive: Unable to open '/data/app/~~7Jv3C-XD364p48iEfkE-Lw==/ru.yandex.translate-F_u6OigxRKqcUqGka7aIXw==/split_config.en.dm': No such file or directory
05-30 01:42:54.837  2739  2739 W ziparchive: Unable to open '/data/app/~~7Jv3C-XD364p48iEfkE-Lw==/ru.yandex.translate-F_u6OigxRKqcUqGka7aIXw==/split_config.en.dm': No such file or directory
05-30 01:42:54.838  2496  2877 D TrafficStats: tagSocket(125) with statsTag=0xffffffff, statsUid=-1
05-30 01:42:54.845  2870  2929 D CompatibilityChangeReporter: Compat change id reported: 263076149; UID 10165; state: DISABLED
05-30 01:42:54.848  2870  2948 D CompatibilityChangeReporter: Compat change id reported: 183155436; UID 10165; state: ENABLED
05-30 01:42:54.861 29689   797 D NtAmDebugConfig: checkNtSkipFreezing app=ru.kinopoisk:AppMetrica focused=com.dracul.notes
05-30 01:42:54.864  2739  2739 W nslate:passport: Entry not found
05-30 01:42:54.865  2739  2739 W ziparchive: Unable to open '/data/app/~~7Jv3C-XD364p48iEfkE-Lw==/ru.yandex.translate-F_u6OigxRKqcUqGka7aIXw==/split_config.xxhdpi.dm': No such file or directory
05-30 01:42:54.865  2739  2739 W ziparchive: Unable to open '/data/app/~~7Jv3C-XD364p48iEfkE-Lw==/ru.yandex.translate-F_u6OigxRKqcUqGka7aIXw==/split_config.xxhdpi.dm': No such file or directory
05-30 01:42:54.865  2713  2713 E MarketProcess: Unknown process with name ru.beru.android:AppMetrica
05-30 01:42:54.865  2739  2739 W nslate:passport: Entry not found
05-30 01:42:54.869  2739  2739 D nativeloader: Configuring clns-4 for other apk /data/app/~~7Jv3C-XD364p48iEfkE-Lw==/ru.yandex.translate-F_u6OigxRKqcUqGka7aIXw==/base.apk:/data/app/~~7Jv3C-XD364p48iEfkE-Lw==/ru.yandex.translate-F_u6OigxRKqcUqGka7aIXw==/split_config.arm64_v8a.apk:/data/app/~~7Jv3C-XD364p48iEfkE-Lw==/ru.yandex.translate-F_u6OigxRKqcUqGka7aIXw==/split_config.en.apk:/data/app/~~7Jv3C-XD364p48iEfkE-Lw==/ru.yandex.translate-F_u6OigxRKqcUqGka7aIXw==/split_config.xxhdpi.apk. target_sdk_version=34, uses_libraries=, library_path=/data/app/~~7Jv3C-XD364p48iEfkE-Lw==/ru.yandex.translate-F_u6OigxRKqcUqGka7aIXw==/lib/arm64:/data/app/~~7Jv3C-XD364p48iEfkE-Lw==/ru.yandex.translate-F_u6OigxRKqcUqGka7aIXw==/base.apk!/lib/arm64-v8a:/data/app/~~7Jv3C-XD364p48iEfkE-Lw==/ru.yandex.translate-F_u6OigxRKqcUqGka7aIXw==/split_config.arm64_v8a.apk!/lib/arm64-v8a:/data/app/~~7Jv3C-XD364p48iEfkE-Lw==/ru.yandex.translate-F_u6OigxRKqcUqGka7aIXw==/split_config.en.apk!/lib/arm64-v8a:/data/app/~~7Jv3C-XD364p48iEfkE-Lw==/ru.yandex.translate-F_u6OigxRKqcUqGka7aIXw==/split_c
05-30 01:42:54.875  2870  2948 I AppMetrica: Initializing of AppMetrica, Release type, Version 6.2.2, API Level 112, Dated 05.02.2024.
05-30 01:42:54.886  2739  2739 I Perf    : Connecting to perf service.
05-30 01:42:54.891  2870  2959 D TrafficStats: tagSocket(112) with statsTag=0xffffffff, statsUid=-1
05-30 01:42:54.892  2870  2959 D TrafficStats: tagSocket(112) with statsTag=0xffffffff, statsUid=-1
05-30 01:42:54.894  2739  2739 V GraphicsEnvironment: Currently set values for:
05-30 01:42:54.894  2739  2739 V GraphicsEnvironment:   angle_gl_driver_selection_pkgs=[]
05-30 01:42:54.894  2739  2739 V GraphicsEnvironment:   angle_gl_driver_selection_values=[]
05-30 01:42:54.894  2739  2739 V GraphicsEnvironment: ANGLE GameManagerService for ru.yandex.translate: false
05-30 01:42:54.894  2739  2739 V GraphicsEnvironment: ru.yandex.translate is not listed in per-application setting
05-30 01:42:54.895  2739  2739 V GraphicsEnvironment: Updatable production driver is not supported on the device.
05-30 01:42:54.901  2809  2809 W ziparchive: Unable to open '/data/app/~~DcuD15YLu2xYqjRtLVQutQ==/ru.yandex.weatherplugin-c-uyXJwkJyR3fYh3o_3ckA==/split_config.arm64_v8a.dm': No such file or directory
05-30 01:42:54.901  2809  2809 W ziparchive: Unable to open '/data/app/~~DcuD15YLu2xYqjRtLVQutQ==/ru.yandex.weatherplugin-c-uyXJwkJyR3fYh3o_3ckA==/split_config.arm64_v8a.dm': No such file or directory
05-30 01:42:54.902  2809  2809 W plugin:passport: Entry not found
05-30 01:42:54.903  2809  2809 W ziparchive: Unable to open '/data/app/~~DcuD15YLu2xYqjRtLVQutQ==/ru.yandex.weatherplugin-c-uyXJwkJyR3fYh3o_3ckA==/split_config.xxhdpi.dm': No such file or directory
05-30 01:42:54.903  2809  2809 W ziparchive: Unable to open '/data/app/~~DcuD15YLu2xYqjRtLVQutQ==/ru.yandex.weatherplugin-c-uyXJwkJyR3fYh3o_3ckA==/split_config.xxhdpi.dm': No such file or directory
05-30 01:42:54.910  2809  2809 W plugin:passport: Entry not found
05-30 01:42:54.911  2582  2582 D CompatibilityChangeReporter: Compat change id reported: 263076149; UID 10312; state: DISABLED
05-30 01:42:54.912  2582  2582 D CompatibilityChangeReporter: Compat change id reported: 183155436; UID 10312; state: ENABLED
05-30 01:42:54.922  2809  2809 D nativeloader: Configuring clns-5 for other apk /data/app/~~DcuD15YLu2xYqjRtLVQutQ==/ru.yandex.weatherplugin-c-uyXJwkJyR3fYh3o_3ckA==/base.apk:/data/app/~~DcuD15YLu2xYqjRtLVQutQ==/ru.yandex.weatherplugin-c-uyXJwkJyR3fYh3o_3ckA==/split_config.arm64_v8a.apk:/data/app/~~DcuD15YLu2xYqjRtLVQutQ==/ru.yandex.weatherplugin-c-uyXJwkJyR3fYh3o_3ckA==/split_config.xxhdpi.apk. target_sdk_version=33, uses_libraries=, library_path=/data/app/~~DcuD15YLu2xYqjRtLVQutQ==/ru.yandex.weatherplugin-c-uyXJwkJyR3fYh3o_3ckA==/lib/arm64:/data/app/~~DcuD15YLu2xYqjRtLVQutQ==/ru.yandex.weatherplugin-c-uyXJwkJyR3fYh3o_3ckA==/base.apk!/lib/arm64-v8a:/data/app/~~DcuD15YLu2xYqjRtLVQutQ==/ru.yandex.weatherplugin-c-uyXJwkJyR3fYh3o_3ckA==/split_config.arm64_v8a.apk!/lib/arm64-v8a:/data/app/~~DcuD15YLu2xYqjRtLVQutQ==/ru.yandex.weatherplugin-c-uyXJwkJyR3fYh3o_3ckA==/split_config.xxhdpi.apk!/lib/arm64-v8a, permitted_path=/data:/mnt/expand:/data/user/0/ru.yandex.weatherplugin
05-30 01:42:54.923  2496  2632 D TrafficStats: tagSocket(125) with statsTag=0xffffffff, statsUid=-1
05-30 01:42:54.931 29010 29034 W android.youtube: Suspending all threads took: 8.976ms
05-30 01:42:54.933 29010 29848 W SQLiteLog: (28) double-quoted string literal: "13e0fcbf-3abc-4018-a0ef-a890c65e35ca"
05-30 01:42:54.933 29010 29848 W SQLiteLog: (28) double-quoted string literal: "22f4c28d-5dc2-4601-870a-76e2a09d3d64"
05-30 01:42:54.933 29010 29848 W SQLiteLog: (28) double-quoted string literal: "2541756b-854c-4a6c-97d2-77653d0cf9d5"
05-30 01:42:54.933 29010 29848 W SQLiteLog: (28) double-quoted string literal: "78f2a351-8b6a-48ef-8fa4-95a5b6adb101"
05-30 01:42:54.933 29010 29848 W SQLiteLog: (28) double-quoted string literal: "211e9850-194e-4738-853d-11fd1b41e52c"
05-30 01:42:54.933 29010 29848 W SQLiteLog: (28) double-quoted string literal: "42885aa4-69db-41ad-84f3-3021b1917739"
05-30 01:42:54.933 29010 29848 W SQLiteLog: (28) double-quoted string literal: "323871b8-e306-4c04-bfd6-4b4c3ce660ba"
05-30 01:42:54.933 29010 29848 W SQLiteLog: (28) double-quoted string literal: "9323abd4-ff5f-4108-8f94-d7318ccc6fe9"
05-30 01:42:54.933 29010 29848 W SQLiteLog: (28) double-quoted string literal: "057a257c-e0a0-41ff-a1ee-ea1317a98fae"
05-30 01:42:54.933 29010 29848 W SQLiteLog: (28) double-quoted string literal: "cfd2b836-0037-4b6e-8a3b-a1c9faee2c2d"
05-30 01:42:54.933 29010 29848 W SQLiteLog: (28) double-quoted string literal: "8845b4b6-5b96-44b9-87b5-35565f7da611"
05-30 01:42:54.933 29010 29848 W SQLiteLog: (28) double-quoted string literal: "c4642403-90b9-4cc3-b066-7b3e718c7544"
05-30 01:42:54.933 29010 29848 W SQLiteLog: (28) double-quoted string literal: "5c44b48e-0aaa-4441-b6f3-3205bb81ccb3"
05-30 01:42:54.933 29010 29848 W SQLiteLog: (28) double-quoted string literal: "5f0d87a8-8d2d-4115-9632-9b64a37d94ca"
05-30 01:42:54.933 29010 29848 W SQLiteLog: (28) double-quoted string literal: "3184f450-9439-4078-9314-7254ce69b7d8"
05-30 01:42:54.933 29010 29848 W SQLiteLog: (28) double-quoted string literal: "b29dac6c-be66-4246-8623-443d126508d4"
05-30 01:42:54.933 29010 29848 W SQLiteLog: (28) double-quoted string literal: "b64814b5-e197-4545-94e5-25e8f075f78a"
05-30 01:42:54.933 29010 29848 W SQLiteLog: (28) double-quoted string literal: "323dc45e-d19e-43fb-80f7-154ec8c8b88e"
05-30 01:42:54.933 29010 29848 W SQLiteLog: (28) double-quoted string literal: "a8b78437-bc4a-4c4f-8a86-104945d21101"
05-30 01:42:54.933 29010 29848 W SQLiteLog: (28) double-quoted string literal: "b7ce0860-7835-438a-a49d-8dbc7564ecb7"
05-30 01:42:54.933 29010 29848 W SQLiteLog: (28) double-quoted string literal: "28bf869a-5cb2-492c-8fe2-e7b8f0bd9756"
05-30 01:42:54.933 29010 29848 W SQLiteLog: (28) double-quoted string literal: "8960d348-8c87-4a74-9ade-b27824dad3a8"
05-30 01:42:54.933 29010 29848 W SQLiteLog: (28) double-quoted string literal: "864e931f-87d3-4dfc-80a3-8ded8549c279"
05-30 01:42:54.933 29010 29848 W SQLiteLog: (28) double-quoted string literal: "d249eee4-0cdf-4f3a-9e56-0a5e016522b5"
05-30 01:42:54.933 29010 29848 W SQLiteLog: (28) double-quoted string literal: "021088c0-86f1-4a88-9c31-89e2892803e4"
05-30 01:42:54.933 29010 29848 W SQLiteLog: (28) double-quoted string literal: "fa938a7e-bb50-4453-8a0e-f6f451423507"
05-30 01:42:54.933 29010 29848 W SQLiteLog: (28) double-quoted string literal: "e42e5940-bc53-45c0-97c5-4919b29b19e7"
05-30 01:42:54.933 29010 29848 W SQLiteLog: (28) double-quoted string literal: "9986404c-502c-47b6-a605-873c1edfae68"
05-30 01:42:54.933 29010 29848 W SQLiteLog: (28) double-quoted string literal: "bd9d2054-6164-413a-b226-f87cf888c9b5"
05-30 01:42:54.935   623   623 D lowmemorykiller: medium pressure event polling check
05-30 01:42:54.935   623   623 D lowmemorykiller: nr_free_pages: 16573 nr_inactive_file: 547799 nr_active_file: 215284 workingset_refault: 1463505259 pgrefill: 833922982 pgscan_kswapd: 2463627085 pgscan_direct: 11793505 pgscan_direct_throttle: 0 init_pgscan_direct: 11793505 init_pgscan_kswapd: 2463625435 base_file_lru: 753777 init_ws_refault: 1463482018 free_swap: 662291 total_swap: 1048575 swap_free_percentage: 63%
05-30 01:42:54.935   623   623 D lowmemorykiller: thrashing: 3% thrashing_limit: 30%
05-30 01:42:54.935   623   623 E lowmemorykiller: calc_zone_watermarks pgskip_deltas_val: 0 pgskip_deltas[PGSKIP_IDX(i++)]: 0
05-30 01:42:54.935   623   623 D lowmemorykiller: Not killing for medium pressure event polling check
05-30 01:42:54.939  2582  2966 I AppMetrica: Initializing of AppMetrica, Release type, Version 6.3.0, API Level 113, Dated 18.03.2024.
05-30 01:42:54.945  2652  2977 D CompatibilityChangeReporter: Compat change id reported: 183155436; UID 10187; state: ENABLED
05-30 01:42:54.947  2870  2948 I AppMetrica: Activate reporter with APIKey 20799a27-xxxx-xxxx-xxxx-xxxxxxxx4180
05-30 01:42:54.954 29689  2704 D NtAmDebugConfig: checkNtSkipFreezing app=ru.kinopoisk:AppMetrica focused=com.dracul.notes
05-30 01:42:54.960  2739  2739 D CompatibilityChangeReporter: Compat change id reported: 263076149; UID 10271; state: ENABLED
05-30 01:42:54.960  2739  2739 D CompatibilityChangeReporter: Compat change id reported: 183155436; UID 10271; state: ENABLED
05-30 01:42:54.961 29689  2704 D NtAmDebugConfig: checkNtSkipFreezing app=ru.yandex.music:AppMetrica focused=com.dracul.notes
05-30 01:42:54.966 29689 31613 D NtAmDebugConfig: checkNtSkipFreezing app=ru.beru.android:AppMetrica focused=com.dracul.notes
05-30 01:42:54.983  2652  2977 I AppMetrica: Initializing of AppMetrica, Release type, Version 6.3.0, API Level 113, Dated 18.03.2024.
05-30 01:42:54.984  2870  2960 D TrafficStats: tagSocket(116) with statsTag=0xffffffff, statsUid=-1
05-30 01:42:54.989  2652  2985 D TrafficStats: tagSocket(109) with statsTag=0xffffffff, statsUid=-1
05-30 01:42:54.990 29689 29793 I libprocessgroup: Successfully killed process cgroup uid 10135 pid 29010 in 21ms
05-30 01:42:54.990  2652  2985 D TrafficStats: tagSocket(109) with statsTag=0xffffffff, statsUid=-1
05-30 01:42:54.992  1289  1289 D vendor.qti.vibrator: QTI Vibrator off
05-30 01:42:54.993  1289  1289 D vendor.qti.vibrator: QTI Vibrator off
05-30 01:42:55.034   623   623 D lowmemorykiller: medium pressure event polling check
05-30 01:42:55.034   623   623 D lowmemorykiller: nr_free_pages: 17952 nr_inactive_file: 545935 nr_active_file: 212872 workingset_refault: 1463510275 pgrefill: 833927012 pgscan_kswapd: 2463637772 pgscan_direct: 11793505 pgscan_direct_throttle: 0 init_pgscan_direct: 11793505 init_pgscan_kswapd: 2463627085 base_file_lru: 753777 init_ws_refault: 1463482018 free_swap: 662547 total_swap: 1048575 swap_free_percentage: 63%
05-30 01:42:55.034   623   623 D lowmemorykiller: thrashing: 3% thrashing_limit: 30%
05-30 01:42:55.034   623   623 E lowmemorykiller: calc_zone_watermarks pgskip_deltas_val: 0 pgskip_deltas[PGSKIP_IDX(i++)]: 0
05-30 01:42:55.034   623   623 D lowmemorykiller: Not killing for medium pressure event polling check
05-30 01:42:55.040  2809  2809 I Perf    : Connecting to perf service.
05-30 01:42:55.066  2148  2679 V XMPush-2148: java.lang.NullPointerException: Attempt to get length of null array
05-30 01:42:55.066  2148  2679 V XMPush-2148: 	at com.xiaomi.push.service.bh.a(Unknown Source:0)
05-30 01:42:55.066  2148  2679 V XMPush-2148: 	at com.xiaomi.push.service.bh.a(SourceFile:21)
05-30 01:42:55.066  2148  2679 V XMPush-2148: 	at com.xiaomi.push.service.bh.a(Unknown Source:24)
05-30 01:42:55.066  2148  2679 V XMPush-2148: 	at com.xiaomi.push.bl.a(SourceFile:2)
05-30 01:42:55.066  2148  2679 V XMPush-2148: 	at com.xiaomi.push.bl.b(Unknown Source:11)
05-30 01:42:55.066  2148  2679 V XMPush-2148: 	at com.xiaomi.push.bp.a(SourceFile:4)
05-30 01:42:55.066  2148  2679 V XMPush-2148: 	at com.xiaomi.push.bz.b(SourceFile:1)
05-30 01:42:55.066  2148  2679 V XMPush-2148: 	at com.xiaomi.push.service.XMPushService.a(SourceFile:13)
05-30 01:42:55.066  2148  2679 V XMPush-2148: 	at com.xiaomi.push.cb.a(SourceFile:2)
05-30 01:42:55.066  2148  2679 V XMPush-2148: 	at com.xiaomi.push.service.XMPushService$j.run(Unknown Source:18)
05-30 01:42:55.066  2148  2679 V XMPush-2148: 	at com.xiaomi.push.service.o$c.run(Unknown Source:152)
05-30 01:42:55.068  2809  2809 V GraphicsEnvironment: Currently set values for:
05-30 01:42:55.068  2809  2809 V GraphicsEnvironment:   angle_gl_driver_selection_pkgs=[]
05-30 01:42:55.068  2809  2809 V GraphicsEnvironment:   angle_gl_driver_selection_values=[]
05-30 01:42:55.068  2809  2809 V GraphicsEnvironment: ANGLE GameManagerService for ru.yandex.weatherplugin: false
05-30 01:42:55.069  2809  2809 V GraphicsEnvironment: ru.yandex.weatherplugin is not listed in per-application setting
05-30 01:42:55.069  2809  2809 V GraphicsEnvironment: Updatable production driver is not supported on the device.
05-30 01:42:55.073  2148  2148 W com.xiaomi.smarthome:pushservice: type=1400 audit(0.0:151843): avc:  denied  { read } for  comm=436F6E6E656374696F6E20436F6E74 name="tcp" dev="proc" ino=4026532109 scontext=u:r:untrusted_app_32:s0:c246,c256,c512,c768 tcontext=u:object_r:proc_net_tcp_udp:s0 tclass=file permissive=0 app=com.xiaomi.smarthome
05-30 01:42:55.073  2148  2148 W com.xiaomi.smarthome:pushservice: type=1400 audit(0.0:151844): avc:  denied  { read } for  comm=436F6E6E656374696F6E20436F6E74 name="tcp6" dev="proc" ino=4026532390 scontext=u:r:untrusted_app_32:s0:c246,c256,c512,c768 tcontext=u:object_r:proc_net_tcp_udp:s0 tclass=file permissive=0 app=com.xiaomi.smarthome
05-30 01:42:55.083  2148  2679 D TrafficStats: tagSocket(118) with statsTag=0xffffffff, statsUid=-1
05-30 01:42:55.119  2652  2986 D TrafficStats: tagSocket(112) with statsTag=0xffffffff, statsUid=-1
05-30 01:42:55.125  2870  2960 D TrafficStats: tagSocket(117) with statsTag=0xffffffff, statsUid=-1
05-30 01:42:55.127  2652  2977 I AppMetrica: Activate reporter with APIKey 20799a27-xxxx-xxxx-xxxx-xxxxxxxx4180
05-30 01:42:55.134   623   623 D lowmemorykiller: medium pressure event polling check
05-30 01:42:55.135   623   623 D lowmemorykiller: nr_free_pages: 24037 nr_inactive_file: 542190 nr_active_file: 212505 workingset_refault: 1463511249 pgrefill: 833928973 pgscan_kswapd: 2463642973 pgscan_direct: 11793505 pgscan_direct_throttle: 0 init_pgscan_direct: 11793505 init_pgscan_kswapd: 2463637772 base_file_lru: 753777 init_ws_refault: 1463482018 free_swap: 662675 total_swap: 1048575 swap_free_percentage: 63%
05-30 01:42:55.135   623   623 D lowmemorykiller: thrashing: 3% thrashing_limit: 30%
05-30 01:42:55.135   623   623 E lowmemorykiller: calc_zone_watermarks pgskip_deltas_val: 0 pgskip_deltas[PGSKIP_IDX(i++)]: 0
05-30 01:42:55.135   623   623 D lowmemorykiller: Not killing for medium pressure event polling check
05-30 01:42:55.151  2582  2966 I AppMetrica: Activate reporter with APIKey 67bb016b-xxxx-xxxx-xxxx-xxxxxxxx03d3
05-30 01:42:55.152  2582  2966 I AppMetrica: Activate reporter with APIKey 20799a27-xxxx-xxxx-xxxx-xxxxxxxx4180
05-30 01:42:55.162 29689  2704 D NtAmDebugConfig: checkNtSkipFreezing app=ru.yandex.music:AppMetrica focused=com.dracul.notes
05-30 01:42:55.170 29569  2285 V AudioFlinger: 29010 died, releasing its sessions
05-30 01:42:55.170 29689 29947 D ConnectivityService: releasing NetworkRequest [ REQUEST id=1705, [ Capabilities: INTERNET&NOT_RESTRICTED&TRUSTED&NOT_VCN_MANAGED Uid: 10135 RequestorUid: 10135 RequestorPkg: com.google.android.youtube UnderlyingNetworks: Null] ] (release request)
05-30 01:42:55.170 29569  2285 V AudioFlinger:  pid 30050 @ 0
05-30 01:42:55.170 29569  2285 V AudioFlinger:  pid 31742 @ 1
05-30 01:42:55.170 29569  2285 V AudioFlinger:  pid 29689 @ 2
05-30 01:42:55.170 29569  2285 V AudioFlinger:  pid 29689 @ 3
05-30 01:42:55.170 29569  2285 V AudioFlinger:  pid 26645 @ 4
05-30 01:42:55.170 29569  2285 V AudioFlinger:  pid 29689 @ 5
05-30 01:42:55.170 29569  2285 V AudioFlinger:  pid 29689 @ 6
05-30 01:42:55.170 29569  2285 V AudioFlinger:  pid 29689 @ 7
05-30 01:42:55.170 29689 29947 D ConnectivityService: releasing NetworkRequest [ REQUEST id=1707, [ Capabilities: INTERNET&NOT_RESTRICTED&TRUSTED&NOT_VCN_MANAGED Uid: 10135 RequestorUid: 10135 RequestorPkg: com.google.android.youtube UnderlyingNetworks: Null] ] (release request)
05-30 01:42:55.171 29689 29947 D ConnectivityService: releasing NetworkRequest [ REQUEST id=1709, [ Capabilities: INTERNET&NOT_RESTRICTED&TRUSTED&NOT_VCN_MANAGED Uid: 10135 RequestorUid: 10135 RequestorPkg: com.google.android.youtube UnderlyingNetworks: Null] ] (release request)
05-30 01:42:55.171 29689 29947 D ConnectivityService: releasing NetworkRequest [ REQUEST id=1714, [ Capabilities: INTERNET&NOT_RESTRICTED&TRUSTED&NOT_VCN_MANAGED Uid: 10135 RequestorUid: 10135 RequestorPkg: com.google.android.youtube UnderlyingNetworks: Null] ] (release request)
05-30 01:42:55.171 29568 29568 D Zygote  : Forked child process 3023
05-30 01:42:55.178 29689  2704 D NtAmDebugConfig: checkNtSkipFreezing app=org.mozilla.firefox focused=com.dracul.notes
05-30 01:42:55.178  2870  3016 D TrafficStats: tagSocket(117) with statsTag=0xffffffff, statsUid=-1
05-30 01:42:55.178 29689  2704 D NtAmDebugConfig: checkNtSkipFreezing app=org.mozilla.firefox:gpu focused=com.dracul.notes
05-30 01:42:55.178 29689  2704 D NtAmDebugConfig: checkNtSkipFreezing app=org.mozilla.firefox:tab20 focused=com.dracul.notes
05-30 01:42:55.179  2870  3016 D TrafficStats: tagSocket(117) with statsTag=0xffffffff, statsUid=-1
05-30 01:42:55.179 30106 30106 I FenixApplication: onTrimMemory(), level=40, main=false
05-30 01:42:55.179 30106 30106 I MemoryController: onTrimMemory(40)
05-30 01:42:55.180 31766 31766 I FenixApplication: onTrimMemory(), level=40, main=false
05-30 01:42:55.180 31766 31766 I MemoryController: onTrimMemory(40)
05-30 01:42:55.181 28945 28945 I MemoryController: onTrimMemory(40)
05-30 01:42:55.181 28945 28945 I FenixApplication: onTrimMemory(), level=40, main=true
05-30 01:42:55.183  3023  3023 I taxi:AppMetrica: Using CollectorTypeCC GC.
05-30 01:42:55.183 29568 29568 I Zygote  : Process 29010 exited due to signal 9 (Killed)
05-30 01:42:55.185  3023  3023 E taxi:AppMetrica: Not starting debugger since process cannot load the jdwp agent.
05-30 01:42:55.191 30471 30471 I NT-TouchInteractionService: onInputEvent: start receive down action, value is MotionEvent { action=ACTION_DOWN, actionButton=0, id[0]=0, x[0]=862.20215, y[0]=1062.5576, toolType[0]=TOOL_TYPE_FINGER, buttonState=0, classification=NONE, metaState=0, flags=0x0, edgeFlags=0x0, pointerCount=1, historySize=0, eventTime=603309690, downTime=603309690, deviceId=4, source=0x1002, displayId=0, eventId=67869865 }
05-30 01:42:55.191 30471 30471 I NT-TouchInteractionService: onInputEvent: inputConsumer is NO_OP, value is com.android.quickstep.k2@bdfd4d9
05-30 01:42:55.191 30471 30471 I NT-TouchInteractionService: onInputEvent: run completed, event = MotionEvent { action=ACTION_DOWN, actionButton=0, id[0]=0, x[0]=862.20215, y[0]=1062.5576, toolType[0]=TOOL_TYPE_FINGER, buttonState=0, classification=NONE, metaState=0, flags=0x0, edgeFlags=0x0, pointerCount=1, historySize=0, eventTime=603309690, downTime=603309690, deviceId=4, source=0x1002, displayId=0, eventId=67869865 }, inputConsumer = com.android.quickstep.k2@bdfd4d9
05-30 01:42:55.195 29689 32436 D CompatibilityInfo: mCompatibilityFlags - 0
05-30 01:42:55.195 29689 32436 D CompatibilityInfo: applicationDensity - 420
05-30 01:42:55.195 29689 32436 D CompatibilityInfo: applicationScale - 1.0
05-30 01:42:55.211  3023  3023 D CompatibilityChangeReporter: Compat change id reported: 171979766; UID 10312; state: ENABLED
05-30 01:42:55.211  3023  3023 D CompatibilityChangeReporter: Compat change id reported: 242716250; UID 10312; state: DISABLED
05-30 01:42:55.224  3023  3023 D nativeloader: Configuring clns-4 for other apk /system/framework/org.apache.http.legacy.jar. target_sdk_version=33, uses_libraries=ALL, library_path=/data/app/~~Qk4UgQNjvTG_QLU2i8vKiQ==/ru.yandex.taxi-Uq98QEZTaBzFVfpsiY_22A==/lib/arm64:/data/app/~~Qk4UgQNjvTG_QLU2i8vKiQ==/ru.yandex.taxi-Uq98QEZTaBzFVfpsiY_22A==/base.apk!/lib/arm64-v8a:/data/app/~~Qk4UgQNjvTG_QLU2i8vKiQ==/ru.yandex.taxi-Uq98QEZTaBzFVfpsiY_22A==/split_config.arm64_v8a.apk!/lib/arm64-v8a:/data/app/~~Qk4UgQNjvTG_QLU2i8vKiQ==/ru.yandex.taxi-Uq98QEZTaBzFVfpsiY_22A==/split_config.xxhdpi.apk!/lib/arm64-v8a, permitted_path=/data:/mnt/expand:/data/user/0/ru.yandex.taxi
05-30 01:42:55.224  3023  3023 D nativeloader: Extending system_exposed_libraries: libbinauralrenderer_wrapper.qti.so:libhoaeffects.qti.so:libQOC.qti.so:libupdateprof.qti.so:libthermalclient.qti.so:libQOC.qti.so:libdiag_system.qti.so:libqape.qti.so:libqesdk_ndk_platform.qti.so:liblistenjni.qti.so
05-30 01:42:55.232   623   623 D lowmemorykiller: medium pressure event polling check
05-30 01:42:55.233   623   623 D lowmemorykiller: nr_free_pages: 23914 nr_inactive_file: 544009 nr_active_file: 213144 workingset_refault: 1463513759 pgrefill: 833928973 pgscan_kswapd: 2463642973 pgscan_direct: 11793505 pgscan_direct_throttle: 0 init_pgscan_direct: 11793505 init_pgscan_kswapd: 2463642973 base_file_lru: 753777 init_ws_refault: 1463482018 free_swap: 662675 total_swap: 1048575 swap_free_percentage: 63%
05-30 01:42:55.233   623   623 D lowmemorykiller: thrashing: 4% thrashing_limit: 30%
05-30 01:42:55.233   623   623 E lowmemorykiller: calc_zone_watermarks pgskip_deltas_val: 0 pgskip_deltas[PGSKIP_IDX(i++)]: 0
05-30 01:42:55.233   623   623 D lowmemorykiller: Not killing for medium pressure event polling check
05-30 01:42:55.245 30471 30471 I NT-TouchInteractionService: onInputEvent: start receive down action, value is MotionEvent { action=ACTION_UP, actionButton=0, id[0]=0, x[0]=862.20215, y[0]=1062.5576, toolType[0]=TOOL_TYPE_FINGER, buttonState=0, classification=NONE, metaState=0, flags=0x0, edgeFlags=0x0, pointerCount=1, historySize=0, eventTime=603309745, downTime=603309690, deviceId=4, source=0x1002, displayId=0, eventId=28780683 }
05-30 01:42:55.245 30471 30471 I NT-TouchInteractionService: onInputEvent: run completed, event = MotionEvent { action=ACTION_UP, actionButton=0, id[0]=0, x[0]=862.20215, y[0]=1062.5576, toolType[0]=TOOL_TYPE_FINGER, buttonState=0, classification=NONE, metaState=0, flags=0x0, edgeFlags=0x0, pointerCount=1, historySize=0, eventTime=603309745, downTime=603309690, deviceId=4, source=0x1002, displayId=0, eventId=28780683 }, inputConsumer = com.android.quickstep.inputconsumers.ResetGestureInputConsumer@3513b4e
05-30 01:42:55.249  1514  1514 W WindowOnBackDispatcher: OnBackInvokedCallback is not enabled for the application.
