05-30 01:42:50.258   766   766 V GraphicsEnvironment: com.google.android.apps.adm is not listed in per-application setting
05-30 01:42:50.258   766   766 V GraphicsEnvironment: Updatable production driver is not supported on the device.
05-30 01:42:50.266 29568 29568 D Zygote  : Forked child process 1077
05-30 01:42:50.269 29689 29790 W SearchableInfo: Invalid searchable metadata for com.instagram.android/com.instagram.direct.appwidget.DirectRecipientSearchActivity: Search label must be a resource reference.
05-30 01:42:50.276  1077  1077 I om.dracul.notes: Using CollectorTypeCC GC.
05-30 01:42:50.276 28945 28945 I TranslationsMiddleware: Success requesting supported languages.
05-30 01:42:50.279 26379 26384 I adbd    : jdwp connection from 1077
05-30 01:42:50.282   766   766 D CompatibilityChangeReporter: Compat change id reported: 183155436; UID 10183; state: ENABLED
05-30 01:42:50.286 29689 30472 D CompatibilityInfo: mCompatibilityFlags - 0
05-30 01:42:50.286 29689 30472 D CompatibilityInfo: applicationDensity - 420
05-30 01:42:50.286 29689 30472 D CompatibilityInfo: applicationScale - 1.0
05-30 01:42:50.289 28945 28945 I TranslationsMiddleware: Success requesting language settings.
05-30 01:42:50.299  1077  1077 D CompatibilityChangeReporter: Compat change id reported: 171979766; UID 10339; state: ENABLED
05-30 01:42:50.299  1077  1077 D CompatibilityChangeReporter: Compat change id reported: 242716250; UID 10339; state: ENABLED
05-30 01:42:50.306 30515 31246 D nativeloader: Configuring clns-6 for other apk /system/framework/com.android.media.remotedisplay.jar. target_sdk_version=34, uses_libraries=ALL, library_path=/data/app/~~IP5W9D4ed-szvQPFRcC0nQ==/com.google.android.gms-yV8n72sT6SmfBriAQal-WA==/lib/arm64:/data/app/~~IP5W9D4ed-szvQPFRcC0nQ==/com.google.android.gms-yV8n72sT6SmfBriAQal-WA==/base.apk!/lib/arm64-v8a, permitted_path=/data:/mnt/expand:/data/user/0/com.google.android.gms
05-30 01:42:50.306 30515 31246 D nativeloader: Extending system_exposed_libraries: libbinauralrenderer_wrapper.qti.so:libhoaeffects.qti.so:libQOC.qti.so:libupdateprof.qti.so:libthermalclient.qti.so:libQOC.qti.so:libdiag_system.qti.so:libqape.qti.so:libqesdk_ndk_platform.qti.so:liblistenjni.qti.so
05-30 01:42:50.312   623   623 D lowmemorykiller: medium pressure event polling check
05-30 01:42:50.313   623   623 D lowmemorykiller: nr_free_pages: 18136 nr_inactive_file: 531641 nr_active_file: 210624 workingset_refault: 1463300656 pgrefill: 833835305 pgscan_kswapd: 2463367028 pgscan_direct: 11793505 pgscan_direct_throttle: 0 init_pgscan_direct: 11793505 init_pgscan_kswapd: 2463352680 base_file_lru: 742809 init_ws_refault: 1463293118 free_swap: 664184 total_swap: 1048575 swap_free_percentage: 63%
05-30 01:42:50.313   623   623 D lowmemorykiller: thrashing: 1% thrashing_limit: 30%
05-30 01:42:50.313   623   623 E lowmemorykiller: calc_zone_watermarks pgskip_deltas_val: 0 pgskip_deltas[PGSKIP_IDX(i++)]: 0
05-30 01:42:50.313   623   623 D lowmemorykiller: Not killing for medium pressure event polling check
05-30 01:42:50.319   637   637 W ziparchive: Unable to open '/data/app/~~JUzz1LMEE6PYVrJC3b3yzA==/com.deliveryclub-EbXY6esPiJqQiv3ZEw7h1g==/split_config.arm64_v8a.dm': No such file or directory
05-30 01:42:50.319   637   637 W ziparchive: Unable to open '/data/app/~~JUzz1LMEE6PYVrJC3b3yzA==/com.deliveryclub-EbXY6esPiJqQiv3ZEw7h1g==/split_config.arm64_v8a.dm': No such file or directory
05-30 01:42:50.320   557  1047 I PhoneAccountHandleMigrationUtils_ContactsDatabaseHelper: updatePhoneAccountHandleMigrationPendingStatus false
05-30 01:42:50.320   637   637 W ryclub:passport: Entry not found
05-30 01:42:50.321   637   637 W ziparchive: Unable to open '/data/app/~~JUzz1LMEE6PYVrJC3b3yzA==/com.deliveryclub-EbXY6esPiJqQiv3ZEw7h1g==/split_config.en.dm': No such file or directory
05-30 01:42:50.321   637   637 W ziparchive: Unable to open '/data/app/~~JUzz1LMEE6PYVrJC3b3yzA==/com.deliveryclub-EbXY6esPiJqQiv3ZEw7h1g==/split_config.en.dm': No such file or directory
05-30 01:42:50.322   637   637 W ryclub:passport: Entry not found
05-30 01:42:50.323   637   637 W ziparchive: Unable to open '/data/app/~~JUzz1LMEE6PYVrJC3b3yzA==/com.deliveryclub-EbXY6esPiJqQiv3ZEw7h1g==/split_config.ru.dm': No such file or directory
05-30 01:42:50.323   637   637 W ziparchive: Unable to open '/data/app/~~JUzz1LMEE6PYVrJC3b3yzA==/com.deliveryclub-EbXY6esPiJqQiv3ZEw7h1g==/split_config.ru.dm': No such file or directory
05-30 01:42:50.324   637   637 W ryclub:passport: Entry not found
05-30 01:42:50.325  1077  1077 D nativeloader: Configuring clns-4 for other apk /data/app/~~S_gR6tqgfOGBOyZlsFtcvg==/com.dracul.notes-oJ1fl4rKeFrsYYM7AzhTww==/base.apk. target_sdk_version=34, uses_libraries=, library_path=/data/app/~~S_gR6tqgfOGBOyZlsFtcvg==/com.dracul.notes-oJ1fl4rKeFrsYYM7AzhTww==/lib/arm64:/data/app/~~S_gR6tqgfOGBOyZlsFtcvg==/com.dracul.notes-oJ1fl4rKeFrsYYM7AzhTww==/base.apk!/lib/arm64-v8a, permitted_path=/data:/mnt/expand:/data/user/0/com.dracul.notes
05-30 01:42:50.327 32514   902 I org.webrtc.Logging: EffectsMiniBenchmarkWorkerFactory: Received worker class com.google.android.libraries.hub.workmanager.HubListenableWorker
05-30 01:42:50.332   637   637 W ziparchive: Unable to open '/data/app/~~JUzz1LMEE6PYVrJC3b3yzA==/com.deliveryclub-EbXY6esPiJqQiv3ZEw7h1g==/split_config.xxhdpi.dm': No such file or directory
05-30 01:42:50.332   637   637 W ziparchive: Unable to open '/data/app/~~JUzz1LMEE6PYVrJC3b3yzA==/com.deliveryclub-EbXY6esPiJqQiv3ZEw7h1g==/split_config.xxhdpi.dm': No such file or directory
05-30 01:42:50.333   637   637 W ryclub:passport: Entry not found
05-30 01:42:50.337   637   637 D nativeloader: Configuring clns-5 for other apk /data/app/~~JUzz1LMEE6PYVrJC3b3yzA==/com.deliveryclub-EbXY6esPiJqQiv3ZEw7h1g==/base.apk:/data/app/~~JUzz1LMEE6PYVrJC3b3yzA==/com.deliveryclub-EbXY6esPiJqQiv3ZEw7h1g==/split_config.arm64_v8a.apk:/data/app/~~JUzz1LMEE6PYVrJC3b3yzA==/com.deliveryclub-EbXY6esPiJqQiv3ZEw7h1g==/split_config.en.apk:/data/app/~~JUzz1LMEE6PYVrJC3b3yzA==/com.deliveryclub-EbXY6esPiJqQiv3ZEw7h1g==/split_config.ru.apk:/data/app/~~JUzz1LMEE6PYVrJC3b3yzA==/com.deliveryclub-EbXY6esPiJqQiv3ZEw7h1g==/split_config.xxhdpi.apk. target_sdk_version=33, uses_libraries=, library_path=/data/app/~~JUzz1LMEE6PYVrJC3b3yzA==/com.deliveryclub-EbXY6esPiJqQiv3ZEw7h1g==/lib/arm64:/data/app/~~JUzz1LMEE6PYVrJC3b3yzA==/com.deliveryclub-EbXY6esPiJqQiv3ZEw7h1g==/base.apk!/lib/arm64-v8a:/data/app/~~JUzz1LMEE6PYVrJC3b3yzA==/com.deliveryclub-EbXY6esPiJqQiv3ZEw7h1g==/split_config.arm64_v8a.apk!/lib/arm64-v8a:/data/app/~~JUzz1LMEE6PYVrJC3b3yzA==/com.deliveryclub-EbXY6esPiJqQiv3ZEw7h1g==/split_config.en.apk!/lib/arm64-v8a:/data/app/~~JU
05-30 01:42:50.337 30515 31246 D nativeloader: Configuring clns-7 for other apk /system/framework/com.android.location.provider.jar. target_sdk_version=34, uses_libraries=ALL, library_path=/data/app/~~IP5W9D4ed-szvQPFRcC0nQ==/com.google.android.gms-yV8n72sT6SmfBriAQal-WA==/lib/arm64:/data/app/~~IP5W9D4ed-szvQPFRcC0nQ==/com.google.android.gms-yV8n72sT6SmfBriAQal-WA==/base.apk!/lib/arm64-v8a, permitted_path=/data:/mnt/expand:/data/user/0/com.google.android.gms
05-30 01:42:50.337 30515 31246 D nativeloader: Extending system_exposed_libraries: libbinauralrenderer_wrapper.qti.so:libhoaeffects.qti.so:libQOC.qti.so:libupdateprof.qti.so:libthermalclient.qti.so:libQOC.qti.so:libdiag_system.qti.so:libqape.qti.so:libqesdk_ndk_platform.qti.so:liblistenjni.qti.so
05-30 01:42:50.338  1077  1077 I Perf    : Connecting to perf service.
05-30 01:42:50.347  1077  1077 V GraphicsEnvironment: Currently set values for:
05-30 01:42:50.347  1077  1077 V GraphicsEnvironment:   angle_gl_driver_selection_pkgs=[]
05-30 01:42:50.347  1077  1077 V GraphicsEnvironment:   angle_gl_driver_selection_values=[]
05-30 01:42:50.347  1077  1077 V GraphicsEnvironment: ANGLE GameManagerService for com.dracul.notes: false
05-30 01:42:50.348 30515 31246 D nativeloader: Configuring clns-8 for other apk /data/app/~~IP5W9D4ed-szvQPFRcC0nQ==/com.google.android.gms-yV8n72sT6SmfBriAQal-WA==/base.apk. target_sdk_version=34, uses_libraries=, library_path=/data/app/~~IP5W9D4ed-szvQPFRcC0nQ==/com.google.android.gms-yV8n72sT6SmfBriAQal-WA==/lib/arm64:/data/app/~~IP5W9D4ed-szvQPFRcC0nQ==/com.google.android.gms-yV8n72sT6SmfBriAQal-WA==/base.apk!/lib/arm64-v8a, permitted_path=/data:/mnt/expand:/data/user/0/com.google.android.gms
05-30 01:42:50.348  1077  1077 V GraphicsEnvironment: com.dracul.notes is not listed in per-application setting
05-30 01:42:50.348  1077  1077 V GraphicsEnvironment: Updatable production driver is not supported on the device.
05-30 01:42:50.359 28945 30160 I libglean_ffi: glean_core::upload: Ping c4f82b6d-ff04-4575-9a86-fe34229a129d successfully sent 200.
05-30 01:42:50.360   623   623 D lowmemorykiller: medium pressure event triggered
05-30 01:42:50.360   623   623 D lowmemorykiller: nr_free_pages: 16254 nr_inactive_file: 532461 nr_active_file: 210912 workingset_refault: 1463301769 pgrefill: 833835305 pgscan_kswapd: 2463367028 pgscan_direct: 11793505 pgscan_direct_throttle: 0 init_pgscan_direct: 11793505 init_pgscan_kswapd: 2463367028 base_file_lru: 742809 init_ws_refault: 1463293118 free_swap: 664184 total_swap: 1048575 swap_free_percentage: 63%
05-30 01:42:50.360   623   623 D lowmemorykiller: thrashing: 1% thrashing_limit: 30%
05-30 01:42:50.360   623   623 E lowmemorykiller: calc_zone_watermarks pgskip_deltas_val: 0 pgskip_deltas[PGSKIP_IDX(i++)]: 0
05-30 01:42:50.360   623   623 D lowmemorykiller: Not killing for medium pressure event trigger
05-30 01:42:50.362 28945 30160 I libglean_ffi: glean_core::upload::directory: File was deleted /data/user/0/org.mozilla.firefox/glean_data/pending_pings/c4f82b6d-ff04-4575-9a86-fe34229a129d
05-30 01:42:50.362 28945 30160 I libglean_ffi: glean_core::upload: No more pings to upload! You are done.
05-30 01:42:50.364 28945 29820 I WM-WorkerWrapper: Worker result SUCCESS for Work [ id=65dd41bf-86d7-4fac-8d1f-ebe3fc8bb357, tags={ mozilla.telemetry.glean.scheduler.PingUploadWorker, mozac_service_glean_ping_upload_worker } ]
05-30 01:42:50.370 29689   797 D NtAmDebugConfig: checkNtSkipFreezing app=org.mozilla.firefox focused=com.nothing.launcher
05-30 01:42:50.371 29689   797 D NtAmDebugConfig: checkNtSkipFreezing app=org.mozilla.firefox:gpu focused=com.nothing.launcher
05-30 01:42:50.371 29689   797 D NtAmDebugConfig: checkNtSkipFreezing app=org.mozilla.firefox:tab20 focused=com.nothing.launcher
05-30 01:42:50.372 30106 30106 I FenixApplication: onTrimMemory(), level=40, main=false
05-30 01:42:50.372 30106 30106 I MemoryController: onTrimMemory(40)
05-30 01:42:50.373   637   637 I Perf    : Connecting to perf service.
05-30 01:42:50.373 31766 31766 I FenixApplication: onTrimMemory(), level=40, main=false
05-30 01:42:50.373 31766 31766 I MemoryController: onTrimMemory(40)
05-30 01:42:50.378 29689 29793 I libprocessgroup: Successfully killed process cgroup uid 10187 pid 28218 in 5ms
05-30 01:42:50.379 28945 28945 I MemoryController: onTrimMemory(40)
05-30 01:42:50.379 28945 28945 I FenixApplication: onTrimMemory(), level=40, main=true
05-30 01:42:50.383 29689 30472 D NtAmDebugConfig: checkNtSkipFreezing app=com.google.android.gm focused=com.nothing.launcher
05-30 01:42:50.401  1077  1118 W ziparchive: Unable to open '/system/framework/QXPerformance.dm': No such file or directory
05-30 01:42:50.402  1077  1118 W ziparchive: Unable to open '/system/framework/QXPerformance.dm': No such file or directory
05-30 01:42:50.406  1077  1077 D ProfileInstaller: RESULT_INSTALL_SKIP_FILE_SUCCESS
05-30 01:42:50.407 29689 29751 I ActivityManager: Broadcast completed: result=10
05-30 01:42:50.407 29689   797 D NtAmDebugConfig: checkNtSkipFreezing app=com.dracul.notes focused=com.nothing.launcher
05-30 01:42:50.407   637   637 V GraphicsEnvironment: Currently set values for:
05-30 01:42:50.407   637   637 V GraphicsEnvironment:   angle_gl_driver_selection_pkgs=[]
05-30 01:42:50.407   637   637 V GraphicsEnvironment:   angle_gl_driver_selection_values=[]
05-30 01:42:50.409   637   637 V GraphicsEnvironment: ANGLE GameManagerService for com.deliveryclub: false
05-30 01:42:50.409   637   637 V GraphicsEnvironment: com.deliveryclub is not listed in per-application setting
05-30 01:42:50.410   637   637 V GraphicsEnvironment: Updatable production driver is not supported on the device.
05-30 01:42:50.411 31699 31836 D Benchmark: Killing process com.dracul.notes
05-30 01:42:50.411 31699 31836 D Benchmark: Killing process com.dracul.notes
05-30 01:42:50.415   623   623 D lowmemorykiller: medium pressure event polling check
05-30 01:42:50.415   623   623 D lowmemorykiller: nr_free_pages: 23597 nr_inactive_file: 531664 nr_active_file: 210445 workingset_refault: 1463302072 pgrefill: 833835960 pgscan_kswapd: 2463368749 pgscan_direct: 11793505 pgscan_direct_throttle: 0 init_pgscan_direct: 11793505 init_pgscan_kswapd: 2463367028 base_file_lru: 742809 init_ws_refault: 1463293118 free_swap: 664182 total_swap: 1048575 swap_free_percentage: 63%
05-30 01:42:50.415   623   623 D lowmemorykiller: thrashing: 1% thrashing_limit: 30%
05-30 01:42:50.416   623   623 E lowmemorykiller: calc_zone_watermarks pgskip_deltas_val: 0 pgskip_deltas[PGSKIP_IDX(i++)]: 0
05-30 01:42:50.416   623   623 D lowmemorykiller: Not killing for medium pressure event polling check
05-30 01:42:50.425 29568 29568 D Zygote  : Forked child process 1212
05-30 01:42:50.431 29568 29568 I Zygote  : Process 28218 exited due to signal 9 (Killed)
05-30 01:42:50.434 29689 29793 I libprocessgroup: Successfully killed process cgroup uid 10317 pid 28928 in 0ms
05-30 01:42:50.447  1212  1212 I kids.familylink: Using CollectorTypeCC GC.
05-30 01:42:50.450  1212  1212 E kids.familylink: Not starting debugger since process cannot load the jdwp agent.
05-30 01:42:50.454 29689 29716 D KeyCombinationManager: interceptKeyLocked() keyCode:3 count:0 down:true interactive:true eventTime:603304943 mDownTimes={}
05-30 01:42:50.455 29689 29716 D KeyCombinationManager: interceptKeyLocked() keyCode:3 count:0 down:false interactive:true eventTime:603304943 mDownTimes={3=603304943}
05-30 01:42:50.458 29689 29716 D CompatibilityInfo: mCompatibilityFlags - 0
05-30 01:42:50.458 29689 29716 D CompatibilityInfo: applicationDensity - 420
05-30 01:42:50.458 29689 29716 D CompatibilityInfo: applicationScale - 1.0
05-30 01:42:50.460 30651 26343 I NearbyMediums: Found Fast Ble Advertisements :
05-30 01:42:50.460 30651 26343 I NearbyMediums: BleAdvertisement { version=2, socketVersion=2, isFast=true, serviceIdHash=null, data=[ 0x23 0x34 0x4b 0x54 0x5a 0x11 0x32 0xca 0x88 0x10 0x25 0x02 0x67 0x18 0xa8 0x54 0x58 0x44 0x83 0x0e 0x13 0x13 0x6f ], deviceToken=[ 0xf6 0xe2 ], rxAdvertisement=null } : 1 times.
05-30 01:42:50.460 30651 26343 I NearbyMediums: Total 1 fast advertisements.
05-30 01:42:50.460   637   637 D CompatibilityChangeReporter: Compat change id reported: 183155436; UID 10302; state: ENABLED
05-30 01:42:50.463   637   637 I FirebaseApp: Device unlocked: initializing all Firebase APIs for app [DEFAULT]
05-30 01:42:50.466 29689 29752 D WindowManager: startDockOrHome: startReason= startDockOrHome
05-30 01:42:50.468   557  1047 I ContactLocale: AddressBook Labels [[en_US]]: […, A, B, C, D, E, F, G, H, I, J, K, L, M, N, O, P, Q, R, S, T, U, V, W, X, Y, Z, Α, Β, Γ, Δ, Ε, Ζ, Η, Θ, Ι, Κ, Λ, Μ, Ν, Ξ, Ο, Π, Ρ, Σ, Τ, Υ, Φ, Χ, Ψ, Ω, …, А, Б, В, Г, Д, Ђ, Е, Є, Ж, З, И, І, Й, Ј, К, Л, Љ, М, Н, Њ, О, П, Р, С, Т, Ћ, У, Ф, Х, Ц, Ч, Џ, Ш, Щ, Ю, Я, …, א, ב, ג, ד, ה, ו, ז, ח, ט, י, כ, ל, מ, נ, ס, ע, פ, צ, ק, ר, ש, ת, …, ا, ب, ت, ث, ج, ح, خ, د, ذ, ر, ز, س, ش, ص, ض, ط, ظ, ع, غ, ف, ق, ك, ل, م, ن, ه, و, ي, …, ก, ข, ฃ, ค, ฅ, ฆ, ง, จ, ฉ, ช, ซ, ฌ, ญ, ฎ, ฏ, ฐ, ฑ, ฒ, ณ, ด, ต, ถ, ท, ธ, น, บ, ป, ผ, ฝ, พ, ฟ, ภ, ม, ย, ร, ฤ, ล, ฦ, ว, ศ, ษ, ส, ห, ฬ, อ, ฮ, …, ㄱ, ㄴ, ㄷ, ㄹ, ㅁ, ㅂ, ㅅ, ㅇ, ㅈ, ㅊ, ㅋ, ㅌ, ㅍ, ㅎ, …, あ, か, さ, た, な, は, ま, や, ら, わ, #, …]
05-30 01:42:50.477 30050 30071 D KeyguardService: setOccluded(false)
05-30 01:42:50.480 30029 31783 D TopAppSceneDetector: currentFocusApp=com.nothing.launcher
05-30 01:42:50.481 30029 31783 D NearbyDetector: onTopActivityChanged: top class name: com.android.searchlauncher.SearchLauncher
05-30 01:42:50.481 30029 31783 D NearbyDetector: onTopActivityChanged: top class name: org.telegram.ui.LaunchActivity
05-30 01:42:50.487 29568 29568 I Zygote  : Process 29471 exited due to signal 9 (Killed)
05-30 01:42:50.490 30050 30071 D KeyguardViewMediator: setOccluded(false)
05-30 01:42:50.490 30050 30071 D KeyguardViewMediator: setOccluded false
05-30 01:42:50.497 29689   797 D NtAmDebugConfig: checkNtSkipFreezing app=com.xiaomi.smarthome focused=com.nothing.launcher
05-30 01:42:50.500 30050 30050 D ShadeControllerImpl: animateCollapse(): mExpandedVisible=falseflags=0
05-30 01:42:50.500 29568 29568 I Zygote  : Process 28928 exited due to signal 9 (Killed)
05-30 01:42:50.501 29568 29568 I Zygote  : Process 28706 exited due to signal 9 (Killed)
05-30 01:42:50.505 29689 29793 I libprocessgroup: Successfully killed process cgroup uid 1000 pid 29471 in 0ms
05-30 01:42:50.505 29689 29793 I libprocessgroup: Successfully killed process cgroup uid 10237 pid 30301 in 0ms
05-30 01:42:50.512  1212  1212 D CompatibilityChangeReporter: Compat change id reported: 171979766; UID 10291; state: ENABLED
05-30 01:42:50.512  1212  1212 D CompatibilityChangeReporter: Compat change id reported: 242716250; UID 10291; state: ENABLED
05-30 01:42:50.517   623   623 D lowmemorykiller: medium pressure event polling check
05-30 01:42:50.517   623   623 D lowmemorykiller: nr_free_pages: 34943 nr_inactive_file: 533627 nr_active_file: 212284 workingset_refault: 1463305897 pgrefill: 833835960 pgscan_kswapd: 2463368749 pgscan_direct: 11793505 pgscan_direct_throttle: 0 init_pgscan_direct: 11793505 init_pgscan_kswapd: 2463368749 base_file_lru: 742809 init_ws_refault: 1463293118 free_swap: 664182 total_swap: 1048575 swap_free_percentage: 63%
05-30 01:42:50.517   623   623 D lowmemorykiller: thrashing: 1% thrashing_limit: 30%
05-30 01:42:50.518   623   623 E lowmemorykiller: calc_zone_watermarks pgskip_deltas_val: 0 pgskip_deltas[PGSKIP_IDX(i++)]: 0
05-30 01:42:50.518   623   623 D lowmemorykiller: Not killing for medium pressure event polling check
05-30 01:42:50.524 29568 29568 I Zygote  : Process 1077 exited due to signal 9 (Killed)
05-30 01:42:50.532 30029 31783 D GameSceneDetector: Failed to call isBoostTypeGame: java.lang.NoSuchMethodException: android.util.BoostFramework.perfGetFeedback []
05-30 01:42:50.532 30029 31783 D GameSceneDetector: onTopChanged=com.nothing.launcher, isBoostTypeGame=false, isCategoryGame=false
05-30 01:42:50.536 29568 29568 I Zygote  : Process 30301 exited due to signal 9 (Killed)
05-30 01:42:50.538 29689 29793 I libprocessgroup: Successfully killed process cgroup uid 10246 pid 28706 in 0ms
05-30 01:42:50.555 30050 30050 I vol.VolumeDialogImpl: mDialog.dismiss() reason: volume_controller from: com.android.systemui.volume.VolumeDialogImpl$15.onDismissRequested:3250
05-30 01:42:50.559 29689 31613 D NtAmDebugConfig: checkNtSkipFreezing app=com.google.android.apps.adm focused=com.nothing.launcher
05-30 01:42:50.560 30050 30050 D KeyguardViewMediator: handleSetOccluded(false)
05-30 01:42:50.560 30050 30050 D KeyguardViewMediator: isOccluded=false,mPowerGestureIntercepted=false
05-30 01:42:50.561 30471 30578 D QuickstepModelDelegate: notifyAppTargetEvent action=1 launchLocation=workspace/1/[-1,-1]/[1,1]
05-30 01:42:50.562 31259 31414 I MdiSyncModule: (REDACTED) Receiving API connection from package '%s'...
05-30 01:42:50.565 30050 30050 D ShadeControllerImpl: animateCollapse(): mExpandedVisible=falseflags=0
05-30 01:42:50.565 30050 30050 I vol.VolumeDialogImpl: mDialog.dismiss() reason: volume_controller from: com.android.systemui.volume.VolumeDialogImpl$15.onDismissRequested:3250
05-30 01:42:50.565 30050 30050 D vol.VolumeDialogImpl: dismissH: skipping dismiss because isAnimatingDismiss is true and showingStateInconsistent is false
05-30 01:42:50.565 30327 30327 D CarrierSvcBindHelper: onHandleForceStop: [com.dracul.notes]
05-30 01:42:50.567 30327 30327 D CarrierSvcBindHelper: No carrier app for: 0
05-30 01:42:50.567 30327 30327 D CarrierSvcBindHelper: No carrier app for: 1
05-30 01:42:50.570 31259 31414 I MdiSyncModule: API connection successful!
05-30 01:42:50.571 30471 30471 I NT-NTDragLayer: dispatchDraw consumed 0
05-30 01:42:50.579   637   637 D CompatibilityChangeReporter: Compat change id reported: 263076149; UID 10302; state: DISABLED
05-30 01:42:50.582 31259 31414 I MdiSyncModule: (REDACTED) Receiving API connection from package '%s'...
05-30 01:42:50.584 31259 31414 I MdiSyncModule: API connection successful!
05-30 01:42:50.588   557  1047 D ContactsDatabaseHelper: WAL enabled for profile.db: false
05-30 01:42:50.591  1212  1212 D nativeloader: Configuring clns-4 for other apk /system/framework/org.apache.http.legacy.jar. target_sdk_version=34, uses_libraries=ALL, library_path=/data/app/~~ijs3GqBwzNf-Mb8T7kLGKg==/com.google.android.apps.kids.familylink-ouORAJvky2tZoDChvxpnyg==/lib/arm64:/data/app/~~ijs3GqBwzNf-Mb8T7kLGKg==/com.google.android.apps.kids.familylink-ouORAJvky2tZoDChvxpnyg==/base.apk!/lib/arm64-v8a:/data/app/~~ijs3GqBwzNf-Mb8T7kLGKg==/com.google.android.apps.kids.familylink-ouORAJvky2tZoDChvxpnyg==/split_config.arm64_v8a.apk!/lib/arm64-v8a:/data/app/~~ijs3GqBwzNf-Mb8T7kLGKg==/com.google.android.apps.kids.familylink-ouORAJvky2tZoDChvxpnyg==/split_config.en.apk!/lib/arm64-v8a, permitted_path=/data:/mnt/expand:/data/user/0/com.google.android.apps.kids.familylink
05-30 01:42:50.591  1212  1212 D nativeloader: Extending system_exposed_libraries: libbinauralrenderer_wrapper.qti.so:libhoaeffects.qti.so:libQOC.qti.so:libupdateprof.qti.so:libthermalclient.qti.so:libQOC.qti.so:libdiag_system.qti.so:libqape.qti.so:libqesdk_ndk_platform.qti.so:liblistenjni.qti.so
05-30 01:42:50.592 29568 29568 D Zygote  : Forked child process 1327
05-30 01:42:50.594   637  1277 I DynamiteModule: Considering local module com.google.android.gms.measurement.dynamite:97 and remote module com.google.android.gms.measurement.dynamite:114
05-30 01:42:50.594   637  1277 I DynamiteModule: Selected remote version of com.google.android.gms.measurement.dynamite, version >= 114
05-30 01:42:50.594   637  1277 V DynamiteModule: Dynamite loader version >= 2, using loadModule2NoCrashUtils
05-30 01:42:50.599 31259 31414 I MdiSyncModule: (REDACTED) Receiving API connection from package '%s'...
05-30 01:42:50.599   637  1310 I AppMetrica: Initializing of AppMetrica, Release type, Version 6.3.0, API Level 113, Dated 18.03.2024.
05-30 01:42:50.601 31259 31414 I MdiSyncModule: API connection successful!
05-30 01:42:50.603 31259 31288 I MdiSyncModule: (REDACTED) Receiving API connection from package '%s'...
05-30 01:42:50.609 31259 31288 I MdiSyncModule: API connection successful!
05-30 01:42:50.614   637  1277 W System  : ClassLoader referenced unknown path:
05-30 01:42:50.614 31259 31414 I MdiSyncModule: (REDACTED) Receiving API connection from package '%s'...
05-30 01:42:50.614   637  1277 D nativeloader: Configuring clns-6 for other apk . target_sdk_version=34, uses_libraries=, library_path=/data/app/~~IP5W9D4ed-szvQPFRcC0nQ==/com.google.android.gms-yV8n72sT6SmfBriAQal-WA==/lib/arm64:/data/app/~~IP5W9D4ed-szvQPFRcC0nQ==/com.google.android.gms-yV8n72sT6SmfBriAQal-WA==/base.apk!/lib/arm64-v8a, permitted_path=/data:/mnt/expand:/data/user/0/com.google.android.gms
05-30 01:42:50.615 31259 31414 I MdiSyncModule: API connection successful!
05-30 01:42:50.620   623   623 D lowmemorykiller: medium pressure event polling check
05-30 01:42:50.621   623   623 D lowmemorykiller: nr_free_pages: 29300 nr_inactive_file: 535852 nr_active_file: 213945 workingset_refault: 1463309493 pgrefill: 833835960 pgscan_kswapd: 2463368749 pgscan_direct: 11793505 pgscan_direct_throttle: 0 init_pgscan_direct: 11793505 init_pgscan_kswapd: 2463368749 base_file_lru: 742809 init_ws_refault: 1463293118 free_swap: 664182 total_swap: 1048575 swap_free_percentage: 63%
05-30 01:42:50.621   623   623 D lowmemorykiller: thrashing: 2% thrashing_limit: 30%
05-30 01:42:50.621   623   623 E lowmemorykiller: calc_zone_watermarks pgskip_deltas_val: 0 pgskip_deltas[PGSKIP_IDX(i++)]: 0
05-30 01:42:50.621   623   623 D lowmemorykiller: Not killing for medium pressure event polling check
05-30 01:42:50.625  1327  1327 I bscriptions.red: Using CollectorTypeCC GC.
05-30 01:42:50.629 30515   497 I Cello   : [497:NonCelloThread] fetch_task.cc:655:RunInternal Largest local change id for My Drive at startup: 3
05-30 01:42:50.630   637  1277 W ryclub:passport: ClassLoaderContext classpath size mismatch. expected=12, found=11 (DLC[];PCL[base.apk*1604905382:base.apk!classes2.dex*682570207:base.apk!classes3.dex*2527590523:base.apk!classes4.dex*1458516695:base.apk!classes5.dex*1143851140:base.apk!classes6.dex*4198141943:base.apk!classes7.dex*860192315:base.apk!classes8.dex*2496212096:base.apk!classes9.dex*310507253:base.apk!classes10.dex*3513933353:base.apk!classes11.dex*2980000734:base.apk!classes12.dex*734305995]{PCL[/system/framework/org.apache.http.legacy.jar*365604908]#PCL[/system/framework/com.android.media.remotedisplay.jar*2114713713]#PCL[/system/framework/com.android.location.provider.jar*3994156536]#PCL[/system/framework/org.apache.http.legacy.jar*365604908]} | DLC[];PCL[/data/app/~~JUzz1LMEE6PYVrJC3b3yzA==/com.deliveryclub-EbXY6esPiJqQiv3ZEw7h1g==/base.apk*2568714789:/data/app/~~JUzz1LMEE6PYVrJC3b3yzA==/com.deliveryclub-EbXY6esPiJqQiv3ZEw7h1g==/base.apk!classes2.dex*2775624098:/data/app/~~JUzz1LMEE6PYVrJC3b3yzA==/com.deliveryclub-EbXY6esPiJqQiv3ZEw7h1g==/base.apk!classes3.dex*3847662719:/data/app/~~JUzz1LMEE6PYVrJC3b3yzA==/com.deliveryclub-EbXY6esPiJqQiv3ZEw7h1g==/base.apk!classes4.dex*3921543122:/data/app/~~JUzz1LMEE6PYVrJC3b3yzA==/com.deliveryclub-EbXY6esPiJqQiv3ZEw7h1g==/base.apk!classes5.dex*187611915:/data/app/~~JUzz1LMEE6PYVrJC3b3yzA==/com.deliveryclub-EbXY6esPiJqQiv3ZEw7h1g==/base.apk!classes6.dex*134781739:/data/app/~~JUzz1LMEE6PYVrJC3b3yzA==/com.deliveryclub-EbXY6esPiJqQiv3ZEw7h1g==/base.apk!classes7.dex*3028601062:/data/app/~~JUzz1LMEE6PYVrJC3b3yzA==/com.deliveryclub-EbXY6esPiJqQiv3ZEw7h1g==/base.apk!classes8.dex*1722774936:/data/app/~~JUzz1LMEE6PYVrJC3b3yzA==/com.deliveryclub-EbXY6esPiJqQiv3ZEw7h1g==/base.apk!classes9.dex*3552637940:/data/app/~~JUzz1LMEE6PYVrJC3b3yzA==/com.deliveryclub-EbXY6esPiJqQiv3ZEw7h1g==/base.apk!classes10.dex*3652210971:/data/app/~~JUzz1LMEE6PYVrJC3b3yzA==/com.deliveryclub-EbXY6esPiJqQiv3ZEw7h1g==/base.apk!classes11.dex*1361123648]{PCL[/system/framework/org.apache.http.legacy.jar*365604908]})
05-30 01:42:50.631  1327  1327 E bscriptions.red: Not starting debugger since process cannot load the jdwp agent.
05-30 01:42:50.643 31477 31477 I libnfc_nci: [INFO:SecureElement.cpp(1486)] SecureElement::getEseHandleFromGenericId: enter; ESE-ID = 0x00
05-30 01:42:50.643 31477 31477 I libnfc_nci: [INFO:SecureElement.cpp(1527)] SecureElement::getEseHandleFromGenericId: enter; ESE-Handle = 0x400
05-30 01:42:50.643 31477 31477 E AidRoutingManager: Size of routing table800
05-30 01:42:50.643 31477 31477 I NfcService: Add T4T Nfcee AID
05-30 01:42:50.645 31477 31477 D RegisteredNfcFServicesCache: Service unchanged, not updating
05-30 01:42:50.645 31477 31477 I libnfc_nci: [INFO:NativeT4tNfcee.cpp(869)] nfcManager_isFwSupportNonStdT4TAid Enter isFwSupport = 0
05-30 01:42:50.645 31477 31477 I libnfc_nci: [INFO:SecureElement.cpp(1486)] SecureElement::getEseHandleFromGenericId: enter; ESE-ID = 0x7F
05-30 01:42:50.645 31477 31477 I libnfc_nci: [INFO:SecureElement.cpp(1527)] SecureElement::getEseHandleFromGenericId: enter; ESE-Handle = 0x410
05-30 01:42:50.645 31477 31477 E libnfc_nci: [ERROR:nfa_ee_api.cc(661)] Bad ee_handle or AID (len=7)
05-30 01:42:50.645 31477 31477 E libnfc_nci: [ERROR:RoutingManager.cpp(492)] RoutingManager::addAidRouting: failed to route AID
05-30 01:42:50.646 30295 30368 D SecureElementService: getReaders() for com.android.nfc
05-30 01:42:50.648 31699 31836 D Benchmark: Starting activity with command: am start  -W "intent:#Intent;action=android.intent.action.MAIN;category=android.intent.category.LAUNCHER;launchFlags=0x10008000;package=com.dracul.notes;component=com.dracul.notes/.MainActivity;end"
05-30 01:42:50.651 29689  2701 D CompatibilityInfo: mCompatibilityFlags - 0
05-30 01:42:50.651 29689  2701 D CompatibilityInfo: applicationDensity - 420
05-30 01:42:50.651 29689  2701 D CompatibilityInfo: applicationScale - 1.0
05-30 01:42:50.658   637  1310 I AppMetrica: Activate reporter with APIKey 67bb016b-xxxx-xxxx-xxxx-xxxxxxxx03d3
05-30 01:42:50.659   637  1310 I AppMetrica: Activate reporter with APIKey 20799a27-xxxx-xxxx-xxxx-xxxxxxxx4180
05-30 01:42:50.665 31346 31944 W MediaProvider: isAppCloneUserPair for user 0: false
05-30 01:42:50.682  1327  1327 D CompatibilityChangeReporter: Compat change id reported: 171979766; UID 10182; state: ENABLED
05-30 01:42:50.683  1327  1327 D CompatibilityChangeReporter: Compat change id reported: 242716250; UID 10182; state: ENABLED
05-30 01:42:50.692 29568 29568 D Zygote  : Forked child process 1405
05-30 01:42:50.701 31477 31495 W com.android.nfc: Reducing the number of considered missed Gc histogram windows from 218 to 100
05-30 01:42:50.708 29689 30479 D NtAmDebugConfig: checkNtSkipFreezing app=com.google.android.apps.fitness focused=com.nothing.launcher
05-30 01:42:50.715  1405  1405 I club:AppMetrica: Using CollectorTypeCC GC.
05-30 01:42:50.719  1405  1405 E club:AppMetrica: Not starting debugger since process cannot load the jdwp agent.
05-30 01:42:50.722   623   623 D lowmemorykiller: medium pressure event polling check
05-30 01:42:50.722   623   623 D lowmemorykiller: nr_free_pages: 22803 nr_inactive_file: 539583 nr_active_file: 214409 workingset_refault: 1463310822 pgrefill: 833835960 pgscan_kswapd: 2463368749 pgscan_direct: 11793505 pgscan_direct_throttle: 0 init_pgscan_direct: 11793505 init_pgscan_kswapd: 2463368749 base_file_lru: 742809 init_ws_refault: 1463293118 free_swap: 664758 total_swap: 1048575 swap_free_percentage: 63%
05-30 01:42:50.723   623   623 D lowmemorykiller: thrashing: 2% thrashing_limit: 30%
05-30 01:42:50.723   623   623 E lowmemorykiller: calc_zone_watermarks pgskip_deltas_val: 0 pgskip_deltas[PGSKIP_IDX(i++)]: 0
05-30 01:42:50.723   623   623 D lowmemorykiller: Not killing for medium pressure event polling check
05-30 01:42:50.739  1212  1212 W ziparchive: Unable to open '/data/app/~~ijs3GqBwzNf-Mb8T7kLGKg==/com.google.android.apps.kids.familylink-ouORAJvky2tZoDChvxpnyg==/split_config.arm64_v8a.dm': No such file or directory
05-30 01:42:50.739  1212  1212 W ziparchive: Unable to open '/data/app/~~ijs3GqBwzNf-Mb8T7kLGKg==/com.google.android.apps.kids.familylink-ouORAJvky2tZoDChvxpnyg==/split_config.arm64_v8a.dm': No such file or directory
05-30 01:42:50.740  1212  1212 W kids.familylink: Entry not found
05-30 01:42:50.742  1212  1212 W ziparchive: Unable to open '/data/app/~~ijs3GqBwzNf-Mb8T7kLGKg==/com.google.android.apps.kids.familylink-ouORAJvky2tZoDChvxpnyg==/split_config.en.dm': No such file or directory
05-30 01:42:50.742  1212  1212 W ziparchive: Unable to open '/data/app/~~ijs3GqBwzNf-Mb8T7kLGKg==/com.google.android.apps.kids.familylink-ouORAJvky2tZoDChvxpnyg==/split_config.en.dm': No such file or directory
05-30 01:42:50.743  1212  1212 W kids.familylink: Entry not found
05-30 01:42:50.749  1212  1212 D nativeloader: Configuring clns-5 for other apk /data/app/~~ijs3GqBwzNf-Mb8T7kLGKg==/com.google.android.apps.kids.familylink-ouORAJvky2tZoDChvxpnyg==/base.apk:/data/app/~~ijs3GqBwzNf-Mb8T7kLGKg==/com.google.android.apps.kids.familylink-ouORAJvky2tZoDChvxpnyg==/split_config.arm64_v8a.apk:/data/app/~~ijs3GqBwzNf-Mb8T7kLGKg==/com.google.android.apps.kids.familylink-ouORAJvky2tZoDChvxpnyg==/split_config.en.apk. target_sdk_version=34, uses_libraries=, library_path=/data/app/~~ijs3GqBwzNf-Mb8T7kLGKg==/com.google.android.apps.kids.familylink-ouORAJvky2tZoDChvxpnyg==/lib/arm64:/data/app/~~ijs3GqBwzNf-Mb8T7kLGKg==/com.google.android.apps.kids.familylink-ouORAJvky2tZoDChvxpnyg==/base.apk!/lib/arm64-v8a:/data/app/~~ijs3GqBwzNf-Mb8T7kLGKg==/com.google.android.apps.kids.familylink-ouORAJvky2tZoDChvxpnyg==/split_config.arm64_v8a.apk!/lib/arm64-v8a:/data/app/~~ijs3GqBwzNf-Mb8T7kLGKg==/com.google.android.apps.kids.familylink-ouORAJvky2tZoDChvxpnyg==/split_config.en.apk!/lib/arm64-v8a, permitted_path=/data:/mnt/expand:/data/user/0/com.goog
05-30 01:42:50.758  1327  1327 D nativeloader: Configuring clns-4 for other apk /system/framework/org.apache.http.legacy.jar. target_sdk_version=34, uses_libraries=ALL, library_path=/data/app/~~CfAVdQ14SNbmDAeMhnI63Q==/com.google.android.apps.subscriptions.red-LKKB2M5QD5STLADXKXhlmw==/lib/arm64:/data/app/~~CfAVdQ14SNbmDAeMhnI63Q==/com.google.android.apps.subscriptions.red-LKKB2M5QD5STLADXKXhlmw==/base.apk!/lib/arm64-v8a, permitted_path=/data:/mnt/expand:/data/user/0/com.google.android.apps.subscriptions.red
05-30 01:42:50.758  1327  1327 D nativeloader: Extending system_exposed_libraries: libbinauralrenderer_wrapper.qti.so:libhoaeffects.qti.so:libQOC.qti.so:libupdateprof.qti.so:libthermalclient.qti.so:libQOC.qti.so:libdiag_system.qti.so:libqape.qti.so:libqesdk_ndk_platform.qti.so:liblistenjni.qti.so
05-30 01:42:50.759 29689  2701 D CompatibilityInfo: mCompatibilityFlags - 0
05-30 01:42:50.759 29689  2701 D CompatibilityInfo: applicationDensity - 420
05-30 01:42:50.759 29689  2701 D CompatibilityInfo: applicationScale - 1.0
05-30 01:42:50.761 29689 29793 I libprocessgroup: Successfully killed process cgroup uid 10043 pid 30392 in 14ms
05-30 01:42:50.768  1405  1405 D CompatibilityChangeReporter: Compat change id reported: 171979766; UID 10302; state: ENABLED
05-30 01:42:50.768  1405  1405 D CompatibilityChangeReporter: Compat change id reported: 242716250; UID 10302; state: DISABLED
05-30 01:42:50.773   637   637 D CompatibilityChangeReporter: Compat change id reported: 194532703; UID 10302; state: ENABLED
05-30 01:42:50.773   637   637 D CompatibilityChangeReporter: Compat change id reported: 253665015; UID 10302; state: DISABLED
05-30 01:42:50.781  1405  1405 D nativeloader: Configuring clns-4 for other apk /system/framework/org.apache.http.legacy.jar. target_sdk_version=33, uses_libraries=ALL, library_path=/data/app/~~JUzz1LMEE6PYVrJC3b3yzA==/com.deliveryclub-EbXY6esPiJqQiv3ZEw7h1g==/lib/arm64:/data/app/~~JUzz1LMEE6PYVrJC3b3yzA==/com.deliveryclub-EbXY6esPiJqQiv3ZEw7h1g==/base.apk!/lib/arm64-v8a:/data/app/~~JUzz1LMEE6PYVrJC3b3yzA==/com.deliveryclub-EbXY6esPiJqQiv3ZEw7h1g==/split_config.arm64_v8a.apk!/lib/arm64-v8a:/data/app/~~JUzz1LMEE6PYVrJC3b3yzA==/com.deliveryclub-EbXY6esPiJqQiv3ZEw7h1g==/split_config.en.apk!/lib/arm64-v8a:/data/app/~~JUzz1LMEE6PYVrJC3b3yzA==/com.deliveryclub-EbXY6esPiJqQiv3ZEw7h1g==/split_config.ru.apk!/lib/arm64-v8a:/data/app/~~JUzz1LMEE6PYVrJC3b3yzA==/com.deliveryclub-EbXY6esPiJqQiv3ZEw7h1g==/split_config.xxhdpi.apk!/lib/arm64-v8a, permitted_path=/data:/mnt/expand:/data/user/0/com.deliveryclub
05-30 01:42:50.781  1405  1405 D nativeloader: Extending system_exposed_libraries: libbinauralrenderer_wrapper.qti.so:libhoaeffects.qti.so:libQOC.qti.so:libupdateprof.qti.so:libthermalclient.qti.so:libQOC.qti.so:libdiag_system.qti.so:libqape.qti.so:libqesdk_ndk_platform.qti.so:liblistenjni.qti.so
05-30 01:42:50.797 30651 31395 I NetworkScheduler.Stats: (REDACTED) Task %s/%s started execution. cause:%s exec_start_elapsed_seconds: %s
05-30 01:42:50.794 29568 29568 D Zygote  : Forked child process 1454
05-30 01:42:50.805 30651 26454 I NetworkScheduler.Stats: (REDACTED) Task %s/%s finished executing. cause:%s result: %s elapsed_millis: %s uptime_millis: %s exec_start_elapsed_seconds: %s
05-30 01:42:50.817  1405  1405 W ziparchive: Unable to open '/data/app/~~JUzz1LMEE6PYVrJC3b3yzA==/com.deliveryclub-EbXY6esPiJqQiv3ZEw7h1g==/split_config.arm64_v8a.dm': No such file or directory
05-30 01:42:50.817  1405  1405 W ziparchive: Unable to open '/data/app/~~JUzz1LMEE6PYVrJC3b3yzA==/com.deliveryclub-EbXY6esPiJqQiv3ZEw7h1g==/split_config.arm64_v8a.dm': No such file or directory
05-30 01:42:50.818  1405  1405 W club:AppMetrica: Entry not found
05-30 01:42:50.818  1405  1405 W ziparchive: Unable to open '/data/app/~~JUzz1LMEE6PYVrJC3b3yzA==/com.deliveryclub-EbXY6esPiJqQiv3ZEw7h1g==/split_config.en.dm': No such file or directory
05-30 01:42:50.818  1405  1405 W ziparchive: Unable to open '/data/app/~~JUzz1LMEE6PYVrJC3b3yzA==/com.deliveryclub-EbXY6esPiJqQiv3ZEw7h1g==/split_config.en.dm': No such file or directory
05-30 01:42:50.819  1405  1405 W club:AppMetrica: Entry not found
05-30 01:42:50.819  1405  1405 W ziparchive: Unable to open '/data/app/~~JUzz1LMEE6PYVrJC3b3yzA==/com.deliveryclub-EbXY6esPiJqQiv3ZEw7h1g==/split_config.ru.dm': No such file or directory
05-30 01:42:50.819  1405  1405 W ziparchive: Unable to open '/data/app/~~JUzz1LMEE6PYVrJC3b3yzA==/com.deliveryclub-EbXY6esPiJqQiv3ZEw7h1g==/split_config.ru.dm': No such file or directory
05-30 01:42:50.819  1405  1405 W club:AppMetrica: Entry not found
05-30 01:42:50.820  1405  1405 W ziparchive: Unable to open '/data/app/~~JUzz1LMEE6PYVrJC3b3yzA==/com.deliveryclub-EbXY6esPiJqQiv3ZEw7h1g==/split_config.xxhdpi.dm': No such file or directory
05-30 01:42:50.820  1405  1405 W ziparchive: Unable to open '/data/app/~~JUzz1LMEE6PYVrJC3b3yzA==/com.deliveryclub-EbXY6esPiJqQiv3ZEw7h1g==/split_config.xxhdpi.dm': No such file or directory
05-30 01:42:50.820  1405  1405 W club:AppMetrica: Entry not found
05-30 01:42:50.821   623   623 D lowmemorykiller: medium pressure event polling check
05-30 01:42:50.821  1405  1405 D nativeloader: Configuring clns-5 for other apk /data/app/~~JUzz1LMEE6PYVrJC3b3yzA==/com.deliveryclub-EbXY6esPiJqQiv3ZEw7h1g==/base.apk:/data/app/~~JUzz1LMEE6PYVrJC3b3yzA==/com.deliveryclub-EbXY6esPiJqQiv3ZEw7h1g==/split_config.arm64_v8a.apk:/data/app/~~JUzz1LMEE6PYVrJC3b3yzA==/com.deliveryclub-EbXY6esPiJqQiv3ZEw7h1g==/split_config.en.apk:/data/app/~~JUzz1LMEE6PYVrJC3b3yzA==/com.deliveryclub-EbXY6esPiJqQiv3ZEw7h1g==/split_config.ru.apk:/data/app/~~JUzz1LMEE6PYVrJC3b3yzA==/com.deliveryclub-EbXY6esPiJqQiv3ZEw7h1g==/split_config.xxhdpi.apk. target_sdk_version=33, uses_libraries=, library_path=/data/app/~~JUzz1LMEE6PYVrJC3b3yzA==/com.deliveryclub-EbXY6esPiJqQiv3ZEw7h1g==/lib/arm64:/data/app/~~JUzz1LMEE6PYVrJC3b3yzA==/com.deliveryclub-EbXY6esPiJqQiv3ZEw7h1g==/base.apk!/lib/arm64-v8a:/data/app/~~JUzz1LMEE6PYVrJC3b3yzA==/com.deliveryclub-EbXY6esPiJqQiv3ZEw7h1g==/split_config.arm64_v8a.apk!/lib/arm64-v8a:/data/app/~~JUzz1LMEE6PYVrJC3b3yzA==/com.deliveryclub-EbXY6esPiJqQiv3ZEw7h1g==/split_config.en.apk!/lib/arm64-v8a:/data/app/~~JU
05-30 01:42:50.821  1454  1454 I ps.walletnfcrel: Using CollectorTypeCC GC.
05-30 01:42:50.821   623   623 D lowmemorykiller: nr_free_pages: 19544 nr_inactive_file: 533521 nr_active_file: 213233 workingset_refault: 1463312497 pgrefill: 833840106 pgscan_kswapd: 2463380512 pgscan_direct: 11793505 pgscan_direct_throttle: 0 init_pgscan_direct: 11793505 init_pgscan_kswapd: 2463368749 base_file_lru: 742809 init_ws_refault: 1463293118 free_swap: 664783 total_swap: 1048575 swap_free_percentage: 63%
05-30 01:42:50.821   623   623 D lowmemorykiller: thrashing: 2% thrashing_limit: 30%
05-30 01:42:50.822   623   623 E lowmemorykiller: calc_zone_watermarks pgskip_deltas_val: 0 pgskip_deltas[PGSKIP_IDX(i++)]: 0
05-30 01:42:50.822   623   623 D lowmemorykiller: Not killing for medium pressure event polling check
05-30 01:42:50.826  1454  1454 E ps.walletnfcrel: Not starting debugger since process cannot load the jdwp agent.
05-30 01:42:50.833  1405  1405 I Perf    : Connecting to perf service.
05-30 01:42:50.840  1265  1315 E ANDR-PERF-LM: MetaMeter: handleAsync() 166: AdaptLaunch Invalid Async
05-30 01:42:50.841  1265  1315 E ANDR-PERF-LM: MetaMeter: handleAsync() 166: AdaptLaunch Invalid Async
05-30 01:42:50.841 29689 30861 E ANDR-PERF-JNI: com_qualcomm_qtiperformance_native_perf_io_prefetch_start
05-30 01:42:50.844  1405  1405 V GraphicsEnvironment: Currently set values for:
05-30 01:42:50.844  1405  1405 V GraphicsEnvironment:   angle_gl_driver_selection_pkgs=[]
05-30 01:42:50.844  1405  1405 V GraphicsEnvironment:   angle_gl_driver_selection_values=[]
05-30 01:42:50.845  1405  1405 V GraphicsEnvironment: ANGLE GameManagerService for com.deliveryclub: false
05-30 01:42:50.845  1405  1405 V GraphicsEnvironment: com.deliveryclub is not listed in per-application setting
05-30 01:42:50.846  1250  4189 E ANDR-IOP: io prefetch is disabled
05-30 01:42:50.847  1405  1405 V GraphicsEnvironment: Updatable production driver is not supported on the device.
05-30 01:42:50.857  1124 30843 D vendor.qti.bluetooth@1.0-wake_lock: Acquire wakelock is acquired
05-30 01:42:50.858 30515 31246 V NativeCrypto: Registering com/google/android/gms/org/conscrypt/NativeCrypto's 305 native methods...
05-30 01:42:50.861 29689 30861 D ActivityTrigger: ActivityTrigger activityPauseTrigger
05-30 01:42:50.862  1212  1212 I Perf    : Connecting to perf service.
05-30 01:42:50.866 30050 30050 D vol.VolumeDialogImpl: hideRingerDrawer - drawer is already hide
05-30 01:42:50.868 29689 29716 D AS.AudioService: Volume controller visible: false
05-30 01:42:50.877  1265  1315 W ANDR-PERF-LM: MetaMeter: handlePrimaryAsync() 118: AdaptLaunch MetaMeter. No MeterMgr Available to handle this Primary Async. !!!!
05-30 01:42:50.877  1265  1315 W ANDR-PERF-LM: MetaMeter: handlePrimaryAsync() 118: AdaptLaunch MetaMeter. No MeterMgr Available to handle this Primary Async. !!!!
05-30 01:42:50.880 29689 30472 D CompatibilityInfo: mCompatibilityFlags - 0
05-30 01:42:50.880 29689 30472 D CompatibilityInfo: applicationDensity - 420
05-30 01:42:50.881 29689 30472 D CompatibilityInfo: applicationScale - 1.0
05-30 01:42:50.882 30471 30471 I NT-TopTaskTracker: Call back onTaskMovedToFront taskId = 7736
05-30 01:42:50.882   637  1401 E ryclub:passport: No package ID 79 found for resource ID 0x790b0007.
05-30 01:42:50.883  1326  1326 I BpBinder: onLastStrongRef automatically unlinking death recipients:
05-30 01:42:50.884   637  1401 E ryclub:passport: No package ID 79 found for resource ID 0x790b0007.
05-30 01:42:50.903  1454  1454 D CompatibilityChangeReporter: Compat change id reported: 171979766; UID 10181; state: ENABLED
05-30 01:42:50.904  1454  1454 D CompatibilityChangeReporter: Compat change id reported: 242716250; UID 10181; state: ENABLED
05-30 01:42:50.911 30050 30163 E OpenGLRenderer: Unable to match the desired swap behavior.
05-30 01:42:50.912   637  1401 I FA      : App measurement initialized, version: 94007
05-30 01:42:50.912   637  1401 I FA      : To enable debug logging run: adb shell setprop log.tag.FA VERBOSE
05-30 01:42:50.916  1212  1212 V GraphicsEnvironment: Currently set values for:
05-30 01:42:50.916  1212  1212 V GraphicsEnvironment:   angle_gl_driver_selection_pkgs=[]
05-30 01:42:50.916  1212  1212 V GraphicsEnvironment:   angle_gl_driver_selection_values=[]
05-30 01:42:50.917  1212  1212 V GraphicsEnvironment: ANGLE GameManagerService for com.google.android.apps.kids.familylink: false
05-30 01:42:50.917  1212  1212 V GraphicsEnvironment: com.google.android.apps.kids.familylink is not listed in per-application setting
05-30 01:42:50.917  1212  1212 V GraphicsEnvironment: Updatable production driver is not supported on the device.
05-30 01:42:50.921   623   623 D lowmemorykiller: medium pressure event polling check
05-30 01:42:50.922   623   623 D lowmemorykiller: nr_free_pages: 15793 nr_inactive_file: 534552 nr_active_file: 213646 workingset_refault: 1463314532 pgrefill: 833840279 pgscan_kswapd: 2463383688 pgscan_direct: 11793505 pgscan_direct_throttle: 0 init_pgscan_direct: 11793505 init_pgscan_kswapd: 2463380512 base_file_lru: 742809 init_ws_refault: 1463293118 free_swap: 664780 total_swap: 1048575 swap_free_percentage: 63%
05-30 01:42:50.922   623   623 D lowmemorykiller: thrashing: 2% thrashing_limit: 30%
05-30 01:42:50.922   623   623 E lowmemorykiller: calc_zone_watermarks pgskip_deltas_val: 0 pgskip_deltas[PGSKIP_IDX(i++)]: 0
05-30 01:42:50.922   623   623 D lowmemorykiller: Not killing for medium pressure event polling check
05-30 01:42:50.929 29568 29568 D Zygote  : Forked child process 1514
05-30 01:42:50.939 29568 29568 I Zygote  : Process 30392 exited due to signal 9 (Killed)
05-30 01:42:50.940  1265  1315 E ANDR-PERF-LM: MetaMeter: handleAsync() 166: AdaptLaunch Invalid Async
05-30 01:42:50.953 30050 30050 D LightBarController: updateStatus= numStacks: 1, size: 1, appearance: 0
05-30 01:42:50.975 32076 32076 I A       : onPause
05-30 01:42:50.996  1212  1212 D CompatibilityChangeReporter: Compat change id reported: 3400644; UID 10291; state: ENABLED
05-30 01:42:50.996 29689 29793 I libprocessgroup: Successfully killed process cgroup uid 10092 pid 28963 in 59ms
05-30 01:42:50.998 29568 29568 D Zygote  : Forked child process 1521
05-30 01:42:51.000  1241  4207 E ANDR-PERF-CLIENT: Process is Flooding request to PerfService
05-30 01:42:51.002 29689 29790 W SearchableInfo: Invalid searchable metadata for com.instagram.android/com.instagram.direct.appwidget.DirectRecipientSearchActivity: Search label must be a resource reference.
05-30 01:42:51.006  1241  4208 E ANDR-PERF-CLIENT: Process is Flooding request to PerfService
05-30 01:42:51.018  1514  1514 I om.dracul.notes: Using CollectorTypeCC GC.
05-30 01:42:51.021   623   623 D lowmemorykiller: medium pressure event polling check
05-30 01:42:51.021   623   623 D lowmemorykiller: nr_free_pages: 18873 nr_inactive_file: 521727 nr_active_file: 210101 workingset_refault: 1463316527 pgrefill: 833850789 pgscan_kswapd: 2463408837 pgscan_direct: 11793505 pgscan_direct_throttle: 0 init_pgscan_direct: 11793505 init_pgscan_kswapd: 2463383688 base_file_lru: 742809 init_ws_refault: 1463293118 free_swap: 664837 total_swap: 1048575 swap_free_percentage: 63%
05-30 01:42:51.021   623   623 D lowmemorykiller: thrashing: 3% thrashing_limit: 30%
05-30 01:42:51.021   623   623 E lowmemorykiller: calc_zone_watermarks pgskip_deltas_val: 0 pgskip_deltas[PGSKIP_IDX(i++)]: 0
05-30 01:42:51.022   623   623 D lowmemorykiller: Not killing for medium pressure event polling check
05-30 01:42:51.034  1265  1315 E ANDR-PERF-LM: MetaMeter: handleAsync() 166: AdaptLaunch Invalid Async
05-30 01:42:51.034 26379 26384 I adbd    : jdwp connection from 1514
05-30 01:42:51.034 29689 31613 D CompatibilityInfo: mCompatibilityFlags - 0
05-30 01:42:51.034 29689 31613 D CompatibilityInfo: applicationDensity - 420
05-30 01:42:51.034 29689 31613 D CompatibilityInfo: applicationScale - 1.0
05-30 01:42:51.037   637  1401 I FA      : To enable faster debug mode event logging run:
05-30 01:42:51.037   637  1401 I FA      :   adb shell setprop debug.firebase.analytics.app com.deliveryclub
05-30 01:42:51.046 30029 31783 D TopAppSceneDetector: currentFocusApp=com.dracul.notes
05-30 01:42:51.047 30029 31783 D NearbyDetector: onTopActivityChanged: top class name: com.dracul.notes.MainActivity
05-30 01:42:51.047 30029 31783 D NearbyDetector: onTopActivityChanged: top class name: com.android.searchlauncher.SearchLauncher
05-30 01:42:51.048  1124 30699 D vendor.qti.bluetooth@1.0-wake_lock: Release wakelock is released
05-30 01:42:51.049 30029 31783 D GameSceneDetector: Failed to call isBoostTypeGame: java.lang.NoSuchMethodException: android.util.BoostFramework.perfGetFeedback []
05-30 01:42:51.049 30029 31783 D GameSceneDetector: onTopChanged=com.dracul.notes, isBoostTypeGame=false, isCategoryGame=false
05-30 01:42:51.055  1514  1514 D CompatibilityChangeReporter: Compat change id reported: 171979766; UID 10339; state: ENABLED
05-30 01:42:51.055  1514  1514 D CompatibilityChangeReporter: Compat change id reported: 242716250; UID 10339; state: ENABLED
05-30 01:42:51.056  1327  1327 D nativeloader: Configuring clns-5 for other apk /data/app/~~CfAVdQ14SNbmDAeMhnI63Q==/com.google.android.apps.subscriptions.red-LKKB2M5QD5STLADXKXhlmw==/base.apk. target_sdk_version=34, uses_libraries=, library_path=/data/app/~~CfAVdQ14SNbmDAeMhnI63Q==/com.google.android.apps.subscriptions.red-LKKB2M5QD5STLADXKXhlmw==/lib/arm64:/data/app/~~CfAVdQ14SNbmDAeMhnI63Q==/com.google.android.apps.subscriptions.red-LKKB2M5QD5STLADXKXhlmw==/base.apk!/lib/arm64-v8a, permitted_path=/data:/mnt/expand:/data/user/0/com.google.android.apps.subscriptions.red
05-30 01:42:51.061  1514  1514 D nativeloader: Configuring clns-4 for other apk /data/app/~~S_gR6tqgfOGBOyZlsFtcvg==/com.dracul.notes-oJ1fl4rKeFrsYYM7AzhTww==/base.apk. target_sdk_version=34, uses_libraries=, library_path=/data/app/~~S_gR6tqgfOGBOyZlsFtcvg==/com.dracul.notes-oJ1fl4rKeFrsYYM7AzhTww==/lib/arm64:/data/app/~~S_gR6tqgfOGBOyZlsFtcvg==/com.dracul.notes-oJ1fl4rKeFrsYYM7AzhTww==/base.apk!/lib/arm64-v8a, permitted_path=/data:/mnt/expand:/data/user/0/com.dracul.notes
05-30 01:42:51.075 30471 30471 I NT-NTDragLayer: dispatchDraw consumed 1
05-30 01:42:51.075  1514  1514 I Perf    : Connecting to perf service.
05-30 01:42:51.076  1212  1212 D CompatibilityChangeReporter: Compat change id reported: 183155436; UID 10291; state: ENABLED
05-30 01:42:51.079  1514  1514 V GraphicsEnvironment: Currently set values for:
05-30 01:42:51.079  1514  1514 V GraphicsEnvironment:   angle_gl_driver_selection_pkgs=[]
05-30 01:42:51.079  1514  1514 V GraphicsEnvironment:   angle_gl_driver_selection_values=[]
05-30 01:42:51.080  1514  1514 V GraphicsEnvironment: ANGLE GameManagerService for com.dracul.notes: false
05-30 01:42:51.080  1514  1514 V GraphicsEnvironment: com.dracul.notes is not listed in per-application setting
05-30 01:42:51.080  1514  1514 V GraphicsEnvironment: Updatable production driver is not supported on the device.
