05-30 01:42:51.086  1454  1454 D nativeloader: Configuring clns-4 for other apk /system/framework/org.apache.http.legacy.jar. target_sdk_version=34, uses_libraries=ALL, library_path=/data/app/~~m-z4UGxoRPUS2Q-fjYgChg==/com.google.android.apps.walletnfcrel-9MWvW4ZL8cryj7FqqwsQ7w==/lib/arm64:/data/app/~~m-z4UGxoRPUS2Q-fjYgChg==/com.google.android.apps.walletnfcrel-9MWvW4ZL8cryj7FqqwsQ7w==/base.apk!/lib/arm64-v8a:/data/app/~~m-z4UGxoRPUS2Q-fjYgChg==/com.google.android.apps.walletnfcrel-9MWvW4ZL8cryj7FqqwsQ7w==/split_config.arm64_v8a.apk!/lib/arm64-v8a:/data/app/~~m-z4UGxoRPUS2Q-fjYgChg==/com.google.android.apps.walletnfcrel-9MWvW4ZL8cryj7FqqwsQ7w==/split_config.xxhdpi.apk!/lib/arm64-v8a, permitted_path=/data:/mnt/expand:/data/user/0/com.google.android.apps.walletnfcrel
05-30 01:42:51.086   557  1047 V ContactsProvider: 0 Dangling Contacts have been cleaned up.
05-30 01:42:51.086  1454  1454 D nativeloader: Extending system_exposed_libraries: libbinauralrenderer_wrapper.qti.so:libhoaeffects.qti.so:libQOC.qti.so:libupdateprof.qti.so:libthermalclient.qti.so:libQOC.qti.so:libdiag_system.qti.so:libqape.qti.so:libqesdk_ndk_platform.qti.so:liblistenjni.qti.so
05-30 01:42:51.097  1327  1327 I Perf    : Connecting to perf service.
05-30 01:42:51.106  1521  1521 I twitter.android: Using CollectorTypeCC GC.
05-30 01:42:51.109  1514  1569 W ziparchive: Unable to open '/system/framework/QXPerformance.dm': No such file or directory
05-30 01:42:51.109  1514  1569 W ziparchive: Unable to open '/system/framework/QXPerformance.dm': No such file or directory
05-30 01:42:51.114  1521  1521 E twitter.android: Not starting debugger since process cannot load the jdwp agent.
05-30 01:42:51.121   623   623 D lowmemorykiller: medium pressure event polling check
05-30 01:42:51.122   623   623 D lowmemorykiller: nr_free_pages: 24020 nr_inactive_file: 521953 nr_active_file: 210411 workingset_refault: 1463319524 pgrefill: 833850789 pgscan_kswapd: 2463411805 pgscan_direct: 11793505 pgscan_direct_throttle: 0 init_pgscan_direct: 11793505 init_pgscan_kswapd: 2463408837 base_file_lru: 742809 init_ws_refault: 1463293118 free_swap: 664837 total_swap: 1048575 swap_free_percentage: 63%
05-30 01:42:51.122   623   623 D lowmemorykiller: thrashing: 3% thrashing_limit: 30%
05-30 01:42:51.122   623   623 E lowmemorykiller: calc_zone_watermarks pgskip_deltas_val: 0 pgskip_deltas[PGSKIP_IDX(i++)]: 0
05-30 01:42:51.122   623   623 D lowmemorykiller: Not killing for medium pressure event polling check
05-30 01:42:51.124  1327  1327 V GraphicsEnvironment: Currently set values for:
05-30 01:42:51.124  1327  1327 V GraphicsEnvironment:   angle_gl_driver_selection_pkgs=[]
05-30 01:42:51.125  1327  1327 V GraphicsEnvironment:   angle_gl_driver_selection_values=[]
05-30 01:42:51.132  1327  1327 V GraphicsEnvironment: ANGLE GameManagerService for com.google.android.apps.subscriptions.red: false
05-30 01:42:51.133  1327  1327 V GraphicsEnvironment: com.google.android.apps.subscriptions.red is not listed in per-application setting
05-30 01:42:51.133  1327  1327 V GraphicsEnvironment: Updatable production driver is not supported on the device.
05-30 01:42:51.137 29689 31613 D CompatibilityInfo: mCompatibilityFlags - 0
05-30 01:42:51.137 29689 31613 D CompatibilityInfo: applicationDensity - 420
05-30 01:42:51.137 29689 31613 D CompatibilityInfo: applicationScale - 1.0
05-30 01:42:51.154  1521  1521 D CompatibilityChangeReporter: Compat change id reported: 171979766; UID 10283; state: ENABLED
05-30 01:42:51.154  1521  1521 D CompatibilityChangeReporter: Compat change id reported: 242716250; UID 10283; state: DISABLED
05-30 01:42:51.165 28945 28945 I TranslationsMiddleware: Success requesting language models.
05-30 01:42:51.167  1514  1514 D CompatibilityChangeReporter: Compat change id reported: 237531167; UID 10339; state: DISABLED
05-30 01:42:51.174  1405  1518 D CompatibilityChangeReporter: Compat change id reported: 263076149; UID 10302; state: DISABLED
05-30 01:42:51.178 29689 29947 D ConnectivityService: releasing NetworkRequest [ REQUEST id=1716, [ Capabilities: INTERNET&NOT_RESTRICTED&TRUSTED&NOT_VCN_MANAGED Uid: 10118 RequestorUid: 10118 RequestorPkg: com.google.android.apps.tachyon UnderlyingNetworks: Null] ] (release request)
05-30 01:42:51.182 29568 29568 I Zygote  : Process 30454 exited due to signal 9 (Killed)
05-30 01:42:51.185 31259 31259 D BoundBrokerSvc: onUnbind: Intent { act=com.google.android.gms.constellation.service.START pkg=com.google.android.gms }
05-30 01:42:51.220   623   623 D lowmemorykiller: medium pressure event polling check
05-30 01:42:51.221   623   623 D lowmemorykiller: nr_free_pages: 26391 nr_inactive_file: 524255 nr_active_file: 211006 workingset_refault: 1463320566 pgrefill: 833850789 pgscan_kswapd: 2463411805 pgscan_direct: 11793505 pgscan_direct_throttle: 0 init_pgscan_direct: 11793505 init_pgscan_kswapd: 2463411805 base_file_lru: 742809 init_ws_refault: 1463293118 free_swap: 664901 total_swap: 1048575 swap_free_percentage: 63%
05-30 01:42:51.221   623   623 E lowmemorykiller: calc_zone_watermarks pgskip_deltas_val: 0 pgskip_deltas[PGSKIP_IDX(i++)]: 0
05-30 01:42:51.221   623   623 D lowmemorykiller: Not killing for medium pressure event polling check
05-30 01:42:51.223  1521  1521 D nativeloader: Configuring clns-4 for other apk /system/framework/org.apache.http.legacy.jar. target_sdk_version=33, uses_libraries=ALL, library_path=/data/app/~~TamxCVkvbS6NG_Qsub-AJA==/com.twitter.android-W2oc-narV98TZ24UShlzsQ==/lib/arm64:/data/app/~~TamxCVkvbS6NG_Qsub-AJA==/com.twitter.android-W2oc-narV98TZ24UShlzsQ==/base.apk!/lib/arm64-v8a:/data/app/~~TamxCVkvbS6NG_Qsub-AJA==/com.twitter.android-W2oc-narV98TZ24UShlzsQ==/split_config.arm64_v8a.apk!/lib/arm64-v8a:/data/app/~~TamxCVkvbS6NG_Qsub-AJA==/com.twitter.android-W2oc-narV98TZ24UShlzsQ==/split_config.en.apk!/lib/arm64-v8a:/data/app/~~TamxCVkvbS6NG_Qsub-AJA==/com.twitter.android-W2oc-narV98TZ24UShlzsQ==/split_config.xxhdpi.apk!/lib/arm64-v8a, permitted_path=/data:/mnt/expand:/data/user/0/com.twitter.android
05-30 01:42:51.223  1521  1521 D nativeloader: Extending system_exposed_libraries: libbinauralrenderer_wrapper.qti.so:libhoaeffects.qti.so:libQOC.qti.so:libupdateprof.qti.so:libthermalclient.qti.so:libQOC.qti.so:libdiag_system.qti.so:libqape.qti.so:libqesdk_ndk_platform.qti.so:liblistenjni.qti.so
05-30 01:42:51.230 29024 29048 W System  : A resource failed to call close.
05-30 01:42:51.266  1514  1514 W om.dracul.notes: Method boolean androidx.compose.runtime.snapshots.SnapshotStateList.conditionalUpdate(boolean, kotlin.jvm.functions.Function1) failed lock verification and will run slower.
05-30 01:42:51.266  1514  1514 W om.dracul.notes: Common causes for lock verification issues are non-optimized dex code
05-30 01:42:51.266  1514  1514 W om.dracul.notes: and incorrect proguard optimizations.
05-30 01:42:51.266  1514  1514 W om.dracul.notes: Method boolean androidx.compose.runtime.snapshots.SnapshotStateList.conditionalUpdate$default(androidx.compose.runtime.snapshots.SnapshotStateList, boolean, kotlin.jvm.functions.Function1, int, java.lang.Object) failed lock verification and will run slower.
05-30 01:42:51.266  1514  1514 W om.dracul.notes: Method java.lang.Object androidx.compose.runtime.snapshots.SnapshotStateList.mutate(kotlin.jvm.functions.Function1) failed lock verification and will run slower.
05-30 01:42:51.266  1514  1514 W om.dracul.notes: Method void androidx.compose.runtime.snapshots.SnapshotStateList.update(boolean, kotlin.jvm.functions.Function1) failed lock verification and will run slower.
05-30 01:42:51.266  1514  1514 W om.dracul.notes: Method void androidx.compose.runtime.snapshots.SnapshotStateList.update$default(androidx.compose.runtime.snapshots.SnapshotStateList, boolean, kotlin.jvm.functions.Function1, int, java.lang.Object) failed lock verification and will run slower.
05-30 01:42:51.276 29568 29568 I Zygote  : Process 28963 exited due to signal 9 (Killed)
05-30 01:42:51.277 29689 29793 I libprocessgroup: Successfully killed process cgroup uid 10124 pid 30515 in 0ms
05-30 01:42:51.286  1327  1327 D CompatibilityChangeReporter: Compat change id reported: 3400644; UID 10182; state: ENABLED
05-30 01:42:51.291 29689 29689 W ServiceConnector.Impl: mayInterruptIfRunning not supported - ignoring
05-30 01:42:51.297  1514  1571 I AdrenoGLES-0: QUALCOMM build                   : 82d27a90b3, I4ee8f6bced
05-30 01:42:51.297  1514  1571 I AdrenoGLES-0: Build Date                       : 07/12/23
05-30 01:42:51.297  1514  1571 I AdrenoGLES-0: OpenGL ES Shader Compiler Version: EV031.35.01.12
05-30 01:42:51.297  1514  1571 I AdrenoGLES-0: Local Branch                     :
05-30 01:42:51.297  1514  1571 I AdrenoGLES-0: Remote Branch                    : refs/tags/AU_LINUX_ANDROID_LA.UM.9.14.11.00.00.571.148
05-30 01:42:51.297  1514  1571 I AdrenoGLES-0: Remote Branch                    : NONE
05-30 01:42:51.297  1514  1571 I AdrenoGLES-0: Reconstruct Branch               : NOTHING
05-30 01:42:51.297  1514  1571 I AdrenoGLES-0: Build Config                     : S P 10.0.7 AArch64
05-30 01:42:51.297  1514  1571 I AdrenoGLES-0: Driver Path                      : /vendor/lib64/egl/libGLESv2_adreno.so
05-30 01:42:51.303  1514  1571 I AdrenoGLES-0: PFP: 0x016dc094, ME: 0x00000000
05-30 01:42:51.316  1405  1617 D CompatibilityChangeReporter: Compat change id reported: 183155436; UID 10302; state: ENABLED
05-30 01:42:51.321   623   623 D lowmemorykiller: medium pressure event polling check
05-30 01:42:51.321   623   623 D lowmemorykiller: nr_free_pages: 33829 nr_inactive_file: 525747 nr_active_file: 212129 workingset_refault: 1463320969 pgrefill: 833850789 pgscan_kswapd: 2463411805 pgscan_direct: 11793505 pgscan_direct_throttle: 0 init_pgscan_direct: 11793505 init_pgscan_kswapd: 2463411805 base_file_lru: 735261 init_ws_refault: 1463320566 free_swap: 664901 total_swap: 1048575 swap_free_percentage: 63%
05-30 01:42:51.321   623   623 D lowmemorykiller: thrashing: 0% thrashing_limit: 30%
05-30 01:42:51.321   623   623 E lowmemorykiller: calc_zone_watermarks pgskip_deltas_val: 0 pgskip_deltas[PGSKIP_IDX(i++)]: 0
05-30 01:42:51.321   623   623 D lowmemorykiller: Not killing for medium pressure event polling check
05-30 01:42:51.324  1514  1571 E OpenGLRenderer: Unable to match the desired swap behavior.
05-30 01:42:51.329 28945 29721 W GeckoEventDispatcher: No listener for GeckoView:BrowserAction:Update
05-30 01:42:51.330 28945 29721 W GeckoEventDispatcher: No listener for GeckoView:BrowserAction:Update
05-30 01:42:51.340 29689 29947 D ConnectivityService: releasing NetworkRequest [ REQUEST id=1730, [ Capabilities: INTERNET&NOT_RESTRICTED&TRUSTED&NOT_VCN_MANAGED Uid: 10124 RequestorUid: 10124 RequestorPkg: com.google.android.apps.docs UnderlyingNetworks: Null] ] (release request)
05-30 01:42:51.341  1405  1617 I AppMetrica: Initializing of AppMetrica, Release type, Version 6.3.0, API Level 113, Dated 18.03.2024.
05-30 01:42:51.345 29568 29568 I Zygote  : Process 30515 exited due to signal 9 (Killed)
05-30 01:42:51.346 29689 29793 I libprocessgroup: Successfully killed process cgroup uid 10118 pid 30454 in 0ms
05-30 01:42:51.348  1514  1514 D CompatibilityChangeReporter: Compat change id reported: 236825255; UID 10339; state: ENABLED
05-30 01:42:51.353  1514  1571 E FrameEvents: updateAcquireFence: Did not find frame.
05-30 01:42:51.360  1514  1514 W ImageReader_JNI: Unable to acquire a buffer item, very likely client tried to acquire more than maxImages buffers
05-30 01:42:51.366 29689 29751 I ActivityTaskManager: Displayed com.dracul.notes/.MainActivity for user 0: +554ms
05-30 01:42:51.366 30050 30050 D LightBarController: updateStatus= numStacks: 1, size: 0, appearance: 16
05-30 01:42:51.370 29689 30861 I ImeTracker: com.dracul.notes:9293cd18: onRequestHide at ORIGIN_SERVER_HIDE_INPUT reason HIDE_UNSPECIFIED_WINDOW
05-30 01:42:51.370 29689 30861 I ImeTracker: com.dracul.notes:9293cd18: onCancelled at PHASE_SERVER_SHOULD_HIDE
05-30 01:42:51.386 30402 30434 W DynamicDDSService: appName is not found in cache: com.nothing.launcher
05-30 01:42:51.387 30471 30471 W NT-Launcher: onTrimMemory: level = 20
05-30 01:42:51.398  4263  4263 I GoogleInputMethodService: GoogleInputMethodService.onFinishInput():3154
05-30 01:42:51.399  4263  4263 I GoogleInputMethodService: GoogleInputMethodService.updateDeviceLockedStatus():2245 repeatCheckTimes = 0, locked = false
05-30 01:42:51.399  4263  4263 I GoogleInputMethodService: GoogleInputMethodService.onStartInput():1983 onStartInput(EditorInfo{EditorInfo{packageName=com.dracul.notes, inputType=0, inputTypeString=NULL, enableLearning=false, autoCorrection=false, autoComplete=false, imeOptions=0, privateImeOptions=null, actionName=UNSPECIFIED, actionLabel=null, initialSelStart=-1, initialSelEnd=-1, initialCapsMode=0, label=null, fieldId=0, fieldName=null, extras=null, hintText=null, hintLocales=[]}}, false)
05-30 01:42:51.399 30204 30670 I BtGatt.ScanManager: msg.what = 6
05-30 01:42:51.399 30204 30670 I BtGatt.ScanManager: msg.what = 6
05-30 01:42:51.400  4263  4263 I GoogleInputMethodService: GoogleInputMethodService.updateDeviceLockedStatus():2245 repeatCheckTimes = 1, locked = false
05-30 01:42:51.401  4263  4263 I AndroidIME: InputBundleManager.loadActiveInputBundleId():450 loadActiveInputBundleId: und-Latn-x-password, password
05-30 01:42:51.402 32076 32076 I A       : onStop
05-30 01:42:51.404 30471 30576 I ImeTracker: com.nothing.launcher:67f09664: onRequestHide at ORIGIN_CLIENT_HIDE_SOFT_INPUT reason HIDE_SOFT_INPUT
05-30 01:42:51.405 30471 30576 I ImeTracker: com.nothing.launcher:67f09664: onFailed at PHASE_CLIENT_VIEW_SERVED
05-30 01:42:51.412   623   623 D lowmemorykiller: medium pressure event triggered
05-30 01:42:51.412   623   623 D lowmemorykiller: nr_free_pages: 31263 nr_inactive_file: 529366 nr_active_file: 212892 workingset_refault: 1463325355 pgrefill: 833850789 pgscan_kswapd: 2463411805 pgscan_direct: 11793505 pgscan_direct_throttle: 0 init_pgscan_direct: 11793505 init_pgscan_kswapd: 2463411805 base_file_lru: 735261 init_ws_refault: 1463320566 free_swap: 664901 total_swap: 1048575 swap_free_percentage: 63%
05-30 01:42:51.412   623   623 D lowmemorykiller: thrashing: 0% thrashing_limit: 30%
05-30 01:42:51.412   623   623 E lowmemorykiller: calc_zone_watermarks pgskip_deltas_val: 0 pgskip_deltas[PGSKIP_IDX(i++)]: 0
05-30 01:42:51.412   623   623 D lowmemorykiller: Not killing for medium pressure event trigger
05-30 01:42:51.420   623   623 D lowmemorykiller: medium pressure event polling check
05-30 01:42:51.421   623   623 D lowmemorykiller: nr_free_pages: 30318 nr_inactive_file: 530278 nr_active_file: 212949 workingset_refault: 1463326267 pgrefill: 833850789 pgscan_kswapd: 2463411805 pgscan_direct: 11793505 pgscan_direct_throttle: 0 init_pgscan_direct: 11793505 init_pgscan_kswapd: 2463411805 base_file_lru: 735261 init_ws_refault: 1463320566 free_swap: 664901 total_swap: 1048575 swap_free_percentage: 63%
05-30 01:42:51.421   623   623 D lowmemorykiller: thrashing: 0% thrashing_limit: 30%
05-30 01:42:51.421   623   623 E lowmemorykiller: calc_zone_watermarks pgskip_deltas_val: 0 pgskip_deltas[PGSKIP_IDX(i++)]: 0
05-30 01:42:51.421   623   623 D lowmemorykiller: Not killing for medium pressure event polling check
05-30 01:42:51.433  1405  1617 I AppMetrica: Activate reporter with APIKey 20799a27-xxxx-xxxx-xxxx-xxxxxxxx4180
05-30 01:42:51.441 31346 30012 I MediaProvider: Invalidating LocalCallingIdentity cache for package com.dracul.baselineprofile. Reason: owned_database_row_deleted:/storage/emulated/0/Android/media/com.dracul.baselineprofile/temporaryScript1211939670828927528.tmp
05-30 01:42:51.442 31346 30012 I MediaProvider: Deleted 1 0 0 0 0 0 0 items on external_primary due to com.android.shell
05-30 01:42:51.456 31699 31836 D Benchmark: Result: Starting: Intent { act=android.intent.action.MAIN cat=[android.intent.category.LAUNCHER] flg=0x10008000 pkg=com.dracul.notes cmp=com.dracul.notes/.MainActivity }
05-30 01:42:51.456 31699 31836 D Benchmark: Status: ok
05-30 01:42:51.456 31699 31836 D Benchmark: LaunchState: COLD
05-30 01:42:51.456 31699 31836 D Benchmark: Activity: com.dracul.notes/.MainActivity
05-30 01:42:51.456 31699 31836 D Benchmark: TotalTime: 554
05-30 01:42:51.456 31699 31836 D Benchmark: WaitTime: 560
05-30 01:42:51.456 31699 31836 D Benchmark: Complete
05-30 01:42:51.459 29689  2715 D NtAmDebugConfig: checkNtSkipFreezing app=com.deliveryclub:passport focused=com.dracul.notes
05-30 01:42:51.461 29689  2715 D NtAmDebugConfig: checkNtSkipFreezing app=com.deliveryclub:AppMetrica focused=com.dracul.notes
05-30 01:42:51.475  1405  1642 D TrafficStats: tagSocket(118) with statsTag=0xffffffff, statsUid=-1
05-30 01:42:51.486 29689 29793 I libprocessgroup: Successfully killed process cgroup uid 10102 pid 30879 in 24ms
05-30 01:42:51.489 28945 29661 I libglean_ffi: glean_core::ping: Collecting use-counters
05-30 01:42:51.491 28945 29661 I libglean_ffi: glean_core::ping: Storage for use-counters empty. Bailing out.
05-30 01:42:51.491 28945 29661 I libglean_ffi: glean_core::metrics::ping: No content for ping 'use-counters', therefore no ping queued.
05-30 01:42:51.523   623   623 D lowmemorykiller: medium pressure event polling check
05-30 01:42:51.524   623   623 D lowmemorykiller: nr_free_pages: 25025 nr_inactive_file: 532984 nr_active_file: 213842 workingset_refault: 1463329830 pgrefill: 833850789 pgscan_kswapd: 2463411805 pgscan_direct: 11793505 pgscan_direct_throttle: 0 init_pgscan_direct: 11793505 init_pgscan_kswapd: 2463411805 base_file_lru: 735261 init_ws_refault: 1463320566 free_swap: 664901 total_swap: 1048575 swap_free_percentage: 63%
05-30 01:42:51.524   623   623 D lowmemorykiller: thrashing: 1% thrashing_limit: 30%
05-30 01:42:51.524   623   623 E lowmemorykiller: calc_zone_watermarks pgskip_deltas_val: 0 pgskip_deltas[PGSKIP_IDX(i++)]: 0
05-30 01:42:51.524   623   623 D lowmemorykiller: Not killing for medium pressure event polling check
05-30 01:42:51.559 29689 30006 D NtAmDebugConfig: checkNtSkipFreezing app=com.google.android.tts focused=com.dracul.notes
05-30 01:42:51.562 31346 30012 W MediaProvider: isAppCloneUserPair for user 0: false
05-30 01:42:51.566  1212  1606 E Tracer  : Missing trace
05-30 01:42:51.566  1212  1606 E Tracer  : java.lang.IllegalStateException: Was supposed to have a trace - did you forget to propagate or create one? See http://go/tiktok-tracing for more details.
05-30 01:42:51.566  1212  1606 E Tracer  : 	at hfp.q(PG:42)
05-30 01:42:51.566  1212  1606 E Tracer  : 	at hfp.p(PG:2)
05-30 01:42:51.566  1212  1606 E Tracer  : 	at hfp.v(PG:44)
05-30 01:42:51.566  1212  1606 E Tracer  : 	at hfp.u(PG:2)
05-30 01:42:51.566  1212  1606 E Tracer  : 	at hfp.t(PG:3)
05-30 01:42:51.566  1212  1606 E Tracer  : 	at gya.b(PG:329)
05-30 01:42:51.566  1212  1606 E Tracer  : 	at gsr.a(PG:3)
05-30 01:42:51.566  1212  1606 E Tracer  : 	at ffc.a(PG:139)
05-30 01:42:51.566  1212  1606 E Tracer  : 	at cep.c(PG:433)
05-30 01:42:51.566  1212  1606 E Tracer  : 	at feb.c(PG:321)
05-30 01:42:51.566  1212  1606 E Tracer  : 	at jrq.c(PG:3)
05-30 01:42:51.566  1212  1606 E Tracer  : 	at jri.c(PG:16)
05-30 01:42:51.566  1212  1606 E Tracer  : 	at fto.a(PG:11)
05-30 01:42:51.566  1212  1606 E Tracer  : 	at hzi.a(PG:3)
05-30 01:42:51.566  1212  1606 E Tracer  : 	at hyn.run(PG:21)
05-30 01:42:51.566  1212  1606 E Tracer  : 	at hzk.run(PG:5)
05-30 01:42:51.566  1212  1606 E Tracer  : 	at hza.run(PG:3)
05-30 01:42:51.566  1212  1606 E Tracer  : 	at hzb.run(PG:219)
05-30 01:42:51.566  1212  1606 E Tracer  : 	at dro.run(PG:7)
05-30 01:42:51.566  1212  1606 E Tracer  : 	at huz.run(PG:50)
05-30 01:42:51.566  1212  1606 E Tracer  : 	at drg.run(PG:579)
05-30 01:42:51.566  1212  1606 E Tracer  : 	at java.lang.Thread.run(Thread.java:1012)
05-30 01:42:51.566  1212  1606 E Tracer  : 	at dsz.run(PG:64)
05-30 01:42:51.572 29568 29568 I Zygote  : Process 30879 exited due to signal 9 (Killed)
05-30 01:42:51.590  1454  1454 W ziparchive: Unable to open '/data/app/~~m-z4UGxoRPUS2Q-fjYgChg==/com.google.android.apps.walletnfcrel-9MWvW4ZL8cryj7FqqwsQ7w==/split_config.arm64_v8a.dm': No such file or directory
05-30 01:42:51.590  1454  1454 W ziparchive: Unable to open '/data/app/~~m-z4UGxoRPUS2Q-fjYgChg==/com.google.android.apps.walletnfcrel-9MWvW4ZL8cryj7FqqwsQ7w==/split_config.arm64_v8a.dm': No such file or directory
05-30 01:42:51.592  1454  1454 W ps.walletnfcrel: Entry not found
05-30 01:42:51.593  1454  1454 W ziparchive: Unable to open '/data/app/~~m-z4UGxoRPUS2Q-fjYgChg==/com.google.android.apps.walletnfcrel-9MWvW4ZL8cryj7FqqwsQ7w==/split_config.xxhdpi.dm': No such file or directory
05-30 01:42:51.593  1454  1454 W ziparchive: Unable to open '/data/app/~~m-z4UGxoRPUS2Q-fjYgChg==/com.google.android.apps.walletnfcrel-9MWvW4ZL8cryj7FqqwsQ7w==/split_config.xxhdpi.dm': No such file or directory
05-30 01:42:51.594  1454  1454 W ps.walletnfcrel: Entry not found
05-30 01:42:51.598  1454  1454 D nativeloader: Configuring clns-5 for other apk /data/app/~~m-z4UGxoRPUS2Q-fjYgChg==/com.google.android.apps.walletnfcrel-9MWvW4ZL8cryj7FqqwsQ7w==/base.apk:/data/app/~~m-z4UGxoRPUS2Q-fjYgChg==/com.google.android.apps.walletnfcrel-9MWvW4ZL8cryj7FqqwsQ7w==/split_config.arm64_v8a.apk:/data/app/~~m-z4UGxoRPUS2Q-fjYgChg==/com.google.android.apps.walletnfcrel-9MWvW4ZL8cryj7FqqwsQ7w==/split_config.xxhdpi.apk. target_sdk_version=34, uses_libraries=, library_path=/data/app/~~m-z4UGxoRPUS2Q-fjYgChg==/com.google.android.apps.walletnfcrel-9MWvW4ZL8cryj7FqqwsQ7w==/lib/arm64:/data/app/~~m-z4UGxoRPUS2Q-fjYgChg==/com.google.android.apps.walletnfcrel-9MWvW4ZL8cryj7FqqwsQ7w==/base.apk!/lib/arm64-v8a:/data/app/~~m-z4UGxoRPUS2Q-fjYgChg==/com.google.android.apps.walletnfcrel-9MWvW4ZL8cryj7FqqwsQ7w==/split_config.arm64_v8a.apk!/lib/arm64-v8a:/data/app/~~m-z4UGxoRPUS2Q-fjYgChg==/com.google.android.apps.walletnfcrel-9MWvW4ZL8cryj7FqqwsQ7w==/split_config.xxhdpi.apk!/lib/arm64-v8a, permitted_path=/data:/mnt/expand:/data/user/0/com.google.android.ap
05-30 01:42:51.595  1212  1606 E Tracer  : Missing trace
05-30 01:42:51.595  1212  1606 E Tracer  : java.lang.IllegalStateException: Was supposed to have a trace - did you forget to propagate or create one? See this exception's cause for the last place a trace was missing. See http://go/tiktok-tracing for more details.
05-30 01:42:51.595  1212  1606 E Tracer  : 	at hfp.q(PG:32)
05-30 01:42:51.595  1212  1606 E Tracer  : 	at hfp.j(PG:2)
05-30 01:42:51.595  1212  1606 E Tracer  : 	at hcs.a(PG:1)
05-30 01:42:51.595  1212  1606 E Tracer  : 	at fuc.a(PG:3)
05-30 01:42:51.595  1212  1606 E Tracer  : 	at gta.a(PG:430)
05-30 01:42:51.595  1212  1606 E Tracer  : 	at hey.a(PG:53)
05-30 01:42:51.595  1212  1606 E Tracer  : 	at hzi.a(PG:3)
05-30 01:42:51.595  1212  1606 E Tracer  : 	at hyn.run(PG:21)
05-30 01:42:51.595  1212  1606 E Tracer  : 	at hzk.run(PG:5)
05-30 01:42:51.595  1212  1606 E Tracer  : 	at dtj.b(PG:201)
05-30 01:42:51.595  1212  1606 E Tracer  : 	at gya.b(PG:342)
05-30 01:42:51.595  1212  1606 E Tracer  : 	at gsr.a(PG:3)
05-30 01:42:51.595  1212  1606 E Tracer  : 	at ffc.a(PG:139)
05-30 01:42:51.595  1212  1606 E Tracer  : 	at cep.c(PG:433)
05-30 01:42:51.595  1212  1606 E Tracer  : 	at feb.c(PG:321)
05-30 01:42:51.595  1212  1606 E Tracer  : 	at jrq.c(PG:3)
05-30 01:42:51.595  1212  1606 E Tracer  : 	at jri.c(PG:16)
05-30 01:42:51.595  1212  1606 E Tracer  : 	at fto.a(PG:11)
05-30 01:42:51.595  1212  1606 E Tracer  : 	at hzi.a(PG:3)
05-30 01:42:51.595  1212  1606 E Tracer  : 	at hyn.run(PG:21)
05-30 01:42:51.595  1212  1606 E Tracer  : 	at hzk.run(PG:5)
05-30 01:42:51.595  1212  1606 E Tracer  : 	at hza.run(PG:3)
05-30 01:42:51.595  1212  1606 E Tracer  : 	at hzb.run(PG:219)
05-30 01:42:51.595  1212  1606 E Tracer  : 	at dro.run(PG:7)
05-30 01:42:51.595  1212  1606 E Tracer  : 	at huz.run(PG:50)
05-30 01:42:51.595  1212  1606 E Tracer  : 	at drg.run(PG:579)
05-30 01:42:51.595  1212  1606 E Tracer  : 	at java.lang.Thread.run(Thread.java:1012)
05-30 01:42:51.595  1212  1606 E Tracer  : 	at dsz.run(PG:64)
05-30 01:42:51.595  1212  1606 E Tracer  : Caused by: hci
05-30 01:42:51.595  1212  1606 E Tracer  : 	at hcx.<init>(PG:9)
05-30 01:42:51.595  1212  1606 E Tracer  : 	at hfp.v(PG:22)
05-30 01:42:51.595  1212  1606 E Tracer  : 	at hfp.u(PG:2)
05-30 01:42:51.595  1212  1606 E Tracer  : 	at hfp.t(PG:3)
05-30 01:42:51.595  1212  1606 E Tracer  : 	at gya.b(PG:329)
05-30 01:42:51.595  1212  1606 E Tracer  : 	... 17 more
05-30 01:42:51.627   623   623 D lowmemorykiller: medium pressure event polling check
05-30 01:42:51.627   623   623 D lowmemorykiller: nr_free_pages: 21747 nr_inactive_file: 535404 nr_active_file: 214032 workingset_refault: 1463332377 pgrefill: 833850789 pgscan_kswapd: 2463411805 pgscan_direct: 11793505 pgscan_direct_throttle: 0 init_pgscan_direct: 11793505 init_pgscan_kswapd: 2463411805 base_file_lru: 735261 init_ws_refault: 1463320566 free_swap: 664901 total_swap: 1048575 swap_free_percentage: 63%
05-30 01:42:51.627   623   623 D lowmemorykiller: thrashing: 1% thrashing_limit: 30%
05-30 01:42:51.627   623   623 E lowmemorykiller: calc_zone_watermarks pgskip_deltas_val: 0 pgskip_deltas[PGSKIP_IDX(i++)]: 0
05-30 01:42:51.627   623   623 D lowmemorykiller: Not killing for medium pressure event polling check
05-30 01:42:51.661 30651 26454 I NetworkScheduler.Stats: (REDACTED) Task %s/%s started execution. cause:%s exec_start_elapsed_seconds: %s
05-30 01:42:51.666  1454  1454 I Perf    : Connecting to perf service.
05-30 01:42:51.672 30651 26446 I NetworkScheduler.Stats: (REDACTED) Task %s/%s finished executing. cause:%s result: %s elapsed_millis: %s uptime_millis: %s exec_start_elapsed_seconds: %s
05-30 01:42:51.686  1514  1571 E FrameEvents: updateAcquireFence: Did not find frame.
05-30 01:42:51.694  1454  1454 V GraphicsEnvironment: Currently set values for:
05-30 01:42:51.694  1454  1454 V GraphicsEnvironment:   angle_gl_driver_selection_pkgs=[]
05-30 01:42:51.694  1454  1454 V GraphicsEnvironment:   angle_gl_driver_selection_values=[]
05-30 01:42:51.695  1514  1514 W ImageReader_JNI: Unable to acquire a buffer item, very likely client tried to acquire more than maxImages buffers
05-30 01:42:51.695  1454  1454 V GraphicsEnvironment: ANGLE GameManagerService for com.google.android.apps.walletnfcrel: false
05-30 01:42:51.695  1454  1454 V GraphicsEnvironment: com.google.android.apps.walletnfcrel is not listed in per-application setting
05-30 01:42:51.695  1454  1454 V GraphicsEnvironment: Updatable production driver is not supported on the device.
05-30 01:42:51.703 30651 30666 I FontLog : (REDACTED) Received query %s, URI %s
05-30 01:42:51.704 30651 30666 I FontLog : (REDACTED) Query [%s] resolved to %s
05-30 01:42:51.704 30204 30670 I BtGatt.ScanManager: msg.what = 6
05-30 01:42:51.704 29689 30861 D NtAmDebugConfig: checkNtSkipFreezing app=com.plcoding.decomposesample focused=com.dracul.notes
05-30 01:42:51.704 30651 30666 I FontLog : (REDACTED) Fetch %s end status %s
05-30 01:42:51.707 30651  3035 I FontLog : (REDACTED) Pulling font file for id = %d, cache size = %d
05-30 01:42:51.710 30651 30666 I FontLog : (REDACTED) Pulling font file for id = %d, cache size = %d
05-30 01:42:51.716 30050 30138 W WindowOnBackDispatcher: sendCancelIfRunning: isInProgress=falsecallback=android.view.ViewRootImpl$$ExternalSyntheticLambda17@ec507f7
05-30 01:42:51.718 29689 31084 W InputManager-JNI: Input channel object 'f6e394e Splash Screen com.dracul.notes (client)' was disposed without first being removed with the input manager!
05-30 01:42:51.725   623   623 D lowmemorykiller: medium pressure event polling check
05-30 01:42:51.726   623   623 D lowmemorykiller: nr_free_pages: 17492 nr_inactive_file: 540291 nr_active_file: 212868 workingset_refault: 1463338888 pgrefill: 833852621 pgscan_kswapd: 2463416085 pgscan_direct: 11793505 pgscan_direct_throttle: 0 init_pgscan_direct: 11793505 init_pgscan_kswapd: 2463411805 base_file_lru: 735261 init_ws_refault: 1463320566 free_swap: 664985 total_swap: 1048575 swap_free_percentage: 63%
05-30 01:42:51.726   623   623 D lowmemorykiller: thrashing: 2% thrashing_limit: 30%
05-30 01:42:51.726   623   623 E lowmemorykiller: calc_zone_watermarks pgskip_deltas_val: 0 pgskip_deltas[PGSKIP_IDX(i++)]: 0
05-30 01:42:51.726   623   623 D lowmemorykiller: Not killing for medium pressure event polling check
05-30 01:42:51.735  1405  1643 D TrafficStats: tagSocket(120) with statsTag=0xffffffff, statsUid=-1
05-30 01:42:51.754  1327  1327 D CompatibilityChangeReporter: Compat change id reported: 194532703; UID 10182; state: ENABLED
05-30 01:42:51.754  1327  1327 D CompatibilityChangeReporter: Compat change id reported: 253665015; UID 10182; state: ENABLED
05-30 01:42:51.765  1454  1454 W DynamiteModule: Local module descriptor class for com.google.android.gms.providerinstaller.dynamite not found.
05-30 01:42:51.773 31346  1592 I MediaProvider: Invalidating LocalCallingIdentity cache for package com.dracul.baselineprofile. Reason: owned_database_row_deleted:/storage/emulated/0/Android/media/com.dracul.baselineprofile/temporaryScript8557940616016303519.tmp
05-30 01:42:51.777 31346  1592 I MediaProvider: Deleted 1 0 0 0 0 0 0 items on external_primary due to com.android.shell
05-30 01:42:51.778 28945 28945 I DefaultAddonUpdater: registerForFutureUpdates addon@darkreader.org
05-30 01:42:51.780 28945 28945 I DefaultAddonUpdater: registerForFutureUpdates uBlock0@raymondhill.net
05-30 01:42:51.780 28945 28945 I DefaultSupportedAddonsChecker: Unregister check for new supported add-ons
05-30 01:42:51.786 30651 30666 W ProviderHelper: Unknown dynamite feature providerinstaller.dynamite
05-30 01:42:51.787  1454  1454 I DynamiteModule: Considering local module com.google.android.gms.providerinstaller.dynamite:0 and remote module com.google.android.gms.providerinstaller.dynamite:0
05-30 01:42:51.788  1454  1454 W ProviderInstaller: Failed to load providerinstaller module: No acceptable module com.google.android.gms.providerinstaller.dynamite found. Local version is 0 and remote version is 0.
05-30 01:42:51.793  1454  1454 D nativeloader: Configuring clns-6 for other apk /system/framework/com.android.media.remotedisplay.jar. target_sdk_version=34, uses_libraries=ALL, library_path=/data/app/~~IP5W9D4ed-szvQPFRcC0nQ==/com.google.android.gms-yV8n72sT6SmfBriAQal-WA==/lib/arm64:/data/app/~~IP5W9D4ed-szvQPFRcC0nQ==/com.google.android.gms-yV8n72sT6SmfBriAQal-WA==/base.apk!/lib/arm64-v8a, permitted_path=/data:/mnt/expand:/data/user/0/com.google.android.gms
05-30 01:42:51.794  1454  1454 D nativeloader: Extending system_exposed_libraries: libbinauralrenderer_wrapper.qti.so:libhoaeffects.qti.so:libQOC.qti.so:libupdateprof.qti.so:libthermalclient.qti.so:libQOC.qti.so:libdiag_system.qti.so:libqape.qti.so:libqesdk_ndk_platform.qti.so:liblistenjni.qti.so
05-30 01:42:51.797  1454  1454 D nativeloader: Configuring clns-7 for other apk /system/framework/com.android.location.provider.jar. target_sdk_version=34, uses_libraries=ALL, library_path=/data/app/~~IP5W9D4ed-szvQPFRcC0nQ==/com.google.android.gms-yV8n72sT6SmfBriAQal-WA==/lib/arm64:/data/app/~~IP5W9D4ed-szvQPFRcC0nQ==/com.google.android.gms-yV8n72sT6SmfBriAQal-WA==/base.apk!/lib/arm64-v8a, permitted_path=/data:/mnt/expand:/data/user/0/com.google.android.gms
05-30 01:42:51.797  1454  1454 D nativeloader: Extending system_exposed_libraries: libbinauralrenderer_wrapper.qti.so:libhoaeffects.qti.so:libQOC.qti.so:libupdateprof.qti.so:libthermalclient.qti.so:libQOC.qti.so:libdiag_system.qti.so:libqape.qti.so:libqesdk_ndk_platform.qti.so:liblistenjni.qti.so
05-30 01:42:51.801 31699 31836 I System.out: 0 Flags,FrameTimelineVsyncId,IntendedVsync,Vsync,InputEventId,HandleInputStart,AnimationStart,PerformTraversalsStart,DrawStart,FrameDeadline,FrameInterval,FrameStartTime,SyncQueued,SyncStart,IssueDrawCommandsStart,SwapBuffers,FrameCompleted,DequeueBufferDuration,QueueBufferDuration,GpuCompleted,SwapBuffersCompleted,DisplayPresentTime,CommandSubmissionCompleted,
05-30 01:42:51.801 31699 31836 I System.out: 1 1,267138095,603305595966583,603305679364373,0,603305690030792,603305690031574,603305690127928,603305825097146,603305607633249,603305683982719,8339779,603305829955167,603305830068136,603305835824751,603305845144438,603305847344542,15573,1216094,603305847344542,603305847195115,0,603305845144438,
05-30 01:42:51.801 31699 31836 I System.out: 2 0,267138687,603305937765200,603305937765200,0,603305938157459,603305938157771,603305938830740,603306157218344,603305949431866,603305938140948,8335338,603306176297771,603306176436000,603306176664594,603306181779698,0,30521,661979,0,603306182836834,0,603306181779698,
05-30 01:42:51.801 31699 31836 I System.out: 3 0,267138716,603305946085000,603306179474464,0,603306188206938,603306188208084,603306189095219,603306189142928,603305957751666,603306187000115,8335338,603306189764334,603306190025219,603306190152355,603306193043605,0,10364,252917,0,603306193862459,0,603306193043605,
05-30 01:42:51.807  1212  1687 I FA      : App measurement initialized, version: 94001
05-30 01:42:51.807  1212  1687 I FA      : To enable debug logging run: adb shell setprop log.tag.FA VERBOSE
05-30 01:42:51.808  1212  1687 I FA      : To enable faster debug mode event logging run:
05-30 01:42:51.808  1212  1687 I FA      :   adb shell setprop debug.firebase.analytics.app com.google.android.apps.kids.familylink
05-30 01:42:51.826   623   623 D lowmemorykiller: medium pressure event polling check
05-30 01:42:51.826   623   623 D lowmemorykiller: nr_free_pages: 18133 nr_inactive_file: 539761 nr_active_file: 212967 workingset_refault: 1463344353 pgrefill: 833855036 pgscan_kswapd: 2463424871 pgscan_direct: 11793505 pgscan_direct_throttle: 0 init_pgscan_direct: 11793505 init_pgscan_kswapd: 2463416085 base_file_lru: 735261 init_ws_refault: 1463320566 free_swap: 664985 total_swap: 1048575 swap_free_percentage: 63%
05-30 01:42:51.826   623   623 D lowmemorykiller: thrashing: 3% thrashing_limit: 30%
05-30 01:42:51.826   623   623 E lowmemorykiller: calc_zone_watermarks pgskip_deltas_val: 0 pgskip_deltas[PGSKIP_IDX(i++)]: 0
05-30 01:42:51.826   623   623 D lowmemorykiller: Not killing for medium pressure event polling check
05-30 01:42:51.828  1454  1454 D nativeloader: Configuring clns-8 for other apk /data/app/~~IP5W9D4ed-szvQPFRcC0nQ==/com.google.android.gms-yV8n72sT6SmfBriAQal-WA==/base.apk. target_sdk_version=34, uses_libraries=, library_path=/data/app/~~IP5W9D4ed-szvQPFRcC0nQ==/com.google.android.gms-yV8n72sT6SmfBriAQal-WA==/lib/arm64:/data/app/~~IP5W9D4ed-szvQPFRcC0nQ==/com.google.android.gms-yV8n72sT6SmfBriAQal-WA==/base.apk!/lib/arm64-v8a, permitted_path=/data:/mnt/expand:/data/user/0/com.google.android.gms
05-30 01:42:51.829  1212  1558 D skia    : [SkFontMgr Android Parser] /system/etc/fonts.xml:1570:4: warning: 'NDot55' alias target not found
05-30 01:42:51.829  1212  1558 D skia    : [SkFontMgr Android Parser] /system/etc/fonts.xml:1571:4: warning: 'NDot57' alias target not found
05-30 01:42:51.829  1212  1558 D skia    : [SkFontMgr Android Parser] /system/etc/fonts.xml:1572:4: warning: 'NDot57-Aligned' alias target not found
05-30 01:42:51.829  1212  1558 D skia    : [SkFontMgr Android Parser] /system/etc/fonts.xml:1581:4: warning: 'Lettera' alias target not found
05-30 01:42:51.829  1212  1558 D skia    : [SkFontMgr Android Parser] /system/etc/fonts.xml:1582:4: warning: 'Lettera' alias target not found
05-30 01:42:51.842  1454  1454 V NativeCrypto: Registering com/google/android/gms/org/conscrypt/NativeCrypto's 305 native methods...
05-30 01:42:51.880  1521  1521 W ziparchive: Unable to open '/data/app/~~TamxCVkvbS6NG_Qsub-AJA==/com.twitter.android-W2oc-narV98TZ24UShlzsQ==/split_config.arm64_v8a.dm': No such file or directory
05-30 01:42:51.881  1521  1521 W ziparchive: Unable to open '/data/app/~~TamxCVkvbS6NG_Qsub-AJA==/com.twitter.android-W2oc-narV98TZ24UShlzsQ==/split_config.arm64_v8a.dm': No such file or directory
05-30 01:42:51.881  1521  1521 W twitter.android: Entry not found
05-30 01:42:51.883  1521  1521 W ziparchive: Unable to open '/data/app/~~TamxCVkvbS6NG_Qsub-AJA==/com.twitter.android-W2oc-narV98TZ24UShlzsQ==/split_config.en.dm': No such file or directory
05-30 01:42:51.883  1521  1521 W ziparchive: Unable to open '/data/app/~~TamxCVkvbS6NG_Qsub-AJA==/com.twitter.android-W2oc-narV98TZ24UShlzsQ==/split_config.en.dm': No such file or directory
05-30 01:42:51.884  1521  1521 W twitter.android: Entry not found
05-30 01:42:51.889  1521  1521 W ziparchive: Unable to open '/data/app/~~TamxCVkvbS6NG_Qsub-AJA==/com.twitter.android-W2oc-narV98TZ24UShlzsQ==/split_config.xxhdpi.dm': No such file or directory
05-30 01:42:51.889  1521  1521 W ziparchive: Unable to open '/data/app/~~TamxCVkvbS6NG_Qsub-AJA==/com.twitter.android-W2oc-narV98TZ24UShlzsQ==/split_config.xxhdpi.dm': No such file or directory
05-30 01:42:51.891  1521  1521 W twitter.android: Entry not found
05-30 01:42:51.894  1454  1454 I ProviderInstaller: Installed default security provider GmsCore_OpenSSL
05-30 01:42:51.896  1521  1521 D nativeloader: Configuring clns-5 for other apk /data/app/~~TamxCVkvbS6NG_Qsub-AJA==/com.twitter.android-W2oc-narV98TZ24UShlzsQ==/base.apk:/data/app/~~TamxCVkvbS6NG_Qsub-AJA==/com.twitter.android-W2oc-narV98TZ24UShlzsQ==/split_config.arm64_v8a.apk:/data/app/~~TamxCVkvbS6NG_Qsub-AJA==/com.twitter.android-W2oc-narV98TZ24UShlzsQ==/split_config.en.apk:/data/app/~~TamxCVkvbS6NG_Qsub-AJA==/com.twitter.android-W2oc-narV98TZ24UShlzsQ==/split_config.xxhdpi.apk. target_sdk_version=33, uses_libraries=, library_path=/data/app/~~TamxCVkvbS6NG_Qsub-AJA==/com.twitter.android-W2oc-narV98TZ24UShlzsQ==/lib/arm64:/data/app/~~TamxCVkvbS6NG_Qsub-AJA==/com.twitter.android-W2oc-narV98TZ24UShlzsQ==/base.apk!/lib/arm64-v8a:/data/app/~~TamxCVkvbS6NG_Qsub-AJA==/com.twitter.android-W2oc-narV98TZ24UShlzsQ==/split_config.arm64_v8a.apk!/lib/arm64-v8a:/data/app/~~TamxCVkvbS6NG_Qsub-AJA==/com.twitter.android-W2oc-narV98TZ24UShlzsQ==/split_config.en.apk!/lib/arm64-v8a:/data/app/~~TamxCVkvbS6NG_Qsub-AJA==/com.twitter.android-W2oc-narV98TZ24UShlzsQ==/split_c
05-30 01:42:51.918 28952 29160 W GoogleApiManager: pom could not execute call because it requires feature (get_storage_info_api, 1).
05-30 01:42:51.924  1265  4183 E ANDR-PERF-LM: VmRssMeter:: start() 453: Could not find pid, can not collect vmrss data
05-30 01:42:51.925  1265  4184 E ANDR-PERF-LM: VmRssMeter:: start() 453: Could not find pid, can not collect vmrss data
05-30 01:42:51.925  1265  4184 E ANDR-PERF-LM: AdaptiveLaunch: writeToDataBase() 64: Meter aborted or could not get meter data for this run
05-30 01:42:51.925   623   623 D lowmemorykiller: medium pressure event polling check
05-30 01:42:51.926   623   623 D lowmemorykiller: nr_free_pages: 18256 nr_inactive_file: 538609 nr_active_file: 212248 workingset_refault: 1463347017 pgrefill: 833857781 pgscan_kswapd: 2463432116 pgscan_direct: 11793505 pgscan_direct_throttle: 0 init_pgscan_direct: 11793505 init_pgscan_kswapd: 2463424871 base_file_lru: 735261 init_ws_refault: 1463320566 free_swap: 664985 total_swap: 1048575 swap_free_percentage: 63%
05-30 01:42:51.926   623   623 D lowmemorykiller: thrashing: 3% thrashing_limit: 30%
05-30 01:42:51.926   623   623 E lowmemorykiller: calc_zone_watermarks pgskip_deltas_val: 0 pgskip_deltas[PGSKIP_IDX(i++)]: 0
05-30 01:42:51.926   623   623 D lowmemorykiller: Not killing for medium pressure event polling check
05-30 01:42:51.931 30651 26446 I NetworkScheduler.Stats: (REDACTED) Task %s/%s started execution. cause:%s exec_start_elapsed_seconds: %s
05-30 01:42:51.931  1454  1454 I BackgroundTaskManagerIm: Executing task PHENOTYPE_REGISTRATION.phenotype_registration with PARALLEL execution policy.
05-30 01:42:51.936  1521  1521 I Perf    : Connecting to perf service.
05-30 01:42:51.943 30651 31402 I NetworkScheduler.Stats: (REDACTED) Task %s/%s finished executing. cause:%s result: %s elapsed_millis: %s uptime_millis: %s exec_start_elapsed_seconds: %s
05-30 01:42:51.949  1327  1665 W TimedProcessReaper: Scheduling killing of process to refresh configuration
05-30 01:42:51.954  1405  1599 D TrafficStats: tagSocket(127) with statsTag=0xffffffff, statsUid=-1
05-30 01:42:51.959  1521  1521 V GraphicsEnvironment: Currently set values for:
05-30 01:42:51.959  1521  1521 V GraphicsEnvironment:   angle_gl_driver_selection_pkgs=[]
05-30 01:42:51.959  1521  1521 V GraphicsEnvironment:   angle_gl_driver_selection_values=[]
05-30 01:42:51.959  1521  1521 V GraphicsEnvironment: ANGLE GameManagerService for com.twitter.android: false
05-30 01:42:51.960  1521  1521 V GraphicsEnvironment: com.twitter.android is not listed in per-application setting
05-30 01:42:51.960  1521  1521 V GraphicsEnvironment: Updatable production driver is not supported on the device.
05-30 01:42:51.973  1454  1746 D CompatibilityChangeReporter: Compat change id reported: 183155436; UID 10181; state: ENABLED
05-30 01:42:51.999  1521  1521 D CompatibilityChangeReporter: Compat change id reported: 183155436; UID 10283; state: ENABLED
05-30 01:42:52.006 31259 31288 I MdiSyncModule: (REDACTED) Receiving API connection from package '%s'...
05-30 01:42:52.009  1454  1454 D WM-PackageManagerHelper: Skipping component enablement for androidx.work.impl.background.systemjob.SystemJobService
05-30 01:42:52.009  1454  1454 D WM-Schedulers: Created SystemJobScheduler and enabled SystemJobService
05-30 01:42:52.009 31259 31288 I MdiSyncModule: API connection successful!
05-30 01:42:52.010  1521  1521 I FirebaseApp: Device unlocked: initializing all Firebase APIs for app [DEFAULT]
05-30 01:42:52.016 31259 17315 I MdiSyncModule: (REDACTED) Receiving API connection from package '%s'...
05-30 01:42:52.023 31259 17315 I MdiSyncModule: API connection successful!
05-30 01:42:52.026   623   623 D lowmemorykiller: medium pressure event polling check
05-30 01:42:52.027   623   623 D lowmemorykiller: nr_free_pages: 18561 nr_inactive_file: 539379 nr_active_file: 212948 workingset_refault: 1463347787 pgrefill: 833857781 pgscan_kswapd: 2463432116 pgscan_direct: 11793505 pgscan_direct_throttle: 0 init_pgscan_direct: 11793505 init_pgscan_kswapd: 2463432116 base_file_lru: 735261 init_ws_refault: 1463320566 free_swap: 664985 total_swap: 1048575 swap_free_percentage: 63%
05-30 01:42:52.027   623   623 D lowmemorykiller: thrashing: 3% thrashing_limit: 30%
05-30 01:42:52.027   623   623 E lowmemorykiller: calc_zone_watermarks pgskip_deltas_val: 0 pgskip_deltas[PGSKIP_IDX(i++)]: 0
05-30 01:42:52.027   623   623 D lowmemorykiller: Not killing for medium pressure event polling check
05-30 01:42:52.033  1454  1454 I FirebaseApp: Device unlocked: initializing all Firebase APIs for app [DEFAULT]
05-30 01:42:52.036 31259 31288 I MdiSyncModule: (REDACTED) Receiving API connection from package '%s'...
05-30 01:42:52.043  1454  1454 I BaseWalletApplication: Successfully initialized Firebase App
05-30 01:42:52.045 31259 31288 I MdiSyncModule: API connection successful!
05-30 01:42:52.048  1454  1746 I BackgroundTaskManagerIm: Executing task ACCOUNT_FRESHENER.freshen with SEQUENTIAL execution policy.
05-30 01:42:52.053  1454  1880 I DynamiteModule: Considering local module com.google.android.gms.measurement.dynamite:113 and remote module com.google.android.gms.measurement.dynamite:114
05-30 01:42:52.053  1454  1880 I DynamiteModule: Selected remote version of com.google.android.gms.measurement.dynamite, version >= 114
05-30 01:42:52.053  1454  1880 V DynamiteModule: Dynamite loader version >= 2, using loadModule2NoCrashUtils
05-30 01:42:52.057  1454  1800 D CompatibilityChangeReporter: Compat change id reported: 160794467; UID 10181; state: ENABLED
05-30 01:42:52.060  1454  1880 W System  : ClassLoader referenced unknown path:
05-30 01:42:52.061  1454  1880 D nativeloader: Configuring clns-9 for other apk . target_sdk_version=34, uses_libraries=, library_path=/data/app/~~IP5W9D4ed-szvQPFRcC0nQ==/com.google.android.gms-yV8n72sT6SmfBriAQal-WA==/lib/arm64:/data/app/~~IP5W9D4ed-szvQPFRcC0nQ==/com.google.android.gms-yV8n72sT6SmfBriAQal-WA==/base.apk!/lib/arm64-v8a, permitted_path=/data:/mnt/expand:/data/user/0/com.google.android.gms
05-30 01:42:52.068  1454  1880 W ps.walletnfcrel: ClassLoaderContext classpath size mismatch. expected=12, found=3 (DLC[];PCL[base.apk*1604905382:base.apk!classes2.dex*682570207:base.apk!classes3.dex*2527590523:base.apk!classes4.dex*1458516695:base.apk!classes5.dex*1143851140:base.apk!classes6.dex*4198141943:base.apk!classes7.dex*860192315:base.apk!classes8.dex*2496212096:base.apk!classes9.dex*310507253:base.apk!classes10.dex*3513933353:base.apk!classes11.dex*2980000734:base.apk!classes12.dex*734305995]{PCL[/system/framework/org.apache.http.legacy.jar*365604908]#PCL[/system/framework/com.android.media.remotedisplay.jar*2114713713]#PCL[/system/framework/com.android.location.provider.jar*3994156536]#PCL[/system/framework/org.apache.http.legacy.jar*365604908]} | DLC[];PCL[/data/app/~~m-z4UGxoRPUS2Q-fjYgChg==/com.google.android.apps.walletnfcrel-9MWvW4ZL8cryj7FqqwsQ7w==/base.apk*573956237:/data/app/~~m-z4UGxoRPUS2Q-fjYgChg==/com.google.android.apps.walletnfcrel-9MWvW4ZL8cryj7FqqwsQ7w==/base.apk!classes2.dex*2748177278:/data/app/~~m-z4UGxoRPUS2Q-fjYgChg==/com.google.android.apps.walletnfcrel-9MWvW4ZL8cryj7FqqwsQ7w==/base.apk!classes3.dex*4178109535]{PCL[/system/framework/org.apache.http.legacy.jar*365604908]})
05-30 01:42:52.074  1454  1454 I GnpSdk  : Intent received for action [android.accounts.LOGIN_ACCOUNTS_CHANGED] package [com.google.android.apps.walletnfcrel].
05-30 01:42:52.074  1454  1454 I GnpSdk  : Phenotype initialized.
05-30 01:42:52.078  1454  1454 I GnpSdk  : Validation OK for action [android.accounts.LOGIN_ACCOUNTS_CHANGED].
05-30 01:42:52.082  1454  1898 D CompatibilityChangeReporter: Compat change id reported: 194532703; UID 10181; state: ENABLED
05-30 01:42:52.082  1454  1898 D CompatibilityChangeReporter: Compat change id reported: 253665015; UID 10181; state: ENABLED
05-30 01:42:52.084  1521  1885 I DynamiteModule: Considering local module com.google.android.gms.measurement.dynamite:92 and remote module com.google.android.gms.measurement.dynamite:114
05-30 01:42:52.084  1521  1885 I DynamiteModule: Selected remote version of com.google.android.gms.measurement.dynamite, version >= 114
05-30 01:42:52.084  1521  1885 V DynamiteModule: Dynamite loader version >= 2, using loadModule2NoCrashUtils
05-30 01:42:52.085 31259 17315 I MdiSyncModule: (REDACTED) Receiving API connection from package '%s'...
05-30 01:42:52.086  1454  1914 I GnpSdk  : Started Broadcast execution [1].
05-30 01:42:52.090  1521  1521 I FirebaseCrashlytics: Initializing Firebase Crashlytics 18.4.3 for com.twitter.android
05-30 01:42:52.092  1454  1914 I GnpSdk  : Executing action in BroadcastReceiver [android.accounts.LOGIN_ACCOUNTS_CHANGED].
05-30 01:42:52.099  1521  1521 D FirebaseSessions: Registering Sessions SDK subscriber with name: CRASHLYTICS, data collection enabled: true
05-30 01:42:52.101  1521  1885 W System  : ClassLoader referenced unknown path:
05-30 01:42:52.101  1521  1885 D nativeloader: Configuring clns-6 for other apk . target_sdk_version=34, uses_libraries=, library_path=/data/app/~~IP5W9D4ed-szvQPFRcC0nQ==/com.google.android.gms-yV8n72sT6SmfBriAQal-WA==/lib/arm64:/data/app/~~IP5W9D4ed-szvQPFRcC0nQ==/com.google.android.gms-yV8n72sT6SmfBriAQal-WA==/base.apk!/lib/arm64-v8a, permitted_path=/data:/mnt/expand:/data/user/0/com.google.android.gms
05-30 01:42:52.111 31259 17315 I MdiSyncModule: API connection successful!
05-30 01:42:52.112 31259 31288 I MdiSyncModule: (REDACTED) Receiving API connection from package '%s'...
05-30 01:42:52.116  1521  1885 W twitter.android: ClassLoaderContext classpath size mismatch. expected=12, found=8 (DLC[];PCL[base.apk*1604905382:base.apk!classes2.dex*682570207:base.apk!classes3.dex*2527590523:base.apk!classes4.dex*1458516695:base.apk!classes5.dex*1143851140:base.apk!classes6.dex*4198141943:base.apk!classes7.dex*860192315:base.apk!classes8.dex*2496212096:base.apk!classes9.dex*310507253:base.apk!classes10.dex*3513933353:base.apk!classes11.dex*2980000734:base.apk!classes12.dex*734305995]{PCL[/system/framework/org.apache.http.legacy.jar*365604908]#PCL[/system/framework/com.android.media.remotedisplay.jar*2114713713]#PCL[/system/framework/com.android.location.provider.jar*3994156536]#PCL[/system/framework/org.apache.http.legacy.jar*365604908]} | DLC[];PCL[/data/app/~~TamxCVkvbS6NG_Qsub-AJA==/com.twitter.android-W2oc-narV98TZ24UShlzsQ==/base.apk*180748936:/data/app/~~TamxCVkvbS6NG_Qsub-AJA==/com.twitter.android-W2oc-narV98TZ24UShlzsQ==/base.apk!classes2.dex*297107893:/data/app/~~TamxCVkvbS6NG_Qsub-AJA==/com.twitter.android-W2oc-narV98TZ24UShlzsQ==/base.apk!classes3.dex*1693970165:/data/app/~~TamxCVkvbS6NG_Qsub-AJA==/com.twitter.android-W2oc-narV98TZ24UShlzsQ==/base.apk!classes4.dex*2917719979:/data/app/~~TamxCVkvbS6NG_Qsub-AJA==/com.twitter.android-W2oc-narV98TZ24UShlzsQ==/base.apk!classes5.dex*1500411670:/data/app/~~TamxCVkvbS6NG_Qsub-AJA==/com.twitter.android-W2oc-narV98TZ24UShlzsQ==/base.apk!classes6.dex*1528796634:/data/app/~~TamxCVkvbS6NG_Qsub-AJA==/com.twitter.android-W2oc-narV98TZ24UShlzsQ==/base.apk!classes7.dex*3325142206:/data/app/~~TamxCVkvbS6NG_Qsub-AJA==/com.twitter.android-W2oc-narV98TZ24UShlzsQ==/base.apk!classes8.dex*2692534140]{PCL[/system/framework/org.apache.http.legacy.jar*365604908]})
05-30 01:42:52.122 31259 31288 I MdiSyncModule: API connection successful!
05-30 01:42:52.124   623   623 D lowmemorykiller: medium pressure event polling check
05-30 01:42:52.124   623   623 D lowmemorykiller: nr_free_pages: 19724 nr_inactive_file: 536344 nr_active_file: 213370 workingset_refault: 1463348093 pgrefill: 833859552 pgscan_kswapd: 2463437451 pgscan_direct: 11793505 pgscan_direct_throttle: 0 init_pgscan_direct: 11793505 init_pgscan_kswapd: 2463432116 base_file_lru: 735261 init_ws_refault: 1463320566 free_swap: 664985 total_swap: 1048575 swap_free_percentage: 63%
